#------------------------------------------------------------------------------
# irace: An implementation in R of (Elitist) Iterated Racing
# Version: 4.4.3.dd8d85f
# Copyright (C) 2010-2025
# Manuel Lopez-Ibanez     <manuel.lopez-ibanez@manchester.ac.uk>
# Jeremie Dubois-Lacoste
# Leslie Perez Caceres    <leslie.perez.caceres@ulb.ac.be>
#
# This is free software, and you are welcome to redistribute it under certain
# conditions.  See the GNU General Public License for details. There is NO
# WARRANTY; not even for MERCHANTABILITY or FITNESS FOR A PARTICULAR PURPOSE.
#
# irace builds upon previous code from the race package:
#     race: Racing methods for the selection of the best
#     Copyright (C) 2003 Mauro Birattari
#------------------------------------------------------------------------------
# installed at: /usr/local/lib/R/site-library/irace
# called with: --scenario ihs-scenario.txt
# 2026-08-20 22:11:19 UTC: Reading parameter file '/home/lelescavacini/mofjssp_irace/irace/ihs-parameters.txt'.
# 2026-08-20 22:11:19 UTC: 2 expression(s) specifying forbidden configurations read.
# 2026-08-20 22:11:19 UTC: Initialization
# Elitist race
# Elitist new instances: 1
# Elitist limit: 2
# nbIterations: 4
# minNbSurvival: 4
# nbParameters: 6
# seed: 1566485019
# confidence level: 0.95
# budget: 2500
# mu: 5
# deterministic: FALSE

# 2026-08-20 22:11:19 UTC: Iteration 1 of 4
# experimentsUsed: 0
# remainingBudget: 2500
# currentBudget: 625
# nbConfigurations: 104
# Markers:
     x No test is performed.
     c Configurations are discarded only due to capping.
     - The test is performed and some configurations are discarded.
     = The test is performed but no configuration is discarded.
     ! The test is performed and configurations could be discarded but elite configurations are preserved.
     . Alive configurations were already evaluated on this instance and nothing is discarded.
     : All alive configurations are elite, but some need to be evaluated on this instance.

+-+-----------+-----------+-----------+----------------+-----------+--------+-----+----+------+
| |   Instance|      Alive|       Best|       Mean best| Exp so far|  W time|  rho|KenW|  Qvar|
+-+-----------+-----------+-----------+----------------+-----------+--------+-----+----+------+
|x|          1|         79|         14|-1.175060000e+13|         79|06:35:03|   NA|  NA|    NA|
|x|          2|         79|         53|-6.105558000e+12|        158|06:35:03|+0.93|0.97|0.0936|
|x|          3|         79|         53|-4.081416400e+12|        237|06:35:03|+0.95|0.96|0.0932|
|x|          4|         79|         53|-5.039760623e+14|        316|06:35:04|+0.94|0.96|0.0828|
|-|          5|          6|         53|-4.169387298e+14|        395|06:35:03|+0.69|0.75|0.2087|
|-|          6|          2|         53|-3.587231582e+14|        401|00:30:00|-0.07|0.11|0.5333|
+-+-----------+-----------+-----------+----------------+-----------+--------+-----+----+------+
Best-so-far configuration:          53    mean value: -3.587231582e+14
Description of the best-so-far configuration:
   .ID. population_size_factor    phmcr ppar_min ppar_max   bw_min   bw_max .PARENT.
53   53                    124 0.937196 0.490121 0.701614 0.069319 0.101393       NA

# 2026-08-22 07:36:39 UTC: Elite configurations (first number is the configuration ID; listed from best to worst according to the sum of ranks):
   population_size_factor    phmcr ppar_min ppar_max   bw_min   bw_max
53                    124 0.937196 0.490121 0.701614 0.069319 0.101393
14                     30 0.810868 0.333168 0.864309 0.003577 0.350221
# 2026-08-22 07:36:39 UTC: Iteration 2 of 4
# experimentsUsed: 401
# remainingBudget: 2099
# currentBudget: 699
# nbConfigurations: 101
# Markers:
     x No test is performed.
     c Configurations are discarded only due to capping.
     - The test is performed and some configurations are discarded.
     = The test is performed but no configuration is discarded.
     ! The test is performed and configurations could be discarded but elite configurations are preserved.
     . Alive configurations were already evaluated on this instance and nothing is discarded.
     : All alive configurations are elite, but some need to be evaluated on this instance.

+-+-----------+-----------+-----------+----------------+-----------+--------+-----+----+------+
| |   Instance|      Alive|       Best|       Mean best| Exp so far|  W time|  rho|KenW|  Qvar|
+-+-----------+-----------+-----------+----------------+-----------+--------+-----+----+------+
|x|          7|        101|        163|-2.135970000e+15|        101|08:25:04|   NA|  NA|    NA|
|x|          6|        101|        163|-1.103863800e+15|        200|08:15:04|+0.98|0.99|0.0249|
|x|          3|        101|        163|-7.359203986e+14|        299|08:15:04|+0.98|0.98|0.0699|
|x|          5|        101|        163|-5.698620240e+14|        398|08:15:04|+0.98|0.98|0.0559|
|-|          2|          8|        111|-4.545692328e+14|        497|08:15:04|+0.77|0.82|0.1928|
|-|          4|          4|        111|-7.321126940e+14|        503|00:30:00|+0.83|0.86|0.0604|
+-+-----------+-----------+-----------+----------------+-----------+--------+-----+----+------+
Best configuration for the instances in this race: 111
Best-so-far configuration:          53    mean value: -5.901812785e+14
Description of the best-so-far configuration:
   .ID. population_size_factor    phmcr ppar_min ppar_max   bw_min   bw_max .PARENT.
53   53                    124 0.937196 0.490121 0.701614 0.069319 0.101393       NA

# 2026-08-24 01:32:04 UTC: Elite configurations (first number is the configuration ID; listed from best to worst according to the sum of ranks):
    population_size_factor    phmcr ppar_min ppar_max   bw_min   bw_max
53                     124 0.937196 0.490121 0.701614 0.069319 0.101393
14                      30 0.810868 0.333168 0.864309 0.003577 0.350221
163                     26 0.953208 0.279587 0.906085 0.003887 0.344688
111                     38 0.962499 0.121269 0.734324 0.021206 0.242155
# 2026-08-24 01:32:04 UTC: Iteration 3 of 4
# experimentsUsed: 904
# remainingBudget: 1596
# currentBudget: 798
# nbConfigurations: 103
# Markers:
     x No test is performed.
     c Configurations are discarded only due to capping.
     - The test is performed and some configurations are discarded.
     = The test is performed but no configuration is discarded.
     ! The test is performed and configurations could be discarded but elite configurations are preserved.
     . Alive configurations were already evaluated on this instance and nothing is discarded.
     : All alive configurations are elite, but some need to be evaluated on this instance.

+-+-----------+-----------+-----------+----------------+-----------+--------+-----+----+------+
| |   Instance|      Alive|       Best|       Mean best| Exp so far|  W time|  rho|KenW|  Qvar|
+-+-----------+-----------+-----------+----------------+-----------+--------+-----+----+------+
|x|          8|        103|        163|-5.815380000e+11|        103|08:35:04|   NA|  NA|    NA|
|x|          3|        103|        246|-3.060016500e+11|        202|08:15:04|+0.85|0.93|0.1313|
|x|          4|        103|        246|-7.058873344e+14|        301|08:15:05|+0.87|0.92|0.1201|
|x|          5|        103|        188|-5.571952749e+14|        400|08:15:04|+0.88|0.91|0.1114|
|-|          6|         14|        188|-4.601147799e+14|        499|08:15:04|+0.73|0.79|0.2048|
|-|          2|          7|        188|-3.835246858e+14|        509|00:50:00|+0.62|0.68|0.1004|
|-|          7|          5|        188|-6.380211592e+14|        512|00:15:00|+0.77|0.80|0.0729|
|-|          1|          3|        188|-5.598470393e+14|        515|00:15:00|+0.07|0.19|0.6079|
+-+-----------+-----------+-----------+----------------+-----------+--------+-----+----+------+
Best-so-far configuration:         188    mean value: -5.598470393e+14
Description of the best-so-far configuration:
    .ID. population_size_factor    phmcr ppar_min ppar_max   bw_min   bw_max .PARENT.
188  188                     32 0.985649 0.188014 0.896199 0.017638 0.227442      163

# 2026-08-25 20:27:29 UTC: Elite configurations (first number is the configuration ID; listed from best to worst according to the sum of ranks):
    population_size_factor    phmcr ppar_min ppar_max   bw_min   bw_max
188                     32 0.985649 0.188014 0.896199 0.017638 0.227442
163                     26 0.953208 0.279587 0.906085 0.003887 0.344688
246                     34 0.960463 0.289444 0.851549 0.022320 0.466753
# 2026-08-25 20:27:29 UTC: Iteration 4 of 4
# experimentsUsed: 1419
# remainingBudget: 1081
# currentBudget: 1081
# nbConfigurations: 122
# Markers:
     x No test is performed.
     c Configurations are discarded only due to capping.
     - The test is performed and some configurations are discarded.
     = The test is performed but no configuration is discarded.
     ! The test is performed and configurations could be discarded but elite configurations are preserved.
     . Alive configurations were already evaluated on this instance and nothing is discarded.
     : All alive configurations are elite, but some need to be evaluated on this instance.

+-+-----------+-----------+-----------+----------------+-----------+--------+-----+----+------+
| |   Instance|      Alive|       Best|       Mean best| Exp so far|  W time|  rho|KenW|  Qvar|
+-+-----------+-----------+-----------+----------------+-----------+--------+-----+----+------+
|x|          9|        122|        361|-1.270470000e+13|        122|10:10:05|   NA|  NA|    NA|
|x|          2|        122|        312|-6.607282500e+12|        241|09:55:05|+0.33|0.66|0.7113|
|x|          6|        122|        312|-2.847038833e+13|        360|09:55:05|+0.52|0.68|0.4895|
|x|          4|        122|        312|-5.592477912e+14|        479|09:55:06|+0.63|0.72|0.4015|
|-|          7|         28|        360|-8.855348534e+14|        598|09:55:06|+0.26|0.41|0.7223|
|-|          1|         13|        360|-7.400433112e+14|        623|02:05:01|+0.18|0.32|0.7192|
|-|          5|         11|        361|-6.433886567e+14|        633|00:50:00|+0.26|0.37|0.6324|
|!|          3|         11|        361|-5.629693004e+14|        641|00:40:00|+0.19|0.29|0.7030|
|=|          8|         11|        360|-5.014525833e+14|        649|00:40:00|+0.06|0.17|0.8253|
|=|         10|         11|        360|-4.513107058e+14|        660|00:55:00|+0.06|0.15|0.8271|
+-+-----------+-----------+-----------+----------------+-----------+--------+-----+----+------+
Best-so-far configuration:         360    mean value: -4.513107058e+14
Description of the best-so-far configuration:
    .ID. population_size_factor    phmcr ppar_min ppar_max   bw_min   bw_max .PARENT.
360  360                     30 0.982611 0.250802  0.93366 0.002081 0.274339      188

# 2026-08-28 03:28:02 UTC: Elite configurations (first number is the configuration ID; listed from best to worst according to the sum of ranks):
    population_size_factor    phmcr ppar_min ppar_max   bw_min   bw_max
360                     30 0.982611 0.250802 0.933660 0.002081 0.274339
361                     31 0.988553 0.260194 0.886462 0.008572 0.280420
377                     25 0.981284 0.233042 0.949638 0.015907 0.360493
342                     30 0.968634 0.196995 0.883772 0.001618 0.152751
# 2026-08-28 03:28:02 UTC: Iteration 5 of 5
# experimentsUsed: 2079
# remainingBudget: 421
# currentBudget: 421
# nbConfigurations: 41
# Markers:
     x No test is performed.
     c Configurations are discarded only due to capping.
     - The test is performed and some configurations are discarded.
     = The test is performed but no configuration is discarded.
     ! The test is performed and configurations could be discarded but elite configurations are preserved.
     . Alive configurations were already evaluated on this instance and nothing is discarded.
     : All alive configurations are elite, but some need to be evaluated on this instance.

+-+-----------+-----------+-----------+----------------+-----------+--------+-----+----+------+
| |   Instance|      Alive|       Best|       Mean best| Exp so far|  W time|  rho|KenW|  Qvar|
+-+-----------+-----------+-----------+----------------+-----------+--------+-----+----+------+
|x|         11|         41|        418|-3.393450000e+10|         41|03:25:01|   NA|  NA|    NA|
|x|          7|         41|        417|-1.080201956e+15|         78|03:05:01|+0.22|0.61|0.6920|
|x|          1|         41|        417|-7.243475040e+14|        115|03:05:02|+0.46|0.64|0.4898|
|x|          5|         41|        361|-5.629910762e+14|        152|03:05:01|+0.55|0.67|0.3991|
|-|          9|         12|        361|-4.529338010e+14|        189|03:05:01|+0.13|0.30|0.8172|
|=|          2|         12|        361|-3.775391170e+14|        197|00:40:00|+0.05|0.21|0.8759|
|=|          8|         12|        417|-3.226781916e+14|        205|00:40:00|+0.01|0.15|0.9195|
|=|          3|         12|        361|-2.832297096e+14|        213|00:40:00|-0.04|0.09|0.9357|
|=|          4|         12|        361|-4.924564085e+14|        221|00:40:00|+0.02|0.13|0.8783|
|=|         10|         12|        361|-4.432141634e+14|        229|00:40:00|+0.02|0.12|0.8761|
|=|          6|         12|        361|-4.094901121e+14|        237|00:40:00|+0.06|0.15|0.8316|
|=|         12|         12|        361|-3.754138778e+14|        249|01:00:00|+0.06|0.14|0.8335|
+-+-----------+-----------+-----------+----------------+-----------+--------+-----+----+------+
Best-so-far configuration:         361    mean value: -3.754138778e+14
Description of the best-so-far configuration:
    .ID. population_size_factor    phmcr ppar_min ppar_max   bw_min  bw_max .PARENT.
361  361                     31 0.988553 0.260194 0.886462 0.008572 0.28042      188

# 2026-08-29 00:13:15 UTC: Elite configurations (first number is the configuration ID; listed from best to worst according to the sum of ranks):
    population_size_factor    phmcr ppar_min ppar_max   bw_min   bw_max
361                     31 0.988553 0.260194 0.886462 0.008572 0.280420
360                     30 0.982611 0.250802 0.933660 0.002081 0.274339
417                     26 0.972318 0.255312 0.890123 0.000452 0.252475
377                     25 0.981284 0.233042 0.949638 0.015907 0.360493
# 2026-08-29 00:13:15 UTC: Iteration 6 of 6
# experimentsUsed: 2328
# remainingBudget: 172
# currentBudget: 172
# nbConfigurations: 16
# Markers:
     x No test is performed.
     c Configurations are discarded only due to capping.
     - The test is performed and some configurations are discarded.
     = The test is performed but no configuration is discarded.
     ! The test is performed and configurations could be discarded but elite configurations are preserved.
     . Alive configurations were already evaluated on this instance and nothing is discarded.
     : All alive configurations are elite, but some need to be evaluated on this instance.

+-+-----------+-----------+-----------+----------------+-----------+--------+-----+----+------+
| |   Instance|      Alive|       Best|       Mean best| Exp so far|  W time|  rho|KenW|  Qvar|
+-+-----------+-----------+-----------+----------------+-----------+--------+-----+----+------+
|x|         13|         16|        360|-1.271880000e+13|         16|01:20:00|   NA|  NA|    NA|
|x|          7|         16|        360|-1.092479400e+15|         28|01:00:00|+0.72|0.86|0.2850|
|x|          9|         16|        360|-7.325543000e+14|         40|01:00:00|+0.80|0.87|0.2520|
|x|          5|         16|        360|-5.674663250e+14|         52|01:00:00|+0.77|0.83|0.2380|
|-|          1|          7|        361|-4.554439200e+14|         64|01:00:00|+0.02|0.21|0.8605|
|=|         10|          7|        361|-3.795422594e+14|         67|00:15:00|+0.15|0.29|0.7614|
|=|          8|          7|        360|-3.261517151e+14|         70|00:15:00|+0.09|0.22|0.8054|
|=|          4|          7|        360|-5.566377507e+14|         73|00:15:00|+0.16|0.26|0.7499|
|-|          6|          6|        360|-5.028020673e+14|         76|00:15:00|+0.09|0.19|0.7765|
|=|          2|          6|        360|-4.525792172e+14|         78|00:10:00|+0.09|0.18|0.7875|
|=|          3|          6|        360|-4.114387144e+14|         80|00:10:00|+0.06|0.15|0.8018|
|=|         12|          6|        360|-3.771995714e+14|         82|00:10:00|+0.06|0.14|0.7998|
|=|         11|          6|        361|-3.475039103e+14|         84|00:10:00|+0.03|0.10|0.8241|
|=|         14|          6|        361|-4.786114881e+14|         90|00:30:00|+0.05|0.11|0.8031|
+-+-----------+-----------+-----------+----------------+-----------+--------+-----+----+------+
Best-so-far configuration:         361    mean value: -4.786114881e+14
Description of the best-so-far configuration:
    .ID. population_size_factor    phmcr ppar_min ppar_max   bw_min  bw_max .PARENT.
361  361                     31 0.988553 0.260194 0.886462 0.008572 0.28042      188

# 2026-08-29 07:43:20 UTC: Elite configurations (first number is the configuration ID; listed from best to worst according to the sum of ranks):
    population_size_factor    phmcr ppar_min ppar_max   bw_min   bw_max
361                     31 0.988553 0.260194 0.886462 0.008572 0.280420
360                     30 0.982611 0.250802 0.933660 0.002081 0.274339
445                     31 0.975418 0.251162 0.876652 0.004532 0.249470
443                     29 0.978520 0.263634 0.882609 0.006997 0.294771
# 2026-08-29 07:43:20 UTC: Iteration 7 of 7
# experimentsUsed: 2418
# remainingBudget: 82
# currentBudget: 82
# nbConfigurations: 9
# Markers:
     x No test is performed.
     c Configurations are discarded only due to capping.
     - The test is performed and some configurations are discarded.
     = The test is performed but no configuration is discarded.
     ! The test is performed and configurations could be discarded but elite configurations are preserved.
     . Alive configurations were already evaluated on this instance and nothing is discarded.
     : All alive configurations are elite, but some need to be evaluated on this instance.

+-+-----------+-----------+-----------+----------------+-----------+--------+-----+----+------+
| |   Instance|      Alive|       Best|       Mean best| Exp so far|  W time|  rho|KenW|  Qvar|
+-+-----------+-----------+-----------+----------------+-----------+--------+-----+----+------+
|x|         15|          9|        447|-7.241940000e+13|          9|00:45:00|   NA|  NA|    NA|
|x|          4|          9|        447|-1.124394700e+15|         14|00:25:00|+0.10|0.55|0.6978|
|x|          1|          9|        445|-7.508464000e+14|         19|00:25:00|+0.12|0.41|0.7609|
|x|         11|          9|        361|-5.628069012e+14|         24|00:25:00|+0.10|0.33|0.8234|
|=|         13|          9|        445|-4.530538567e+14|         29|00:25:00|+0.16|0.33|0.7840|
|=|          8|          9|        445|-3.776404847e+14|         34|00:25:00|+0.17|0.31|0.7967|
|-|          9|          6|        445|-3.255104869e+14|         39|00:25:00|-0.12|0.04|0.9058|
|=|          6|          6|        445|-2.938199510e+14|         41|00:10:00|-0.11|0.03|0.9101|
|=|         14|          6|        446|-5.055019458e+14|         43|00:10:00|-0.08|0.04|0.8840|
|=|          3|          6|        446|-4.549551356e+14|         45|00:10:00|-0.07|0.04|0.8863|
|=|          5|          6|        446|-4.201484688e+14|         47|00:10:00|-0.05|0.05|0.8772|
|=|         10|          6|        361|-3.837180030e+14|         49|00:10:00|-0.03|0.06|0.8555|
|=|          7|          6|        361|-5.208912336e+14|         51|00:10:00|-0.04|0.04|0.8615|
|=|         12|          6|        361|-4.837258098e+14|         53|00:10:00|-0.04|0.03|0.8530|
|=|          2|          6|        446|-4.526871588e+14|         55|00:10:00|-0.04|0.03|0.8593|
|=|         16|          6|        446|-5.606023363e+14|         61|00:30:00|-0.03|0.03|0.8515|
+-+-----------+-----------+-----------+----------------+-----------+--------+-----+----+------+
Best-so-far configuration:         446    mean value: -5.606023363e+14
Description of the best-so-far configuration:
    .ID. population_size_factor   phmcr ppar_min ppar_max   bw_min   bw_max .PARENT.
446  446                     32 0.98931 0.248173 0.871622 0.007596 0.263619      445

# 2026-08-29 12:48:23 UTC: Elite configurations (first number is the configuration ID; listed from best to worst according to the sum of ranks):
    population_size_factor    phmcr ppar_min ppar_max   bw_min   bw_max
446                     32 0.989310 0.248173 0.871622 0.007596 0.263619
361                     31 0.988553 0.260194 0.886462 0.008572 0.280420
360                     30 0.982611 0.250802 0.933660 0.002081 0.274339
445                     31 0.975418 0.251162 0.876652 0.004532 0.249470
# 2026-08-29 12:48:23 UTC: Iteration 8 of 8
# experimentsUsed: 2479
# remainingBudget: 21
# currentBudget: 21
# nbConfigurations: 5
# Markers:
     x No test is performed.
     c Configurations are discarded only due to capping.
     - The test is performed and some configurations are discarded.
     = The test is performed but no configuration is discarded.
     ! The test is performed and configurations could be discarded but elite configurations are preserved.
     . Alive configurations were already evaluated on this instance and nothing is discarded.
     : All alive configurations are elite, but some need to be evaluated on this instance.

+-+-----------+-----------+-----------+----------------+-----------+--------+-----+----+------+
| |   Instance|      Alive|       Best|       Mean best| Exp so far|  W time|  rho|KenW|  Qvar|
+-+-----------+-----------+-----------+----------------+-----------+--------+-----+----+------+
|x|         17|          5|        360|-3.377940000e+10|          5|00:25:00|   NA|  NA|    NA|
|x|          9|          5|        446|-6.387116900e+12|          6|00:05:00|-0.50|0.25|1.2638|
|x|         12|          5|        446|-4.448323267e+12|          7|00:05:00|-0.27|0.16|1.0669|
|x|         10|          5|        445|-3.343519325e+12|          8|00:05:00|-0.22|0.09|0.8908|
|=|         16|          5|        446|-4.385417300e+14|          9|00:05:00|-0.09|0.13|0.7768|
|=|          6|          5|        446|-3.774901417e+14|         10|00:05:00|+0.03|0.19|0.6912|
|=|          4|          5|        446|-6.354829786e+14|         11|00:05:00|+0.10|0.23|0.6303|
|=|          8|          5|        446|-5.561196666e+14|         12|00:05:00|+0.05|0.17|0.7241|
|=|         13|          5|        360|-4.941703760e+14|         13|00:05:00|+0.10|0.20|0.6957|
|=|         15|          5|        360|-4.519488784e+14|         14|00:05:00|+0.08|0.17|0.6937|
|=|         14|          5|        360|-6.087007985e+14|         15|00:05:00|+0.11|0.19|0.6577|
|=|         11|          5|        446|-5.597378385e+14|         16|00:05:00|+0.05|0.13|0.7135|
|=|          2|          5|        360|-5.151012225e+14|         17|00:05:00|+0.02|0.09|0.7339|
|=|          3|          5|        446|-4.798184082e+14|         18|00:05:00|+0.03|0.10|0.7349|
|=|          1|          5|        446|-4.486726144e+14|         19|00:05:00|+0.05|0.11|0.7193|
|=|          7|          5|        446|-5.560993260e+14|         20|00:05:00|+0.07|0.13|0.6940|
|-|          5|          4|        446|-5.276277068e+14|         21|00:05:00|-0.04|0.02|0.7814|
+-+-----------+-----------+-----------+----------------+-----------+--------+-----+----+------+
Best-so-far configuration:         446    mean value: -5.276277068e+14
Description of the best-so-far configuration:
    .ID. population_size_factor   phmcr ppar_min ppar_max   bw_min   bw_max .PARENT.
446  446                     32 0.98931 0.248173 0.871622 0.007596 0.263619      445

# 2026-08-29 14:33:25 UTC: Elite configurations (first number is the configuration ID; listed from best to worst according to the sum of ranks):
    population_size_factor    phmcr ppar_min ppar_max   bw_min   bw_max
446                     32 0.989310 0.248173 0.871622 0.007596 0.263619
361                     31 0.988553 0.260194 0.886462 0.008572 0.280420
360                     30 0.982611 0.250802 0.933660 0.002081 0.274339
445                     31 0.975418 0.251162 0.876652 0.004532 0.249470
# 2026-08-29 14:33:25 UTC: Stopped because budget is exhausted
# Iteration: 9
# nbIterations: 8
# experimentsUsed: 2500
# timeUsed: 0
# remainingBudget: 0
# currentBudget: 21
# number of elites: 4
# nbConfigurations: 5
# Total CPU user time: 715096.7, CPU sys time: 35011.28, Wall-clock time: 750125.6
# Best configurations (first number is the configuration ID; listed from best to worst according to the sum of ranks):
    population_size_factor    phmcr ppar_min ppar_max   bw_min   bw_max
446                     32 0.989310 0.248173 0.871622 0.007596 0.263619
361                     31 0.988553 0.260194 0.886462 0.008572 0.280420
360                     30 0.982611 0.250802 0.933660 0.002081 0.274339
445                     31 0.975418 0.251162 0.876652 0.004532 0.249470
# Best configurations as commandlines (first number is the configuration ID; listed from best to worst according to the sum of ranks):
446 --population-size-factor 32 --phmcr 0.98931 --ppar-min 0.248173 --ppar-max 0.871622 --bw-min 0.007596 --bw-max 0.263619
361 --population-size-factor 31 --phmcr 0.988553 --ppar-min 0.260194 --ppar-max 0.886462 --bw-min 0.008572 --bw-max 0.28042
360 --population-size-factor 30 --phmcr 0.982611 --ppar-min 0.250802 --ppar-max 0.93366 --bw-min 0.002081 --bw-max 0.274339
445 --population-size-factor 31 --phmcr 0.975418 --ppar-min 0.251162 --ppar-max 0.876652 --bw-min 0.004532 --bw-max 0.24947


# Testing of elite configurations: 1 
# Testing iteration configurations: FALSE 
# 2026-08-29 14:33:25 UTC: No test instances, skip testing
