#------------------------------------------------------------------------------
# irace: An implementation in R of (Elitist) Iterated Racing
# Version: 4.4.3.dd8d85f
# Copyright (C) 2010-2025
# Manuel Lopez-Ibanez     <manuel.lopez-ibanez@manchester.ac.uk>
# Jeremie Dubois-Lacoste
# Leslie Perez Caceres    <leslie.perez.caceres@ulb.ac.be>
#
# This is free software, and you are welcome to redistribute it under certain
# conditions.  See the GNU General Public License for details. There is NO
# WARRANTY; not even for MERCHANTABILITY or FITNESS FOR A PARTICULAR PURPOSE.
#
# irace builds upon previous code from the race package:
#     race: Racing methods for the selection of the best
#     Copyright (C) 2003 Mauro Birattari
#------------------------------------------------------------------------------
# installed at: /usr/local/lib/R/site-library/irace
# called with: --scenario nsbrkga-scenario-stage1.txt
# 2026-08-20 22:11:19 UTC: Reading parameter file '/home/lelescavacini/mofjssp_irace/irace/nsbrkga-parameters-stage1.txt'.
# 2026-08-20 22:11:19 UTC: 2 expression(s) specifying forbidden configurations read.
# 2026-08-20 22:11:19 UTC: Initialization
# Elitist race
# Elitist new instances: 1
# Elitist limit: 2
# nbIterations: 5
# minNbSurvival: 5
# nbParameters: 8
# seed: 1913426174
# confidence level: 0.95
# budget: 2500
# mu: 5
# deterministic: FALSE

# 2026-08-20 22:11:19 UTC: Iteration 1 of 5
# experimentsUsed: 0
# remainingBudget: 2500
# currentBudget: 500
# nbConfigurations: 83
# Markers:
     x No test is performed.
     c Configurations are discarded only due to capping.
     - The test is performed and some configurations are discarded.
     = The test is performed but no configuration is discarded.
     ! The test is performed and configurations could be discarded but elite configurations are preserved.
     . Alive configurations were already evaluated on this instance and nothing is discarded.
     : All alive configurations are elite, but some need to be evaluated on this instance.

+-+-----------+-----------+-----------+----------------+-----------+--------+-----+----+------+
| |   Instance|      Alive|       Best|       Mean best| Exp so far|  W time|  rho|KenW|  Qvar|
+-+-----------+-----------+-----------+----------------+-----------+--------+-----+----+------+
|x|          1|         83|         39|-3.368120000e+10|         83|06:55:02|   NA|  NA|    NA|
|x|          2|         83|         39|-1.094446841e+15|        166|06:55:04|+0.79|0.89|0.2861|
|x|          3|         83|         39|-7.339321937e+14|        249|06:55:03|+0.79|0.86|0.2800|
|x|          4|         83|         39|-5.505956196e+14|        332|06:55:03|+0.77|0.83|0.2511|
|-|          5|         13|         39|-4.548608756e+14|        415|06:55:03|+0.12|0.29|0.7956|
|-|          6|          1|         39|-3.910831464e+14|        428|01:05:00|   NA|  NA|    NA|
+-+-----------+-----------+-----------+----------------+-----------+--------+-----+----+------+
Best-so-far configuration:          39    mean value: -3.910831464e+14
Description of the best-so-far configuration:
   .ID. population_size_factor elites_percentage mutation_probability mutation_distribution num_total_parents num_elite_parents bias_type crossover_type diversity_type num_populations exchange_interval num_exchange_individuals pr_interval shake_interval reset_interval .PARENT.
39   39                     93              0.32                 0.02                 19.03                 2                 1         3              0              0               1                 0                        1           0              0              0       NA

# 2026-08-22 09:51:37 UTC: Elite configurations (first number is the configuration ID; listed from best to worst according to the sum of ranks):
   population_size_factor elites_percentage mutation_probability mutation_distribution num_total_parents num_elite_parents bias_type crossover_type diversity_type num_populations exchange_interval num_exchange_individuals pr_interval shake_interval reset_interval
39                     93              0.32                 0.02                 19.03                 2                 1         3              0              0               1                 0                        1           0              0              0
# 2026-08-22 09:51:37 UTC: Iteration 2 of 5
# experimentsUsed: 428
# remainingBudget: 2072
# currentBudget: 518
# nbConfigurations: 74
# Markers:
     x No test is performed.
     c Configurations are discarded only due to capping.
     - The test is performed and some configurations are discarded.
     = The test is performed but no configuration is discarded.
     ! The test is performed and configurations could be discarded but elite configurations are preserved.
     . Alive configurations were already evaluated on this instance and nothing is discarded.
     : All alive configurations are elite, but some need to be evaluated on this instance.

+-+-----------+-----------+-----------+----------------+-----------+--------+-----+----+------+
| |   Instance|      Alive|       Best|       Mean best| Exp so far|  W time|  rho|KenW|  Qvar|
+-+-----------+-----------+-----------+----------------+-----------+--------+-----+----+------+
|x|          7|         74|         39|-1.287660000e+13|         74|06:10:03|   NA|  NA|    NA|
|x|          1|         74|         90|-6.433107100e+12|        147|06:05:02|+0.62|0.81|0.5165|
|x|          6|         74|        129|-2.838183043e+13|        220|06:05:03|+0.67|0.78|0.4072|
|x|          5|         74|        129|-3.931767282e+13|        293|06:05:02|+0.68|0.76|0.3557|
|-|          2|         12|        129|-4.627481383e+14|        366|06:05:03|+0.19|0.35|0.8451|
|-|          3|          8|         39|-3.931315969e+14|        377|00:55:00|+0.01|0.17|0.8367|
|=|          4|          8|         39|-3.370536397e+14|        384|00:35:00|+0.06|0.19|0.8031|
|=|          8|          8|         39|-5.665444348e+14|        392|00:40:00|+0.11|0.22|0.7616|
+-+-----------+-----------+-----------+----------------+-----------+--------+-----+----+------+
Best-so-far configuration:          39    mean value: -5.665444348e+14
Description of the best-so-far configuration:
   .ID. population_size_factor elites_percentage mutation_probability mutation_distribution num_total_parents num_elite_parents bias_type crossover_type diversity_type num_populations exchange_interval num_exchange_individuals pr_interval shake_interval reset_interval .PARENT.
39   39                     93              0.32                 0.02                 19.03                 2                 1         3              0              0               1                 0                        1           0              0              0       NA

# 2026-08-23 18:31:54 UTC: Elite configurations (first number is the configuration ID; listed from best to worst according to the sum of ranks):
    population_size_factor elites_percentage mutation_probability mutation_distribution num_total_parents num_elite_parents bias_type crossover_type diversity_type num_populations exchange_interval num_exchange_individuals pr_interval shake_interval reset_interval
39                      93              0.32                 0.02                 19.03                 2                 1         3              0              0               1                 0                        1           0              0              0
91                     122              0.36                 0.03                 13.37                 2                 1         6              0              0               1                 0                        1           0              0              0
129                    114              0.32                 0.05                  7.62                 2                 1         3              0              0               1                 0                        1           0              0              0
90                      96              0.49                 0.07                 53.24                 3                 2         6              0              0               1                 0                        1           0              0              0
112                     97              0.33                 0.12                 31.61                 2                 2         3              0              0               1                 0                        1           0              0              0
# 2026-08-23 18:31:54 UTC: Iteration 3 of 5
# experimentsUsed: 820
# remainingBudget: 1680
# currentBudget: 560
# nbConfigurations: 66
# Markers:
     x No test is performed.
     c Configurations are discarded only due to capping.
     - The test is performed and some configurations are discarded.
     = The test is performed but no configuration is discarded.
     ! The test is performed and configurations could be discarded but elite configurations are preserved.
     . Alive configurations were already evaluated on this instance and nothing is discarded.
     : All alive configurations are elite, but some need to be evaluated on this instance.

+-+-----------+-----------+-----------+----------------+-----------+--------+-----+----+------+
| |   Instance|      Alive|       Best|       Mean best| Exp so far|  W time|  rho|KenW|  Qvar|
+-+-----------+-----------+-----------+----------------+-----------+--------+-----+----+------+
|x|          9|         66|        184|-3.389430000e+10|         66|05:30:02|   NA|  NA|    NA|
|x|          5|         66|        197|-3.623813885e+13|        127|05:05:02|+0.42|0.71|0.3954|
|x|          8|         66|         91|-7.506592076e+14|        188|05:05:03|+0.56|0.71|0.2723|
|x|          4|         66|         91|-5.631405502e+14|        249|05:05:02|+0.49|0.61|0.2761|
|-|          2|         19|         91|-8.901224402e+14|        310|05:05:03|-0.01|0.20|0.9770|
|=|          7|         19|         91|-7.439079501e+14|        324|01:10:00|+0.08|0.23|0.8958|
|=|          1|         19|         91|-6.376401612e+14|        338|01:10:00|+0.01|0.15|0.9672|
|=|          6|         19|         39|-5.649357735e+14|        352|01:10:00|+0.03|0.15|0.9343|
|=|          3|         19|         39|-5.035987876e+14|        366|01:10:00|+0.06|0.16|0.9082|
|-|         10|          9|         39|-4.532977392e+14|        385|01:35:00|-0.01|0.09|0.8886|
|=|         11|          9|        197|-4.068704749e+14|        394|00:45:00|+0.01|0.10|0.8610|
|=|         12|          9|        197|-3.740406936e+14|        403|00:45:00|+0.04|0.12|0.8312|
+-+-----------+-----------+-----------+----------------+-----------+--------+-----+----+------+
Best-so-far configuration:         197    mean value: -3.740406936e+14
Description of the best-so-far configuration:
    .ID. population_size_factor elites_percentage mutation_probability mutation_distribution num_total_parents num_elite_parents bias_type crossover_type diversity_type num_populations exchange_interval num_exchange_individuals pr_interval shake_interval reset_interval .PARENT.
197  197                     83              0.39                 0.05                   3.2                 2                 1         2              1              0               1                 0                        1           0              0              0       39

# 2026-08-25 04:07:12 UTC: Elite configurations (first number is the configuration ID; listed from best to worst according to the sum of ranks):
    population_size_factor elites_percentage mutation_probability mutation_distribution num_total_parents num_elite_parents bias_type crossover_type diversity_type num_populations exchange_interval num_exchange_individuals pr_interval shake_interval reset_interval
197                     83              0.39                 0.05                  3.20                 2                 1         2              1              0               1                 0                        1           0              0              0
39                      93              0.32                 0.02                 19.03                 2                 1         3              0              0               1                 0                        1           0              0              0
202                    102              0.25                 0.01                 14.91                 2                 2         6              0              0               1                 0                        1           0              0              0
213                    116              0.16                 0.06                 14.29                 2                 2         3              0              0               1                 0                        1           0              0              0
187                    112              0.31                 0.03                  2.35                 2                 2         3              0              0               1                 0                        1           0              0              0
# 2026-08-25 04:07:12 UTC: Iteration 4 of 5
# experimentsUsed: 1223
# remainingBudget: 1277
# currentBudget: 638
# nbConfigurations: 53
# Markers:
     x No test is performed.
     c Configurations are discarded only due to capping.
     - The test is performed and some configurations are discarded.
     = The test is performed but no configuration is discarded.
     ! The test is performed and configurations could be discarded but elite configurations are preserved.
     . Alive configurations were already evaluated on this instance and nothing is discarded.
     : All alive configurations are elite, but some need to be evaluated on this instance.

+-+-----------+-----------+-----------+----------------+-----------+--------+-----+----+------+
| |   Instance|      Alive|       Best|       Mean best| Exp so far|  W time|  rho|KenW|  Qvar|
+-+-----------+-----------+-----------+----------------+-----------+--------+-----+----+------+
|x|         13|         53|        237|-2.207030000e+15|         53|04:25:02|   NA|  NA|    NA|
|x|          5|         53|        202|-1.134147350e+15|        101|04:00:01|+0.40|0.70|0.1219|
|x|          1|         53|        252|-7.523613581e+14|        149|04:00:01|+0.42|0.61|0.1137|
|x|         10|         53|        237|-5.699758051e+14|        197|04:00:01|+0.34|0.51|0.1185|
|-|          7|         20|        259|-4.487784610e+14|        245|04:00:02|-0.01|0.19|0.9786|
|=|          6|         20|        259|-3.860324008e+14|        260|01:15:00|+0.04|0.20|0.9315|
|=|         12|         20|        197|-3.306705317e+14|        275|01:15:00|+0.03|0.17|0.9144|
|=|         11|         20|        197|-2.894105495e+14|        290|01:15:00|+0.03|0.15|0.8996|
|=|          2|         20|        197|-4.974849329e+14|        305|01:15:00|+0.04|0.14|0.8901|
|=|          3|         20|        197|-4.490188196e+14|        320|01:15:00|+0.06|0.15|0.8791|
|-|          4|         13|        197|-4.082522405e+14|        335|01:15:00|-0.01|0.08|0.9393|
|=|          8|         13|         39|-5.600881827e+14|        343|00:40:00|-0.01|0.07|0.9289|
|=|          9|         13|         39|-5.170070617e+14|        351|00:40:00|-0.03|0.05|0.9524|
|=|         14|         13|        197|-4.736908672e+14|        364|01:05:00|-0.02|0.05|0.9369|
+-+-----------+-----------+-----------+----------------+-----------+--------+-----+----+------+
Best-so-far configuration:         197    mean value: -4.736908672e+14
Description of the best-so-far configuration:
    .ID. population_size_factor elites_percentage mutation_probability mutation_distribution num_total_parents num_elite_parents bias_type crossover_type diversity_type num_populations exchange_interval num_exchange_individuals pr_interval shake_interval reset_interval .PARENT.
197  197                     83              0.39                 0.05                   3.2                 2                 1         2              1              0               1                 0                        1           0              0              0       39

# 2026-08-26 10:27:28 UTC: Elite configurations (first number is the configuration ID; listed from best to worst according to the sum of ranks):
    population_size_factor elites_percentage mutation_probability mutation_distribution num_total_parents num_elite_parents bias_type crossover_type diversity_type num_populations exchange_interval num_exchange_individuals pr_interval shake_interval reset_interval
197                     83              0.39                 0.05                  3.20                 2                 1         2              1              0               1                 0                        1           0              0              0
39                      93              0.32                 0.02                 19.03                 2                 1         3              0              0               1                 0                        1           0              0              0
202                    102              0.25                 0.01                 14.91                 2                 2         6              0              0               1                 0                        1           0              0              0
227                     89              0.45                 0.05                  9.12                 2                 1         2              0              0               1                 0                        1           0              0              0
252                     91              0.28                 0.02                 34.45                 2                 1         3              0              0               1                 0                        1           0              0              0
# 2026-08-26 10:27:28 UTC: Iteration 5 of 5
# experimentsUsed: 1587
# remainingBudget: 913
# currentBudget: 913
# nbConfigurations: 65
# Markers:
     x No test is performed.
     c Configurations are discarded only due to capping.
     - The test is performed and some configurations are discarded.
     = The test is performed but no configuration is discarded.
     ! The test is performed and configurations could be discarded but elite configurations are preserved.
     . Alive configurations were already evaluated on this instance and nothing is discarded.
     : All alive configurations are elite, but some need to be evaluated on this instance.

+-+-----------+-----------+-----------+----------------+-----------+--------+-----+----+------+
| |   Instance|      Alive|       Best|       Mean best| Exp so far|  W time|  rho|KenW|  Qvar|
+-+-----------+-----------+-----------+----------------+-----------+--------+-----+----+------+
|x|         15|         65|        294|-7.272880000e+13|         65|05:25:02|   NA|  NA|    NA|
|x|          1|         65|        299|-3.631600195e+13|        125|05:00:02|+0.38|0.69|0.0254|
|x|          7|         65|        305|-2.848908130e+13|        185|05:00:02|+0.38|0.58|0.0409|
|x|         13|         65|        281|-5.684755495e+14|        245|05:00:03|+0.29|0.46|0.0662|
|-|          2|         20|        281|-8.917004396e+14|        305|05:00:03|-0.05|0.16|1.0031|
|=|         10|         20|        281|-7.431818006e+14|        320|01:15:00|+0.00|0.17|0.9654|
|=|          3|         20|        323|-6.385517701e+14|        335|01:15:00|+0.04|0.18|0.9292|
|=|          6|         20|        323|-5.678178614e+14|        350|01:15:00|+0.06|0.18|0.9082|
|-|          5|         14|        323|-5.127704768e+14|        365|01:15:00|-0.03|0.09|0.9670|
|=|          4|         14|        281|-4.617444315e+14|        374|00:45:00|-0.02|0.09|0.9649|
|=|          8|         14|        281|-6.199122104e+14|        383|00:45:00|-0.02|0.07|0.9600|
|=|          9|         14|        281|-5.682556517e+14|        392|00:45:00|-0.04|0.05|0.9708|
|=|         12|         14|        281|-5.255362477e+14|        401|00:45:00|-0.02|0.06|0.9492|
|=|         11|         14|        281|-4.880390248e+14|        410|00:45:00|-0.04|0.04|0.9680|
|=|         14|         14|        281|-4.555053338e+14|        419|00:45:00|-0.03|0.04|0.9645|
|=|         16|         14|        281|-4.278399442e+14|        433|01:10:00|-0.02|0.05|0.9548|
+-+-----------+-----------+-----------+----------------+-----------+--------+-----+----+------+
Best-so-far configuration:         281    mean value: -4.278399442e+14
Description of the best-so-far configuration:
    .ID. population_size_factor elites_percentage mutation_probability mutation_distribution num_total_parents num_elite_parents bias_type crossover_type diversity_type num_populations exchange_interval num_exchange_individuals pr_interval shake_interval reset_interval .PARENT.
281  281                     83              0.34                 0.01                   4.7                 2                 1         2              1              0               1                 0                        1           0              0              0      197

# 2026-08-27 22:32:48 UTC: Elite configurations (first number is the configuration ID; listed from best to worst according to the sum of ranks):
    population_size_factor elites_percentage mutation_probability mutation_distribution num_total_parents num_elite_parents bias_type crossover_type diversity_type num_populations exchange_interval num_exchange_individuals pr_interval shake_interval reset_interval
281                     83              0.34                 0.01                  4.70                 2                 1         2              1              0               1                 0                        1           0              0              0
197                     83              0.39                 0.05                  3.20                 2                 1         2              1              0               1                 0                        1           0              0              0
323                     93              0.44                 0.04                 11.20                 2                 1         2              0              0               1                 0                        1           0              0              0
279                     91              0.41                 0.03                 11.67                 2                 1         2              1              0               1                 0                        1           0              0              0
227                     89              0.45                 0.05                  9.12                 2                 1         2              0              0               1                 0                        1           0              0              0
# 2026-08-27 22:32:48 UTC: Iteration 6 of 6
# experimentsUsed: 2020
# remainingBudget: 480
# currentBudget: 480
# nbConfigurations: 32
# Markers:
     x No test is performed.
     c Configurations are discarded only due to capping.
     - The test is performed and some configurations are discarded.
     = The test is performed but no configuration is discarded.
     ! The test is performed and configurations could be discarded but elite configurations are preserved.
     . Alive configurations were already evaluated on this instance and nothing is discarded.
     : All alive configurations are elite, but some need to be evaluated on this instance.

+-+-----------+-----------+-----------+----------------+-----------+--------+-----+----+------+
| |   Instance|      Alive|       Best|       Mean best| Exp so far|  W time|  rho|KenW|  Qvar|
+-+-----------+-----------+-----------+----------------+-----------+--------+-----+----+------+
|x|         17|         32|        337|-3.398050000e+10|         32|02:40:01|   NA|  NA|    NA|
|x|         16|         32|        337|-6.496840250e+12|         59|02:15:01|+0.31|0.65|0.0229|
|x|         13|         32|        337|-7.359378935e+14|         86|02:15:01|+0.29|0.53|0.0387|
|x|          6|         32|        337|-5.701541201e+14|        113|02:15:01|+0.32|0.49|0.0308|
|-|          9|         12|        337|-4.561300688e+14|        140|02:15:01|+0.20|0.36|0.7938|
|=|          7|         12|        337|-3.822506074e+14|        147|00:35:00|+0.05|0.21|0.8809|
|=|         12|         12|        337|-3.294734492e+14|        154|00:35:00|+0.00|0.14|0.9376|
|=|         14|         12|        337|-2.882934998e+14|        161|00:35:00|+0.03|0.15|0.9075|
|=|          1|         12|        337|-2.562646503e+14|        168|00:35:00|+0.06|0.17|0.8760|
|-|          5|         10|        337|-2.379002453e+14|        175|00:35:00|+0.13|0.22|0.8080|
|!|         10|         10|        337|-2.163265925e+14|        180|00:25:00|+0.11|0.19|0.8452|
|!|         11|         10|        337|-1.983473392e+14|        185|00:25:00|+0.10|0.17|0.8471|
|!|          3|         10|        337|-1.840905824e+14|        190|00:25:00|+0.09|0.16|0.8609|
|!|          4|         10|        337|-1.709832001e+14|        195|00:25:00|+0.09|0.15|0.8451|
|!|         15|         10|        337|-1.644308467e+14|        200|00:25:00|+0.10|0.16|0.8328|
|!|          8|         10|        337|-2.905876688e+14|        205|00:25:00|+0.11|0.17|0.8254|
|-|          2|          5|        339|-4.026733368e+14|        210|00:25:00|-0.05|0.01|0.8189|
+-+-----------+-----------+-----------+----------------+-----------+--------+-----+----+------+
Best-so-far configuration:         339    mean value: -4.026733368e+14
Description of the best-so-far configuration:
    .ID. population_size_factor elites_percentage mutation_probability mutation_distribution num_total_parents num_elite_parents bias_type crossover_type diversity_type num_populations exchange_interval num_exchange_individuals pr_interval shake_interval reset_interval .PARENT.
339  339                     87              0.32                 0.01                  5.02                 2                 1         2              1              0               1                 0                        1           0              0              0      281

# 2026-08-28 16:02:58 UTC: Elite configurations (first number is the configuration ID; listed from best to worst according to the sum of ranks):
    population_size_factor elites_percentage mutation_probability mutation_distribution num_total_parents num_elite_parents bias_type crossover_type diversity_type num_populations exchange_interval num_exchange_individuals pr_interval shake_interval reset_interval
339                     87              0.32                 0.01                  5.02                 2                 1         2              1              0               1                 0                        1           0              0              0
344                     99              0.42                 0.01                  6.08                 2                 1         2              0              0               1                 0                        1           0              0              0
336                     87              0.33                 0.01                  3.14                 2                 1         2              0              0               1                 0                        1           0              0              0
337                     81              0.39                 0.02                  5.37                 2                 1         2              1              0               1                 0                        1           0              0              0
352                     79              0.39                 0.01                  3.40                 2                 1         2              1              0               1                 0                        1           0              0              0
# 2026-08-28 16:02:58 UTC: Iteration 7 of 7
# experimentsUsed: 2230
# remainingBudget: 270
# currentBudget: 270
# nbConfigurations: 19
# Markers:
     x No test is performed.
     c Configurations are discarded only due to capping.
     - The test is performed and some configurations are discarded.
     = The test is performed but no configuration is discarded.
     ! The test is performed and configurations could be discarded but elite configurations are preserved.
     . Alive configurations were already evaluated on this instance and nothing is discarded.
     : All alive configurations are elite, but some need to be evaluated on this instance.

+-+-----------+-----------+-----------+----------------+-----------+--------+-----+----+------+
| |   Instance|      Alive|       Best|       Mean best| Exp so far|  W time|  rho|KenW|  Qvar|
+-+-----------+-----------+-----------+----------------+-----------+--------+-----+----+------+
|x|         18|         19|        344|-2.222340000e+15|         19|01:35:01|   NA|  NA|    NA|
|x|          7|         19|        344|-1.117659650e+15|         33|01:10:00|+0.01|0.50|0.9592|
|x|         16|         19|        344|-7.494646333e+14|         47|01:10:00|+0.23|0.49|0.7549|
|x|         17|         19|        357|-5.543272266e+14|         61|01:10:00|+0.01|0.26|0.9142|
|=|         11|         19|        344|-4.498011264e+14|         75|01:10:00|-0.01|0.20|0.9562|
|=|         14|         19|        344|-3.748399095e+14|         89|01:10:00|+0.04|0.20|0.8833|
|-|         15|         15|        344|-3.316754367e+14|        103|01:10:00|-0.01|0.14|0.9186|
|=|         13|         15|        339|-5.638305579e+14|        113|00:50:00|+0.01|0.13|0.9170|
|=|          6|         15|        344|-5.095923174e+14|        123|00:50:00|+0.02|0.13|0.9043|
|=|          5|         15|        344|-4.658975957e+14|        133|00:50:00|+0.03|0.13|0.8987|
|=|          3|         15|        339|-4.244541785e+14|        143|00:50:00|+0.04|0.13|0.8935|
|=|          2|         15|        344|-5.743143714e+14|        153|00:50:00|+0.05|0.13|0.8879|
|=|          1|         15|        344|-5.301389419e+14|        163|00:50:00|+0.06|0.13|0.8828|
|=|          9|         15|        360|-4.902465519e+14|        173|00:50:00|+0.05|0.12|0.8818|
|=|         12|         15|        360|-4.584314284e+14|        183|00:50:00|+0.04|0.10|0.8946|
|-|          8|          7|        360|-5.675569641e+14|        193|00:50:00|-0.02|0.04|0.8730|
|=|          4|          7|        344|-5.361796553e+14|        195|00:10:00|-0.00|0.06|0.8600|
|=|         10|          7|        360|-5.045603677e+14|        197|00:10:00|-0.01|0.05|0.8590|
|=|         19|          7|        344|-4.836140717e+14|        204|00:35:00|-0.00|0.05|0.8557|
+-+-----------+-----------+-----------+----------------+-----------+--------+-----+----+------+
Best-so-far configuration:         344    mean value: -4.836140717e+14
Description of the best-so-far configuration:
    .ID. population_size_factor elites_percentage mutation_probability mutation_distribution num_total_parents num_elite_parents bias_type crossover_type diversity_type num_populations exchange_interval num_exchange_individuals pr_interval shake_interval reset_interval .PARENT.
344  344                     99              0.42                 0.01                  6.08                 2                 1         2              0              0               1                 0                        1           0              0              0      323

# 2026-08-29 09:03:08 UTC: Elite configurations (first number is the configuration ID; listed from best to worst according to the sum of ranks):
    population_size_factor elites_percentage mutation_probability mutation_distribution num_total_parents num_elite_parents bias_type crossover_type diversity_type num_populations exchange_interval num_exchange_individuals pr_interval shake_interval reset_interval
344                     99              0.42                 0.01                  6.08                 2                 1         2              0              0               1                 0                        1           0              0              0
339                     87              0.32                 0.01                  5.02                 2                 1         2              1              0               1                 0                        1           0              0              0
360                    101              0.43                 0.02                  7.46                 2                 1         2              0              0               1                 0                        1           0              0              0
337                     81              0.39                 0.02                  5.37                 2                 1         2              1              0               1                 0                        1           0              0              0
336                     87              0.33                 0.01                  3.14                 2                 1         2              0              0               1                 0                        1           0              0              0
# 2026-08-29 09:03:08 UTC: Iteration 8 of 8
# experimentsUsed: 2434
# remainingBudget: 66
# currentBudget: 66
# nbConfigurations: 8
# Markers:
     x No test is performed.
     c Configurations are discarded only due to capping.
     - The test is performed and some configurations are discarded.
     = The test is performed but no configuration is discarded.
     ! The test is performed and configurations could be discarded but elite configurations are preserved.
     . Alive configurations were already evaluated on this instance and nothing is discarded.
     : All alive configurations are elite, but some need to be evaluated on this instance.

+-+-----------+-----------+-----------+----------------+-----------+--------+-----+----+------+
| |   Instance|      Alive|       Best|       Mean best| Exp so far|  W time|  rho|KenW|  Qvar|
+-+-----------+-----------+-----------+----------------+-----------+--------+-----+----+------+
|x|         20|          8|        344|-5.922940000e+11|          8|00:40:00|   NA|  NA|    NA|
|x|         13|          8|        360|-1.098134774e+15|         11|00:15:00|-0.02|0.49|0.9526|
|x|         12|          8|        360|-7.364297493e+14|         14|00:15:00|+0.09|0.39|0.8267|
|x|          3|          8|        360|-5.555702870e+14|         17|00:15:00|+0.16|0.37|0.7921|
|=|          7|          8|        360|-4.469996096e+14|         20|00:15:00|-0.04|0.17|0.9237|
|=|         11|          8|        360|-3.725972742e+14|         23|00:15:00|+0.07|0.22|0.8755|
|=|         17|          8|        339|-3.214147243e+14|         26|00:15:00|-0.00|0.14|0.9135|
|=|          6|          8|        339|-2.903297588e+14|         29|00:15:00|+0.05|0.17|0.8580|
|=|         15|          8|        339|-2.661766967e+14|         32|00:15:00|+0.07|0.18|0.8373|
|-|         14|          6|        339|-2.395624235e+14|         35|00:15:00|+0.01|0.11|0.8239|
|=|         19|          6|        339|-2.243901759e+14|         36|00:05:00|+0.03|0.12|0.8074|
|=|          9|          6|        339|-2.056937990e+14|         37|00:05:00|-0.01|0.07|0.8434|
|=|          4|          6|        339|-1.899164557e+14|         38|00:05:00|+0.01|0.08|0.8284|
|=|         10|          6|        339|-1.763930756e+14|         39|00:05:00|+0.00|0.08|0.8202|
|=|          2|          6|        339|-3.105462039e+14|         40|00:05:00|-0.01|0.06|0.8314|
|=|          5|          6|        339|-2.956746599e+14|         41|00:05:00|-0.03|0.03|0.8506|
|=|         16|          6|        339|-2.790332388e+14|         42|00:05:00|-0.03|0.03|0.8586|
|=|          1|          6|        360|-2.635978482e+14|         43|00:05:00|-0.05|0.01|0.8700|
|=|          8|          6|        360|-3.657474351e+14|         44|00:05:00|-0.04|0.01|0.8653|
|=|         18|          6|        360|-4.577625634e+14|         45|00:05:00|-0.03|0.03|0.8539|
|=|         21|          6|        344|-4.375854045e+14|         51|00:30:00|-0.03|0.02|0.8582|
+-+-----------+-----------+-----------+----------------+-----------+--------+-----+----+------+
Best-so-far configuration:         344    mean value: -4.375854045e+14
Description of the best-so-far configuration:
    .ID. population_size_factor elites_percentage mutation_probability mutation_distribution num_total_parents num_elite_parents bias_type crossover_type diversity_type num_populations exchange_interval num_exchange_individuals pr_interval shake_interval reset_interval .PARENT.
344  344                     99              0.42                 0.01                  6.08                 2                 1         2              0              0               1                 0                        1           0              0              0      323

# 2026-08-29 13:18:11 UTC: Elite configurations (first number is the configuration ID; listed from best to worst according to the sum of ranks):
    population_size_factor elites_percentage mutation_probability mutation_distribution num_total_parents num_elite_parents bias_type crossover_type diversity_type num_populations exchange_interval num_exchange_individuals pr_interval shake_interval reset_interval
344                     99              0.42                 0.01                  6.08                 2                 1         2              0              0               1                 0                        1           0              0              0
360                    101              0.43                 0.02                  7.46                 2                 1         2              0              0               1                 0                        1           0              0              0
339                     87              0.32                 0.01                  5.02                 2                 1         2              1              0               1                 0                        1           0              0              0
336                     87              0.33                 0.01                  3.14                 2                 1         2              0              0               1                 0                        1           0              0              0
368                     87              0.38                 0.03                  3.36                 2                 1         2              1              0               1                 0                        1           0              0              0
# 2026-08-29 13:18:11 UTC: Stopped because there is not enough budget left to race more than the minimum (5).
# You may either increase the budget or set 'minNbSurvival' to a lower value.
# Iteration: 9
# nbIterations: 9
# experimentsUsed: 2485
# timeUsed: 0
# remainingBudget: 15
# currentBudget: 15
# number of elites: 5
# nbConfigurations: 5
# Total CPU user time: 745422.2, CPU sys time: 180.854, Wall-clock time: 745611.5
# 2026-08-29 13:18:11 UTC: Starting post-selection:
# Configurations selected: 344, 360, 339, 336, 368, 337, 352, 281.
# Pending instances: 1, 1, 1, 1, 1, 1, 3, 5.
# 2026-08-29 13:18:11 UTC: seed: 1913426174
# Configurations: 8
# Available experiments: 15
# minSurvival: 1
# Markers:
     x No test is performed.
     c Configurations are discarded only due to capping.
     - The test is performed and some configurations are discarded.
     = The test is performed but no configuration is discarded.
     ! The test is performed and configurations could be discarded but elite configurations are preserved.
     . Alive configurations were already evaluated on this instance and nothing is discarded.
     : All alive configurations are elite, but some need to be evaluated on this instance.

+-+-----------+-----------+-----------+----------------+-----------+--------+-----+----+------+
| |   Instance|      Alive|       Best|       Mean best| Exp so far|  W time|  rho|KenW|  Qvar|
+-+-----------+-----------+-----------+----------------+-----------+--------+-----+----+------+
|.|          9|          8|        368|-3.396760000e+10|          0|00:00:00|   NA|  NA|    NA|
|.|         15|          8|        368|-3.619543380e+13|          0|00:00:00|-0.26|0.37|1.0361|
|.|          7|          8|        368|-2.843048920e+13|          0|00:00:00|-0.42|0.05|1.2033|
|.|         14|          8|        368|-2.133132430e+13|          0|00:00:00|-0.19|0.11|0.9605|
|.|         11|          8|        368|-1.718307124e+13|          0|00:00:00|-0.03|0.18|0.8613|
|.|          5|          8|        368|-2.642552603e+13|          0|00:00:00|+0.02|0.19|0.8134|
|.|          3|          8|        368|-2.450569374e+13|          0|00:00:00|-0.00|0.14|0.8213|
|.|         13|          8|        368|-2.926324820e+14|          0|00:00:00|+0.02|0.14|0.8421|
|x|         21|          8|        339|-2.646615476e+14|          2|00:10:00|+0.02|0.13|0.8445|
|.|          4|          8|        339|-2.382542264e+14|          2|00:00:00|-0.02|0.08|0.8894|
|x|         19|          8|        339|-2.232009058e+14|          3|00:05:00|+0.00|0.09|0.8796|
|x|         18|          8|        339|-3.880649970e+14|          4|00:05:00|+0.03|0.11|0.8531|
|.|          2|          8|        339|-5.265746126e+14|          4|00:00:00|+0.04|0.12|0.8414|
|.|          6|          8|        339|-4.941574974e+14|          4|00:00:00|+0.05|0.12|0.8367|
|.|         10|          8|        339|-4.612529400e+14|          4|00:00:00|+0.02|0.09|0.8574|
|.|          8|          8|        339|-5.683677562e+14|          4|00:00:00|+0.02|0.08|0.8618|
|x|         20|          8|        344|-5.390215431e+14|          6|00:10:00|+0.02|0.08|0.8699|
|.|         12|          8|        344|-5.097861908e+14|          6|00:00:00|+0.01|0.07|0.8761|
|.|         17|          8|        344|-4.829571109e+14|          6|00:00:00|+0.01|0.06|0.8788|
|.|          1|          8|        344|-4.588109448e+14|          6|00:00:00|-0.00|0.05|0.8815|
|.|         16|          8|        344|-4.375854045e+14|          6|00:00:00|+0.01|0.06|0.8732|
|=|         22|          8|        344|-4.209976361e+14|         14|00:40:00|+0.02|0.06|0.8654|
+-+-----------+-----------+-----------+----------------+-----------+--------+-----+----+------+
Best-so-far configuration:         344    mean value: -4.209976361e+14
Description of the best-so-far configuration:
    .ID. population_size_factor elites_percentage mutation_probability mutation_distribution num_total_parents num_elite_parents bias_type crossover_type diversity_type num_populations exchange_interval num_exchange_individuals pr_interval shake_interval reset_interval .PARENT.
344  344                     99              0.42                 0.01                  6.08                 2                 1         2              0              0               1                 0                        1           0              0              0      323

# 2026-08-29 14:28:11 UTC: Elite configurations (first number is the configuration ID; listed from best to worst according to the sum of ranks):
    population_size_factor elites_percentage mutation_probability mutation_distribution num_total_parents num_elite_parents bias_type crossover_type diversity_type num_populations exchange_interval num_exchange_individuals pr_interval shake_interval reset_interval
344                     99              0.42                 0.01                  6.08                 2                 1         2              0              0               1                 0                        1           0              0              0
360                    101              0.43                 0.02                  7.46                 2                 1         2              0              0               1                 0                        1           0              0              0
339                     87              0.32                 0.01                  5.02                 2                 1         2              1              0               1                 0                        1           0              0              0
368                     87              0.38                 0.03                  3.36                 2                 1         2              1              0               1                 0                        1           0              0              0
336                     87              0.33                 0.01                  3.14                 2                 1         2              0              0               1                 0                        1           0              0              0
# Total CPU user time: 749622.4, CPU sys time: 181.423, Wall-clock time: 749812.3
# Best configurations (first number is the configuration ID; listed from best to worst according to the sum of ranks):
    population_size_factor elites_percentage mutation_probability mutation_distribution num_total_parents num_elite_parents bias_type crossover_type diversity_type num_populations exchange_interval num_exchange_individuals pr_interval shake_interval reset_interval
344                     99              0.42                 0.01                  6.08                 2                 1         2              0              0               1                 0                        1           0              0              0
360                    101              0.43                 0.02                  7.46                 2                 1         2              0              0               1                 0                        1           0              0              0
339                     87              0.32                 0.01                  5.02                 2                 1         2              1              0               1                 0                        1           0              0              0
368                     87              0.38                 0.03                  3.36                 2                 1         2              1              0               1                 0                        1           0              0              0
336                     87              0.33                 0.01                  3.14                 2                 1         2              0              0               1                 0                        1           0              0              0
# Best configurations as commandlines (first number is the configuration ID; listed from best to worst according to the sum of ranks):
344 --population-size-factor 99 --elites-percentage 0.42 --mutation-probability 0.01 --mutation-distribution 6.08 --num-total-parents 2 --num-elite-parents 1 --bias-type 2 --crossover-type 0 --diversity-type 0 --num-populations 1 --exchange-interval 0 --num-exchange-individuals 1 --pr-interval 0 --shake-interval 0 --reset-interval 0
360 --population-size-factor 101 --elites-percentage 0.43 --mutation-probability 0.02 --mutation-distribution 7.46 --num-total-parents 2 --num-elite-parents 1 --bias-type 2 --crossover-type 0 --diversity-type 0 --num-populations 1 --exchange-interval 0 --num-exchange-individuals 1 --pr-interval 0 --shake-interval 0 --reset-interval 0
339 --population-size-factor 87 --elites-percentage 0.32 --mutation-probability 0.01 --mutation-distribution 5.02 --num-total-parents 2 --num-elite-parents 1 --bias-type 2 --crossover-type 1 --diversity-type 0 --num-populations 1 --exchange-interval 0 --num-exchange-individuals 1 --pr-interval 0 --shake-interval 0 --reset-interval 0
368 --population-size-factor 87 --elites-percentage 0.38 --mutation-probability 0.03 --mutation-distribution 3.36 --num-total-parents 2 --num-elite-parents 1 --bias-type 2 --crossover-type 1 --diversity-type 0 --num-populations 1 --exchange-interval 0 --num-exchange-individuals 1 --pr-interval 0 --shake-interval 0 --reset-interval 0
336 --population-size-factor 87 --elites-percentage 0.33 --mutation-probability 0.01 --mutation-distribution 3.14 --num-total-parents 2 --num-elite-parents 1 --bias-type 2 --crossover-type 0 --diversity-type 0 --num-populations 1 --exchange-interval 0 --num-exchange-individuals 1 --pr-interval 0 --shake-interval 0 --reset-interval 0


# Testing of elite configurations: 1 
# Testing iteration configurations: FALSE 
# 2026-08-29 14:28:11 UTC: No test instances, skip testing
