#------------------------------------------------------------------------------
# irace: An implementation in R of (Elitist) Iterated Racing
# Version: 4.4.3.dd8d85f
# Copyright (C) 2010-2025
# Manuel Lopez-Ibanez     <manuel.lopez-ibanez@manchester.ac.uk>
# Jeremie Dubois-Lacoste
# Leslie Perez Caceres    <leslie.perez.caceres@ulb.ac.be>
#
# This is free software, and you are welcome to redistribute it under certain
# conditions.  See the GNU General Public License for details. There is NO
# WARRANTY; not even for MERCHANTABILITY or FITNESS FOR A PARTICULAR PURPOSE.
#
# irace builds upon previous code from the race package:
#     race: Racing methods for the selection of the best
#     Copyright (C) 2003 Mauro Birattari
#------------------------------------------------------------------------------
# installed at: /usr/local/lib/R/site-library/irace
# called with: --scenario nsbrkga-scenario-stage3.txt
# 2026-08-20 22:11:19 UTC: Reading parameter file '/home/lelescavacini/mofjssp_irace/irace/nsbrkga-parameters-stage3.txt'.
# 2026-08-20 22:11:19 UTC: 4 expression(s) specifying forbidden configurations read.
# 2026-08-20 22:11:19 UTC: Initialization
# Elitist race
# Elitist new instances: 1
# Elitist limit: 2
# nbIterations: 5
# minNbSurvival: 5
# nbParameters: 13
# seed: 1159401538
# confidence level: 0.95
# budget: 2500
# mu: 5
# deterministic: FALSE

# 2026-08-20 22:11:19 UTC: Iteration 1 of 5
# experimentsUsed: 0
# remainingBudget: 2500
# currentBudget: 500
# nbConfigurations: 83
# Markers:
     x No test is performed.
     c Configurations are discarded only due to capping.
     - The test is performed and some configurations are discarded.
     = The test is performed but no configuration is discarded.
     ! The test is performed and configurations could be discarded but elite configurations are preserved.
     . Alive configurations were already evaluated on this instance and nothing is discarded.
     : All alive configurations are elite, but some need to be evaluated on this instance.

+-+-----------+-----------+-----------+----------------+-----------+--------+-----+----+------+
| |   Instance|      Alive|       Best|       Mean best| Exp so far|  W time|  rho|KenW|  Qvar|
+-+-----------+-----------+-----------+----------------+-----------+--------+-----+----+------+
|x|          1|         47|         13|-5.879050000e+11|         47|03:55:05|   NA|  NA|    NA|
|x|          2|         47|         13|-3.108267000e+11|         94|03:55:04|+0.86|0.93|0.1851|
|x|          3|         47|         13|-7.291638845e+14|        141|03:55:23|+0.88|0.92|0.1811|
|x|          4|         47|         13|-5.649884634e+14|        188|03:55:09|+0.87|0.90|0.1706|
|-|          5|          6|         13|-4.545638707e+14|        235|03:55:16|+0.43|0.54|0.4602|
|-|          6|          2|         13|-7.399515589e+14|        241|00:30:00|+1.00|1.00|0.0000|
+-+-----------+-----------+-----------+----------------+-----------+--------+-----+----+------+
Best-so-far configuration:          13    mean value: -7.399515589e+14
Description of the best-so-far configuration:
   .ID. population_size_factor min_elites_percentage max_elites_percentage mutation_probability mutation_distribution num_total_parents num_elite_parents bias_type diversity_type crossover_type num_populations exchange_interval num_exchange_individuals pr_interval shake_interval reset_interval .PARENT.
13   13                    118                  0.08                  0.12                 0.05                 20.63                 2                 2         3              2              0               5               247                       71           0              0              0       NA

# 2026-08-21 18:17:21 UTC: Elite configurations (first number is the configuration ID; listed from best to worst according to the sum of ranks):
   population_size_factor min_elites_percentage max_elites_percentage mutation_probability mutation_distribution num_total_parents num_elite_parents bias_type diversity_type crossover_type num_populations exchange_interval num_exchange_individuals pr_interval shake_interval reset_interval
13                    118                  0.08                  0.12                 0.05                 20.63                 2                 2         3              2              0               5               247                       71           0              0              0
1                     125                  0.19                  0.81                 0.16                 37.65                 2                 1         6              0              0               4               638                       42           0              0              0
# 2026-08-21 18:17:21 UTC: Iteration 2 of 5
# experimentsUsed: 241
# remainingBudget: 2259
# currentBudget: 564
# nbConfigurations: 82
# Markers:
     x No test is performed.
     c Configurations are discarded only due to capping.
     - The test is performed and some configurations are discarded.
     = The test is performed but no configuration is discarded.
     ! The test is performed and configurations could be discarded but elite configurations are preserved.
     . Alive configurations were already evaluated on this instance and nothing is discarded.
     : All alive configurations are elite, but some need to be evaluated on this instance.

+-+-----------+-----------+-----------+----------------+-----------+--------+-----+----+------+
| |   Instance|      Alive|       Best|       Mean best| Exp so far|  W time|  rho|KenW|  Qvar|
+-+-----------+-----------+-----------+----------------+-----------+--------+-----+----+------+
|x|          7|         82|         59|-1.291300000e+13|         82|06:51:03|   NA|  NA|    NA|
# 2026-08-22 07:49:37 UTC: Immediately rejected configurations: 113, 115
|x|          5|         80|         59|-1.287665000e+13|        162|06:41:13|+0.92|0.96|0.0738|
|x|          4|         80|         13|-3.272290000e+13|        240|06:30:33|+0.92|0.94|0.0791|
|x|          6|         80|         77|-5.677094750e+14|        318|06:31:15|+0.89|0.92|0.1401|
|-|          2|         14|         48|-4.533942532e+14|        396|06:30:16|+0.25|0.40|0.6806|
|-|          3|          8|         48|-7.402685443e+14|        408|01:00:01|+0.15|0.29|0.7315|
|-|          1|          5|         48|-6.345998843e+14|        414|00:30:00|+0.08|0.21|0.7423|
+-+-----------+-----------+-----------+----------------+-----------+--------+-----+----+------+
Best-so-far configuration:          48    mean value: -6.345998843e+14
Description of the best-so-far configuration:
   .ID. population_size_factor min_elites_percentage max_elites_percentage mutation_probability mutation_distribution num_total_parents num_elite_parents bias_type diversity_type crossover_type num_populations exchange_interval num_exchange_individuals pr_interval shake_interval reset_interval .PARENT.
48   48                    119                  0.03                  0.17                 0.13                 43.01                 2                 1         3              2              0               5               178                       38           0              0              0       13

# 2026-08-23 04:51:44 UTC: Elite configurations (first number is the configuration ID; listed from best to worst according to the sum of ranks):
   population_size_factor min_elites_percentage max_elites_percentage mutation_probability mutation_distribution num_total_parents num_elite_parents bias_type diversity_type crossover_type num_populations exchange_interval num_exchange_individuals pr_interval shake_interval reset_interval
48                    119                  0.03                  0.17                 0.13                 43.01                 2                 1         3              2              0               5               178                       38           0              0              0
13                    118                  0.08                  0.12                 0.05                 20.63                 2                 2         3              2              0               5               247                       71           0              0              0
59                    101                  0.07                  0.15                 0.03                 32.59                 5                 1         3              1              0               5               740                       33           0              0              0
77                    121                  0.12                  0.28                 0.33                 48.58                 3                 1         1              2              0               4               137                       82           0              0              0
90                    117                  0.09                  0.64                 0.31                 60.62                 2                 2         1              0              0               5               354                       32           0              0              0
# 2026-08-23 04:51:44 UTC: Iteration 3 of 5
# experimentsUsed: 655
# remainingBudget: 1845
# currentBudget: 615
# nbConfigurations: 81
# Markers:
     x No test is performed.
     c Configurations are discarded only due to capping.
     - The test is performed and some configurations are discarded.
     = The test is performed but no configuration is discarded.
     ! The test is performed and configurations could be discarded but elite configurations are preserved.
     . Alive configurations were already evaluated on this instance and nothing is discarded.
     : All alive configurations are elite, but some need to be evaluated on this instance.

+-+-----------+-----------+-----------+----------------+-----------+--------+-----+----+------+
| |   Instance|      Alive|       Best|       Mean best| Exp so far|  W time|  rho|KenW|  Qvar|
+-+-----------+-----------+-----------+----------------+-----------+--------+-----+----+------+
|x|          8|         81|        140|-3.397850000e+10|         81|06:45:06|   NA|  NA|    NA|
|x|          2|         81|        178|-3.397265000e+10|        157|06:20:06|+0.65|0.83|0.0726|
|x|          1|         81|         48|-2.186199667e+11|        233|06:20:10|+0.69|0.79|0.0961|
|x|          4|         81|         48|-1.831856498e+13|        309|06:20:13|+0.70|0.78|0.1209|
|-|          3|         18|        166|-4.542163906e+14|        385|06:20:27|+0.07|0.25|0.9092|
|=|          6|         18|        166|-7.451819922e+14|        398|01:05:01|+0.10|0.25|0.8569|
|-|          7|          9|        166|-6.405839933e+14|        411|01:05:01|+0.14|0.27|0.7345|
|-|          5|          3|        166|-5.621296816e+14|        415|00:20:00|+0.09|0.20|0.6433|
+-+-----------+-----------+-----------+----------------+-----------+--------+-----+----+------+
Best-so-far configuration:         166    mean value: -5.621296816e+14
Description of the best-so-far configuration:
    .ID. population_size_factor min_elites_percentage max_elites_percentage mutation_probability mutation_distribution num_total_parents num_elite_parents bias_type diversity_type crossover_type num_populations exchange_interval num_exchange_individuals pr_interval shake_interval reset_interval .PARENT.
166  166                    125                  0.15                  0.22                 0.07                 58.09                 2                 1         1              3              0               4               660                       12           0              0              0       48

# 2026-08-24 15:27:52 UTC: Elite configurations (first number is the configuration ID; listed from best to worst according to the sum of ranks):
    population_size_factor min_elites_percentage max_elites_percentage mutation_probability mutation_distribution num_total_parents num_elite_parents bias_type diversity_type crossover_type num_populations exchange_interval num_exchange_individuals pr_interval shake_interval reset_interval
166                    125                  0.15                  0.22                 0.07                 58.09                 2                 1         1              3              0               4               660                       12           0              0              0
48                     119                  0.03                  0.17                 0.13                 43.01                 2                 1         3              2              0               5               178                       38           0              0              0
178                    121                  0.15                  0.27                 0.17                 34.10                 3                 1         1              2              0               5                55                       45           0              0              0
# 2026-08-24 15:27:52 UTC: Iteration 4 of 5
# experimentsUsed: 1070
# remainingBudget: 1430
# currentBudget: 715
# nbConfigurations: 82
# Markers:
     x No test is performed.
     c Configurations are discarded only due to capping.
     - The test is performed and some configurations are discarded.
     = The test is performed but no configuration is discarded.
     ! The test is performed and configurations could be discarded but elite configurations are preserved.
     . Alive configurations were already evaluated on this instance and nothing is discarded.
     : All alive configurations are elite, but some need to be evaluated on this instance.

+-+-----------+-----------+-----------+----------------+-----------+--------+-----+----+------+
| |   Instance|      Alive|       Best|       Mean best| Exp so far|  W time|  rho|KenW|  Qvar|
+-+-----------+-----------+-----------+----------------+-----------+--------+-----+----+------+
|x|          9|         82|        251|-5.893170000e+11|         82|06:50:10|   NA|  NA|    NA|
|x|          1|         82|        251|-5.892290000e+11|        161|06:35:07|+0.75|0.88|0.0794|
|x|          4|         82|        251|-2.461835267e+13|        240|06:35:07|+0.71|0.81|0.1757|
|x|          2|         82|        251|-1.847225942e+13|        319|06:35:06|+0.69|0.77|0.1794|
|-|          7|         22|        274|-1.736425136e+13|        398|06:35:14|+0.00|0.20|0.9931|
|=|          8|         22|        228|-1.448194793e+13|        417|01:35:00|+0.04|0.20|0.9324|
|=|          3|         22|        228|-3.262459554e+14|        436|01:35:02|+0.03|0.17|0.9414|
|=|          6|         22|        274|-5.654481480e+14|        455|01:35:02|+0.07|0.18|0.8999|
|-|          5|         12|        274|-5.040619871e+14|        474|01:35:01|-0.01|0.11|0.9058|
|=|         10|         12|        274|-4.609360884e+14|        486|01:00:00|+0.02|0.11|0.8894|
|=|         11|         12|        274|-6.207418985e+14|        498|01:00:01|+0.05|0.14|0.8552|
+-+-----------+-----------+-----------+----------------+-----------+--------+-----+----+------+
Best-so-far configuration:         274    mean value: -6.207418985e+14
Description of the best-so-far configuration:
    .ID. population_size_factor min_elites_percentage max_elites_percentage mutation_probability mutation_distribution num_total_parents num_elite_parents bias_type diversity_type crossover_type num_populations exchange_interval num_exchange_individuals pr_interval shake_interval reset_interval .PARENT.
274  274                    109                   0.1                   0.3                 0.01                 45.79                 3                 1         1              2              0               5               149                       86           0              0              0      178

# 2026-08-26 08:58:49 UTC: Elite configurations (first number is the configuration ID; listed from best to worst according to the sum of ranks):
    population_size_factor min_elites_percentage max_elites_percentage mutation_probability mutation_distribution num_total_parents num_elite_parents bias_type diversity_type crossover_type num_populations exchange_interval num_exchange_individuals pr_interval shake_interval reset_interval
274                    109                  0.10                  0.30                 0.01                 45.79                 3                 1         1              2              0               5               149                       86           0              0              0
248                    109                  0.13                  0.28                 0.02                 60.78                 2                 1         1              3              0               5               437                       24           0              0              0
166                    125                  0.15                  0.22                 0.07                 58.09                 2                 1         1              3              0               4               660                       12           0              0              0
272                    113                  0.35                  0.42                 0.04                 17.28                 3                 1         1              2              0               5               179                       13           0              0              0
228                    117                  0.09                  0.20                 0.02                 64.70                 2                 1         1              3              0               3               353                        4           0              0              0
# 2026-08-26 08:58:49 UTC: Iteration 5 of 5
# experimentsUsed: 1568
# remainingBudget: 932
# currentBudget: 932
# nbConfigurations: 82
# Markers:
     x No test is performed.
     c Configurations are discarded only due to capping.
     - The test is performed and some configurations are discarded.
     = The test is performed but no configuration is discarded.
     ! The test is performed and configurations could be discarded but elite configurations are preserved.
     . Alive configurations were already evaluated on this instance and nothing is discarded.
     : All alive configurations are elite, but some need to be evaluated on this instance.

+-+-----------+-----------+-----------+----------------+-----------+--------+-----+----+------+
| |   Instance|      Alive|       Best|       Mean best| Exp so far|  W time|  rho|KenW|  Qvar|
+-+-----------+-----------+-----------+----------------+-----------+--------+-----+----+------+
|x|         12|         82|        274|-7.296360000e+13|         82|06:50:07|   NA|  NA|    NA|
|x|          4|         82|        307|-7.301510000e+13|        159|06:25:06|+0.69|0.85|0.2914|
|x|          3|         82|        307|-7.893767333e+14|        236|06:25:21|+0.74|0.82|0.3298|
|x|          5|         82|        355|-5.939201250e+14|        313|06:25:07|+0.72|0.79|0.3129|
|-|          8|         23|        248|-4.740278194e+14|        390|06:25:03|-0.06|0.16|1.0076|
|=|          1|         23|        307|-3.969460025e+14|        408|01:30:01|-0.07|0.11|0.9850|
|=|         10|         23|        307|-3.506516022e+14|        426|01:30:01|-0.01|0.14|0.9351|
|=|          2|         23|        307|-3.068243993e+14|        444|01:30:00|+0.02|0.14|0.9067|
|=|          7|         23|        307|-2.741824550e+14|        462|01:30:01|+0.06|0.17|0.8732|
|-|          6|         11|        307|-4.680462095e+14|        480|01:30:02|+0.07|0.16|0.8331|
|=|          9|         11|        307|-4.255504042e+14|        486|00:30:00|+0.07|0.15|0.8338|
|-|         11|          5|        307|-5.741720371e+14|        492|00:30:00|+0.02|0.10|0.7580|
+-+-----------+-----------+-----------+----------------+-----------+--------+-----+----+------+
Best-so-far configuration:         307    mean value: -5.741720371e+14
Description of the best-so-far configuration:
    .ID. population_size_factor min_elites_percentage max_elites_percentage mutation_probability mutation_distribution num_total_parents num_elite_parents bias_type diversity_type crossover_type num_populations exchange_interval num_exchange_individuals pr_interval shake_interval reset_interval .PARENT.
307  307                    113                  0.18                  0.27                 0.02                  49.2                 3                 1         1              2              0               5               105                       62           0              0              0      274

# 2026-08-28 01:59:43 UTC: Elite configurations (first number is the configuration ID; listed from best to worst according to the sum of ranks):
    population_size_factor min_elites_percentage max_elites_percentage mutation_probability mutation_distribution num_total_parents num_elite_parents bias_type diversity_type crossover_type num_populations exchange_interval num_exchange_individuals pr_interval shake_interval reset_interval
307                    113                  0.18                  0.27                 0.02                 49.20                 3                 1         1              2              0               5               105                       62           0              0              0
274                    109                  0.10                  0.30                 0.01                 45.79                 3                 1         1              2              0               5               149                       86           0              0              0
291                    119                  0.11                  0.36                 0.01                 31.12                 2                 2         1              2              0               5                85                       89           0              0              0
355                    111                  0.30                  0.40                 0.01                 30.77                 3                 1         1              2              0               5               236                        3           0              0              0
248                    109                  0.13                  0.28                 0.02                 60.78                 2                 1         1              3              0               5               437                       24           0              0              0
# 2026-08-28 01:59:43 UTC: Iteration 6 of 6
# experimentsUsed: 2060
# remainingBudget: 440
# currentBudget: 440
# nbConfigurations: 38
# Markers:
     x No test is performed.
     c Configurations are discarded only due to capping.
     - The test is performed and some configurations are discarded.
     = The test is performed but no configuration is discarded.
     ! The test is performed and configurations could be discarded but elite configurations are preserved.
     . Alive configurations were already evaluated on this instance and nothing is discarded.
     : All alive configurations are elite, but some need to be evaluated on this instance.

+-+-----------+-----------+-----------+----------------+-----------+--------+-----+----+------+
| |   Instance|      Alive|       Best|       Mean best| Exp so far|  W time|  rho|KenW|  Qvar|
+-+-----------+-----------+-----------+----------------+-----------+--------+-----+----+------+
|x|         13|         38|        367|-3.399240000e+10|         38|03:10:01|   NA|  NA|    NA|
|x|          2|         38|        362|-3.398675000e+10|         71|02:45:01|+0.00|0.50|0.7929|
|x|         10|         38|        372|-2.432272163e+13|        104|02:45:02|+0.12|0.41|0.7459|
|x|          9|         38|        307|-1.838637805e+13|        137|02:45:01|+0.24|0.43|0.6891|
|-|          6|         21|        307|-4.572731024e+14|        170|02:45:04|-0.05|0.16|0.8798|
|=|          7|         21|        307|-3.832354020e+14|        186|01:20:01|-0.07|0.11|0.9110|
|=|          4|         21|        307|-3.389424446e+14|        202|01:20:01|+0.01|0.15|0.8777|
|=|          1|         21|        307|-2.966481965e+14|        218|01:20:01|+0.04|0.16|0.8547|
|=|          3|         21|        307|-5.105872858e+14|        234|01:20:02|+0.05|0.16|0.8444|
|=|          8|         21|        307|-4.595319527e+14|        250|01:20:00|+0.05|0.14|0.8484|
|=|          5|         21|        307|-4.189311752e+14|        266|01:20:01|+0.05|0.13|0.8480|
|-|         11|         16|        307|-5.681044106e+14|        282|01:20:01|-0.05|0.04|0.9644|
|=|         12|         16|        307|-5.300075713e+14|        293|00:55:00|-0.04|0.04|0.9624|
|=|         14|         16|        307|-4.930790805e+14|        309|01:20:01|-0.02|0.05|0.9584|
+-+-----------+-----------+-----------+----------------+-----------+--------+-----+----+------+
Best-so-far configuration:         307    mean value: -4.930790805e+14
Description of the best-so-far configuration:
    .ID. population_size_factor min_elites_percentage max_elites_percentage mutation_probability mutation_distribution num_total_parents num_elite_parents bias_type diversity_type crossover_type num_populations exchange_interval num_exchange_individuals pr_interval shake_interval reset_interval .PARENT.
307  307                    113                  0.18                  0.27                 0.02                  49.2                 3                 1         1              2              0               5               105                       62           0              0              0      274

# 2026-08-29 03:45:06 UTC: Elite configurations (first number is the configuration ID; listed from best to worst according to the sum of ranks):
    population_size_factor min_elites_percentage max_elites_percentage mutation_probability mutation_distribution num_total_parents num_elite_parents bias_type diversity_type crossover_type num_populations exchange_interval num_exchange_individuals pr_interval shake_interval reset_interval
307                    113                  0.18                  0.27                 0.02                 49.20                 3                 1         1              2              0               5               105                       62           0              0              0
363                    113                  0.25                  0.35                 0.01                 56.59                 4                 1         1              2              0               5                96                       62           0              0              0
384                    106                  0.13                  0.21                 0.02                 43.75                 3                 1         1              2              0               5               120                       80           0              0              0
371                    124                  0.25                  0.30                 0.07                 41.16                 2                 1         1              2              0               5               153                       88           0              0              0
291                    119                  0.11                  0.36                 0.01                 31.12                 2                 2         1              2              0               5                85                       89           0              0              0
# 2026-08-29 03:45:06 UTC: Iteration 7 of 7
# experimentsUsed: 2369
# remainingBudget: 131
# currentBudget: 131
# nbConfigurations: 13
# Markers:
     x No test is performed.
     c Configurations are discarded only due to capping.
     - The test is performed and some configurations are discarded.
     = The test is performed but no configuration is discarded.
     ! The test is performed and configurations could be discarded but elite configurations are preserved.
     . Alive configurations were already evaluated on this instance and nothing is discarded.
     : All alive configurations are elite, but some need to be evaluated on this instance.

+-+-----------+-----------+-----------+----------------+-----------+--------+-----+----+------+
| |   Instance|      Alive|       Best|       Mean best| Exp so far|  W time|  rho|KenW|  Qvar|
+-+-----------+-----------+-----------+----------------+-----------+--------+-----+----+------+
|x|         15|         13|        371|-5.895550000e+11|         13|01:05:00|   NA|  NA|    NA|
|x|          2|         13|        384|-3.116681500e+11|         21|00:40:00|+0.61|0.80|0.2160|
|x|          3|         13|        384|-7.408744454e+14|         29|00:40:00|+0.15|0.43|0.8224|
|x|         10|         13|        384|-5.739108591e+14|         37|00:40:00|+0.32|0.49|0.7141|
|-|         13|          6|        384|-4.591354772e+14|         45|00:40:00|+0.06|0.25|0.7429|
|=|          7|          6|        307|-3.847814999e+14|         46|00:05:00|+0.03|0.19|0.7546|
|=|          8|          6|        307|-3.298175649e+14|         47|00:05:00|+0.07|0.20|0.7486|
|=|          6|          6|        307|-5.651928693e+14|         48|00:05:00|-0.04|0.09|0.8069|
|=|          5|          6|        384|-5.026883751e+14|         49|00:05:00|-0.05|0.07|0.8184|
|=|         14|          6|        384|-4.537259076e+14|         50|00:05:00|-0.01|0.09|0.7912|
|=|          9|          6|        384|-4.125314450e+14|         51|00:05:00|+0.00|0.10|0.7871|
|=|          4|          6|        307|-3.851043421e+14|         52|00:05:00|+0.03|0.11|0.7688|
|=|         11|          6|        384|-5.249248996e+14|         53|00:05:00|+0.04|0.11|0.7633|
|=|          1|          6|        384|-4.874722961e+14|         54|00:05:00|+0.06|0.13|0.7435|
|=|         12|          6|        307|-4.602464044e+14|         55|00:05:00|+0.09|0.15|0.7265|
|-|         16|          5|        384|-4.319026216e+14|         61|00:30:00|-0.03|0.04|0.8306|
+-+-----------+-----------+-----------+----------------+-----------+--------+-----+----+------+
Best-so-far configuration:         384    mean value: -4.319026216e+14
Description of the best-so-far configuration:
    .ID. population_size_factor min_elites_percentage max_elites_percentage mutation_probability mutation_distribution num_total_parents num_elite_parents bias_type diversity_type crossover_type num_populations exchange_interval num_exchange_individuals pr_interval shake_interval reset_interval .PARENT.
384  384                    106                  0.13                  0.21                 0.02                 43.75                 3                 1         1              2              0               5               120                       80           0              0              0      274

# 2026-08-29 08:50:11 UTC: Elite configurations (first number is the configuration ID; listed from best to worst according to the sum of ranks):
    population_size_factor min_elites_percentage max_elites_percentage mutation_probability mutation_distribution num_total_parents num_elite_parents bias_type diversity_type crossover_type num_populations exchange_interval num_exchange_individuals pr_interval shake_interval reset_interval
384                    106                  0.13                  0.21                 0.02                 43.75                 3                 1         1              2              0               5               120                       80           0              0              0
307                    113                  0.18                  0.27                 0.02                 49.20                 3                 1         1              2              0               5               105                       62           0              0              0
363                    113                  0.25                  0.35                 0.01                 56.59                 4                 1         1              2              0               5                96                       62           0              0              0
371                    124                  0.25                  0.30                 0.07                 41.16                 2                 1         1              2              0               5               153                       88           0              0              0
291                    119                  0.11                  0.36                 0.01                 31.12                 2                 2         1              2              0               5                85                       89           0              0              0
# 2026-08-29 08:50:11 UTC: Iteration 8 of 8
# experimentsUsed: 2430
# remainingBudget: 70
# currentBudget: 70
# nbConfigurations: 8
# Markers:
     x No test is performed.
     c Configurations are discarded only due to capping.
     - The test is performed and some configurations are discarded.
     = The test is performed but no configuration is discarded.
     ! The test is performed and configurations could be discarded but elite configurations are preserved.
     . Alive configurations were already evaluated on this instance and nothing is discarded.
     : All alive configurations are elite, but some need to be evaluated on this instance.

+-+-----------+-----------+-----------+----------------+-----------+--------+-----+----+------+
| |   Instance|      Alive|       Best|       Mean best| Exp so far|  W time|  rho|KenW|  Qvar|
+-+-----------+-----------+-----------+----------------+-----------+--------+-----+----+------+
|x|         17|          8|        307|-7.317300000e+13|          8|00:40:00|   NA|  NA|    NA|
|x|          4|          8|        307|-7.317885000e+13|         11|00:15:00|+0.83|0.92|0.1950|
|x|         13|          8|        307|-4.879722723e+13|         14|00:15:00|+0.87|0.92|0.2607|
|x|          5|          8|        363|-3.974322295e+13|         17|00:15:00|+0.61|0.71|0.3841|
|-|         10|          5|        307|-4.644005634e+13|         20|00:15:00|-0.08|0.14|0.9163|
|.|          8|          5|        307|-3.870570615e+13|         20|00:00:00|-0.09|0.09|0.8670|
|.|         11|          5|        307|-3.487491767e+14|         20|00:00:00|-0.11|0.05|0.9093|
|.|         14|          5|        307|-3.067816171e+14|         20|00:00:00|-0.06|0.07|0.8866|
|.|         15|          5|        307|-2.727602083e+14|         20|00:00:00|-0.08|0.04|0.8777|
|.|          7|          5|        307|-2.467888775e+14|         20|00:00:00|-0.07|0.03|0.8674|
|.|          3|          5|        307|-4.263626159e+14|         20|00:00:00|-0.03|0.06|0.8394|
|.|          9|          5|        307|-3.908817605e+14|         20|00:00:00|-0.04|0.05|0.8323|
|.|         16|          5|        307|-3.618101943e+14|         20|00:00:00|-0.04|0.04|0.8266|
|.|         12|          5|        307|-3.411698590e+14|         20|00:00:00|-0.02|0.05|0.8149|
|.|          6|          5|        307|-4.659465351e+14|         20|00:00:00|-0.03|0.04|0.8211|
|.|          1|          5|        307|-4.368616554e+14|         20|00:00:00|-0.03|0.03|0.8236|
|.|          2|          5|        307|-4.111659097e+14|         20|00:00:00|-0.02|0.04|0.8202|
+-+-----------+-----------+-----------+----------------+-----------+--------+-----+----+------+
Best configuration for the instances in this race: 307
Best-so-far configuration:         384    mean value: -4.107786262e+14
Description of the best-so-far configuration:
    .ID. population_size_factor min_elites_percentage max_elites_percentage mutation_probability mutation_distribution num_total_parents num_elite_parents bias_type diversity_type crossover_type num_populations exchange_interval num_exchange_individuals pr_interval shake_interval reset_interval .PARENT.
384  384                    106                  0.13                  0.21                 0.02                 43.75                 3                 1         1              2              0               5               120                       80           0              0              0      274

# 2026-08-29 10:30:13 UTC: Elite configurations (first number is the configuration ID; listed from best to worst according to the sum of ranks):
    population_size_factor min_elites_percentage max_elites_percentage mutation_probability mutation_distribution num_total_parents num_elite_parents bias_type diversity_type crossover_type num_populations exchange_interval num_exchange_individuals pr_interval shake_interval reset_interval
384                    106                  0.13                  0.21                 0.02                 43.75                 3                 1         1              2              0               5               120                       80           0              0              0
307                    113                  0.18                  0.27                 0.02                 49.20                 3                 1         1              2              0               5               105                       62           0              0              0
363                    113                  0.25                  0.35                 0.01                 56.59                 4                 1         1              2              0               5                96                       62           0              0              0
371                    124                  0.25                  0.30                 0.07                 41.16                 2                 1         1              2              0               5               153                       88           0              0              0
291                    119                  0.11                  0.36                 0.01                 31.12                 2                 2         1              2              0               5                85                       89           0              0              0
# 2026-08-29 10:30:13 UTC: Iteration 9 of 9
# experimentsUsed: 2450
# remainingBudget: 50
# currentBudget: 50
# nbConfigurations: 7
# Markers:
     x No test is performed.
     c Configurations are discarded only due to capping.
     - The test is performed and some configurations are discarded.
     = The test is performed but no configuration is discarded.
     ! The test is performed and configurations could be discarded but elite configurations are preserved.
     . Alive configurations were already evaluated on this instance and nothing is discarded.
     : All alive configurations are elite, but some need to be evaluated on this instance.

+-+-----------+-----------+-----------+----------------+-----------+--------+-----+----+------+
| |   Instance|      Alive|       Best|       Mean best| Exp so far|  W time|  rho|KenW|  Qvar|
+-+-----------+-----------+-----------+----------------+-----------+--------+-----+----+------+
|x|         18|          7|        371|-3.406560000e+10|          7|00:35:00|   NA|  NA|    NA|
|x|          2|          7|        384|-3.397610000e+10|          9|00:10:00|+0.21|0.61|0.2141|
|x|         10|          7|        384|-2.436268407e+13|         11|00:10:00|+0.49|0.66|0.3356|
|x|         17|          7|        307|-3.653153982e+13|         13|00:10:00|+0.29|0.46|0.5606|
|=|          3|          7|        307|-4.736452319e+14|         15|00:10:00|+0.23|0.38|0.6474|
|-|          4|          6|        307|-4.069018099e+14|         17|00:10:00|+0.10|0.25|0.7711|
|=|          7|          6|        307|-3.506368228e+14|         18|00:05:00|+0.09|0.22|0.7576|
|=|         14|          6|        307|-3.084333074e+14|         19|00:05:00|+0.03|0.15|0.8184|
|=|          5|          6|        307|-2.755988733e+14|         20|00:05:00|-0.01|0.10|0.8277|
|=|          8|          6|        384|-2.479692242e+14|         21|00:05:00|-0.00|0.10|0.8408|
|=|          1|          6|        384|-2.254800629e+14|         22|00:05:00|+0.02|0.10|0.8265|
|=|          9|          6|        307|-2.068003855e+14|         23|00:05:00|+0.04|0.12|0.8011|
|=|         11|          6|        384|-3.611021162e+14|         24|00:05:00|-0.01|0.07|0.8376|
|=|          6|          6|        307|-4.931024732e+14|         25|00:05:00|-0.03|0.05|0.8478|
|=|         13|          6|        307|-4.602312405e+14|         26|00:05:00|-0.03|0.04|0.8603|
|=|         15|          6|        307|-4.315035966e+14|         27|00:05:00|-0.03|0.03|0.8492|
|=|         16|          6|        384|-4.064983827e+14|         28|00:05:00|-0.03|0.03|0.8466|
|=|         12|          6|        384|-3.879594781e+14|         29|00:05:00|-0.02|0.03|0.8489|
|=|         19|          6|        307|-3.679179530e+14|         35|00:30:00|-0.03|0.03|0.8437|
+-+-----------+-----------+-----------+----------------+-----------+--------+-----+----+------+
Best-so-far configuration:         307    mean value: -3.679179530e+14
Description of the best-so-far configuration:
    .ID. population_size_factor min_elites_percentage max_elites_percentage mutation_probability mutation_distribution num_total_parents num_elite_parents bias_type diversity_type crossover_type num_populations exchange_interval num_exchange_individuals pr_interval shake_interval reset_interval .PARENT.
307  307                    113                  0.18                  0.27                 0.02                  49.2                 3                 1         1              2              0               5               105                       62           0              0              0      274

# 2026-08-29 13:25:16 UTC: Elite configurations (first number is the configuration ID; listed from best to worst according to the sum of ranks):
    population_size_factor min_elites_percentage max_elites_percentage mutation_probability mutation_distribution num_total_parents num_elite_parents bias_type diversity_type crossover_type num_populations exchange_interval num_exchange_individuals pr_interval shake_interval reset_interval
307                    113                  0.18                  0.27                 0.02                 49.20                 3                 1         1              2              0               5               105                       62           0              0              0
384                    106                  0.13                  0.21                 0.02                 43.75                 3                 1         1              2              0               5               120                       80           0              0              0
404                    118                  0.08                  0.26                 0.01                 57.85                 3                 1         1              2              0               5                92                       81           0              0              0
371                    124                  0.25                  0.30                 0.07                 41.16                 2                 1         1              2              0               5               153                       88           0              0              0
363                    113                  0.25                  0.35                 0.01                 56.59                 4                 1         1              2              0               5                96                       62           0              0              0
# 2026-08-29 13:25:16 UTC: Stopped because there is not enough budget left to race more than the minimum (5).
# You may either increase the budget or set 'minNbSurvival' to a lower value.
# Iteration: 10
# nbIterations: 10
# experimentsUsed: 2485
# timeUsed: 0
# remainingBudget: 15
# currentBudget: 15
# number of elites: 5
# nbConfigurations: 5
# Total CPU user time: 745942.7, CPU sys time: 85.278, Wall-clock time: 746036.5
# 2026-08-29 13:25:16 UTC: Starting post-selection:
# Configurations selected: 307, 384, 404, 371, 363, 291, 274.
# Pending instances: 1, 1, 1, 1, 1, 1, 6.
# 2026-08-29 13:25:16 UTC: seed: 1159401538
# Configurations: 7
# Available experiments: 15
# minSurvival: 1
# Markers:
     x No test is performed.
     c Configurations are discarded only due to capping.
     - The test is performed and some configurations are discarded.
     = The test is performed but no configuration is discarded.
     ! The test is performed and configurations could be discarded but elite configurations are preserved.
     . Alive configurations were already evaluated on this instance and nothing is discarded.
     : All alive configurations are elite, but some need to be evaluated on this instance.

+-+-----------+-----------+-----------+----------------+-----------+--------+-----+----+------+
| |   Instance|      Alive|       Best|       Mean best| Exp so far|  W time|  rho|KenW|  Qvar|
+-+-----------+-----------+-----------+----------------+-----------+--------+-----+----+------+
|.|          4|          7|        307|-7.318470000e+13|          0|00:00:00|   NA|  NA|    NA|
|.|          5|          7|        307|-4.305405000e+13|          0|00:00:00|-0.46|0.27|1.0754|
|.|          2|          7|        307|-2.871402650e+13|          0|00:00:00|-0.36|0.10|1.1096|
|.|          7|          7|        307|-2.479724488e+13|          0|00:00:00|-0.18|0.12|0.9129|
|.|          6|          7|        307|-4.624017959e+14|          0|00:00:00|-0.10|0.12|0.8657|
|.|         10|          7|        307|-3.974823632e+14|          0|00:00:00|-0.10|0.08|0.9150|
|.|         12|          7|        307|-3.511056685e+14|          0|00:00:00|-0.10|0.06|0.9535|
|x|         17|          7|        307|-3.163640849e+14|          1|00:05:00|-0.04|0.09|0.9060|
|.|          9|          7|        307|-2.812783367e+14|          1|00:00:00|-0.04|0.08|0.8661|
|.|         13|          7|        307|-2.531539012e+14|          1|00:00:00|-0.02|0.08|0.8657|
|x|         16|          7|        307|-2.313173102e+14|          2|00:05:00|-0.03|0.07|0.8650|
|.|         11|          7|        307|-3.961250344e+14|          2|00:00:00|-0.04|0.04|0.8876|
|.|          8|          7|        307|-3.656564898e+14|          2|00:00:00|-0.04|0.04|0.8873|
|.|          1|          7|        307|-3.395802020e+14|          2|00:00:00|-0.05|0.03|0.8852|
|.|         14|          7|        307|-3.178087685e+14|          2|00:00:00|-0.03|0.04|0.8714|
|x|         19|          7|        384|-2.975771172e+14|          3|00:05:00|-0.05|0.02|0.8706|
|x|         18|          7|        307|-2.804560099e+14|          4|00:05:00|-0.04|0.02|0.8601|
|.|          3|          7|        307|-3.883251205e+14|          4|00:00:00|-0.03|0.03|0.8637|
|=|         15|          7|        307|-3.679179530e+14|          5|00:05:00|-0.02|0.03|0.8544|
|=|         20|          7|        384|-4.606583590e+14|         12|00:35:01|-0.02|0.03|0.8575|
+-+-----------+-----------+-----------+----------------+-----------+--------+-----+----+------+
Best-so-far configuration:         384    mean value: -4.606583590e+14
Description of the best-so-far configuration:
    .ID. population_size_factor min_elites_percentage max_elites_percentage mutation_probability mutation_distribution num_total_parents num_elite_parents bias_type diversity_type crossover_type num_populations exchange_interval num_exchange_individuals pr_interval shake_interval reset_interval .PARENT.
384  384                    106                  0.13                  0.21                 0.02                 43.75                 3                 1         1              2              0               5               120                       80           0              0              0      274

# 2026-08-29 14:25:17 UTC: Elite configurations (first number is the configuration ID; listed from best to worst according to the sum of ranks):
    population_size_factor min_elites_percentage max_elites_percentage mutation_probability mutation_distribution num_total_parents num_elite_parents bias_type diversity_type crossover_type num_populations exchange_interval num_exchange_individuals pr_interval shake_interval reset_interval
384                    106                  0.13                  0.21                 0.02                 43.75                 3                 1         1              2              0               5               120                       80           0              0              0
307                    113                  0.18                  0.27                 0.02                 49.20                 3                 1         1              2              0               5               105                       62           0              0              0
404                    118                  0.08                  0.26                 0.01                 57.85                 3                 1         1              2              0               5                92                       81           0              0              0
371                    124                  0.25                  0.30                 0.07                 41.16                 2                 1         1              2              0               5               153                       88           0              0              0
291                    119                  0.11                  0.36                 0.01                 31.12                 2                 2         1              2              0               5                85                       89           0              0              0
# Total CPU user time: 749543.8, CPU sys time: 85.797, Wall-clock time: 749638.1
# Best configurations (first number is the configuration ID; listed from best to worst according to the sum of ranks):
    population_size_factor min_elites_percentage max_elites_percentage mutation_probability mutation_distribution num_total_parents num_elite_parents bias_type diversity_type crossover_type num_populations exchange_interval num_exchange_individuals pr_interval shake_interval reset_interval
384                    106                  0.13                  0.21                 0.02                 43.75                 3                 1         1              2              0               5               120                       80           0              0              0
307                    113                  0.18                  0.27                 0.02                 49.20                 3                 1         1              2              0               5               105                       62           0              0              0
404                    118                  0.08                  0.26                 0.01                 57.85                 3                 1         1              2              0               5                92                       81           0              0              0
371                    124                  0.25                  0.30                 0.07                 41.16                 2                 1         1              2              0               5               153                       88           0              0              0
291                    119                  0.11                  0.36                 0.01                 31.12                 2                 2         1              2              0               5                85                       89           0              0              0
# Best configurations as commandlines (first number is the configuration ID; listed from best to worst according to the sum of ranks):
384 --population-size-factor 106 --min-elites-percentage 0.13 --max-elites-percentage 0.21 --mutation-probability 0.02 --mutation-distribution 43.75 --num-total-parents 3 --num-elite-parents 1 --bias-type 1 --diversity-type 2 --crossover-type 0 --num-populations 5 --exchange-interval 120 --num-exchange-individuals 80 --pr-interval 0 --shake-interval 0 --reset-interval 0
307 --population-size-factor 113 --min-elites-percentage 0.18 --max-elites-percentage 0.27 --mutation-probability 0.02 --mutation-distribution 49.2 --num-total-parents 3 --num-elite-parents 1 --bias-type 1 --diversity-type 2 --crossover-type 0 --num-populations 5 --exchange-interval 105 --num-exchange-individuals 62 --pr-interval 0 --shake-interval 0 --reset-interval 0
404 --population-size-factor 118 --min-elites-percentage 0.08 --max-elites-percentage 0.26 --mutation-probability 0.01 --mutation-distribution 57.85 --num-total-parents 3 --num-elite-parents 1 --bias-type 1 --diversity-type 2 --crossover-type 0 --num-populations 5 --exchange-interval 92 --num-exchange-individuals 81 --pr-interval 0 --shake-interval 0 --reset-interval 0
371 --population-size-factor 124 --min-elites-percentage 0.25 --max-elites-percentage 0.3 --mutation-probability 0.07 --mutation-distribution 41.16 --num-total-parents 2 --num-elite-parents 1 --bias-type 1 --diversity-type 2 --crossover-type 0 --num-populations 5 --exchange-interval 153 --num-exchange-individuals 88 --pr-interval 0 --shake-interval 0 --reset-interval 0
291 --population-size-factor 119 --min-elites-percentage 0.11 --max-elites-percentage 0.36 --mutation-probability 0.01 --mutation-distribution 31.12 --num-total-parents 2 --num-elite-parents 2 --bias-type 1 --diversity-type 2 --crossover-type 0 --num-populations 5 --exchange-interval 85 --num-exchange-individuals 89 --pr-interval 0 --shake-interval 0 --reset-interval 0


# Testing of elite configurations: 1 
# Testing iteration configurations: FALSE 
# 2026-08-29 14:25:17 UTC: No test instances, skip testing
