#------------------------------------------------------------------------------
# irace: An implementation in R of (Elitist) Iterated Racing
# Version: 4.4.3.dd8d85f
# Copyright (C) 2010-2025
# Manuel Lopez-Ibanez     <manuel.lopez-ibanez@manchester.ac.uk>
# Jeremie Dubois-Lacoste
# Leslie Perez Caceres    <leslie.perez.caceres@ulb.ac.be>
#
# This is free software, and you are welcome to redistribute it under certain
# conditions.  See the GNU General Public License for details. There is NO
# WARRANTY; not even for MERCHANTABILITY or FITNESS FOR A PARTICULAR PURPOSE.
#
# irace builds upon previous code from the race package:
#     race: Racing methods for the selection of the best
#     Copyright (C) 2003 Mauro Birattari
#------------------------------------------------------------------------------
# installed at: /usr/local/lib/R/site-library/irace
# called with: --scenario nsbrkga-scenario-stage6.txt
# 2026-08-20 22:11:19 UTC: Reading parameter file '/home/lelescavacini/mofjssp_irace/irace/nsbrkga-parameters-stage6.txt'.
# 2026-08-20 22:11:19 UTC: 5 expression(s) specifying forbidden configurations read.
# 2026-08-20 22:11:19 UTC: Initialization
# Elitist race
# Elitist new instances: 1
# Elitist limit: 2
# nbIterations: 6
# minNbSurvival: 6
# nbParameters: 22
# seed: 146952349
# confidence level: 0.95
# budget: 2500
# mu: 5
# deterministic: FALSE

# 2026-08-20 22:11:19 UTC: Iteration 1 of 6
# experimentsUsed: 0
# remainingBudget: 2500
# currentBudget: 416
# nbConfigurations: 69
# Markers:
     x No test is performed.
     c Configurations are discarded only due to capping.
     - The test is performed and some configurations are discarded.
     = The test is performed but no configuration is discarded.
     ! The test is performed and configurations could be discarded but elite configurations are preserved.
     . Alive configurations were already evaluated on this instance and nothing is discarded.
     : All alive configurations are elite, but some need to be evaluated on this instance.

+-+-----------+-----------+-----------+----------------+-----------+--------+-----+----+------+
| |   Instance|      Alive|       Best|       Mean best| Exp so far|  W time|  rho|KenW|  Qvar|
+-+-----------+-----------+-----------+----------------+-----------+--------+-----+----+------+
# 2026-08-21 00:12:04 UTC: Immediately rejected configurations: 6
|x|          1|         23|         22|-2.181780000e+15|         24|02:00:44|   NA|  NA|    NA|
|x|          2|         23|         12|-1.087236815e+15|         47|01:55:01|+0.63|0.82|0.4303|
|x|          3|         23|         12|-7.290816765e+14|         70|01:55:08|+0.71|0.81|0.3772|
|x|          4|         23|         12|-5.469569632e+14|         93|01:55:05|+0.69|0.77|0.3126|
|-|          5|          6|         12|-4.519948305e+14|        116|01:55:05|+0.01|0.20|0.8372|
+-+-----------+-----------+-----------+----------------+-----------+--------+-----+----+------+
Best-so-far configuration:          12    mean value: -4.519948305e+14
Description of the best-so-far configuration:
   .ID. population_size_factor min_elites_percentage max_elites_percentage mutation_probability mutation_distribution num_total_parents num_elite_parents bias_type diversity_type crossover_type num_populations exchange_interval num_exchange_individuals pr_type pr_dist_func pr_percentage pr_interval shake_interval shake_intensity shake_distribution reset_interval reset_intensity .PARENT.
12   12                     40                  0.12                  0.17                 0.59                 82.43                 3                 1         5              0              0               5               567                        4       0            0          0.67         383            287            0.81              25.72            519            0.05       NA

# 2026-08-21 07:52:25 UTC: Elite configurations (first number is the configuration ID; listed from best to worst according to the sum of ranks):
   population_size_factor min_elites_percentage max_elites_percentage mutation_probability mutation_distribution num_total_parents num_elite_parents bias_type diversity_type crossover_type num_populations exchange_interval num_exchange_individuals pr_type pr_dist_func pr_percentage pr_interval shake_interval shake_intensity shake_distribution reset_interval reset_intensity
12                     40                  0.12                  0.17                 0.59                 82.43                 3                 1         5              0              0               5               567                        4       0            0          0.67         383            287            0.81              25.72            519            0.05
8                      85                  0.14                  0.38                 0.27                 61.55                 2                 1         0              3              0               2               387                       94       2            0          0.51         922            139            0.49              65.17            918            0.94
22                    103                  0.02                  0.81                 0.42                 68.89                 2                 1         3              0              0               4               360                       86       1            1          0.32         902            267            0.09              87.21            461            0.85
1                      83                  0.40                  0.82                 0.79                 72.37                 5                 5         4              0              0               3               590                       61       0            2          0.61         781            185            0.08              14.12            746            0.28
3                      42                  0.25                  0.30                 0.76                 32.16                 5                 2         2              1              0               3               372                        8       1            0          0.21         687             92            0.97              29.59            402            0.31
4                      28                  0.33                  0.44                 0.59                 67.73                 4                 3         5              0              0               4               825                       25       2            0          0.81         609            326            0.68              58.98            730            0.63
# 2026-08-21 07:52:25 UTC: Iteration 2 of 6
# experimentsUsed: 116
# remainingBudget: 2384
# currentBudget: 476
# nbConfigurations: 72
# Markers:
     x No test is performed.
     c Configurations are discarded only due to capping.
     - The test is performed and some configurations are discarded.
     = The test is performed but no configuration is discarded.
     ! The test is performed and configurations could be discarded but elite configurations are preserved.
     . Alive configurations were already evaluated on this instance and nothing is discarded.
     : All alive configurations are elite, but some need to be evaluated on this instance.

+-+-----------+-----------+-----------+----------------+-----------+--------+-----+----+------+
| |   Instance|      Alive|       Best|       Mean best| Exp so far|  W time|  rho|KenW|  Qvar|
+-+-----------+-----------+-----------+----------------+-----------+--------+-----+----+------+
|x|          6|         72|         56|-1.284090000e+13|         72|06:00:35|   NA|  NA|    NA|
|x|          3|         72|         56|-1.284400000e+13|        138|05:30:40|+0.93|0.96|0.0888|
|x|          2|         72|         60|-8.582954300e+12|        204|05:30:07|+0.81|0.87|0.2806|
|x|          1|         72|         60|-5.510672157e+14|        270|05:31:43|+0.84|0.88|0.2281|
# 2026-08-22 11:56:04 UTC: Immediately rejected configurations: 47
|-|          5|         16|         38|-4.567108161e+14|        336|05:30:31|+0.29|0.43|0.5783|
|-|          4|         12|         76|-3.818589707e+14|        346|00:50:00|+0.02|0.18|0.9443|
|=|          7|         12|         60|-3.253554908e+14|        358|01:00:00|+0.09|0.22|0.8674|
|-|          8|          7|         60|-2.936983295e+14|        370|01:00:01|-0.03|0.10|0.8743|
|=|          9|          7|         60|-2.610689356e+14|        377|00:35:00|+0.01|0.12|0.8275|
|=|         10|          7|         60|-4.536920420e+14|        384|00:35:00|+0.01|0.11|0.8226|
+-+-----------+-----------+-----------+----------------+-----------+--------+-----+----+------+
Best-so-far configuration:          60    mean value: -4.536920420e+14
Description of the best-so-far configuration:
   .ID. population_size_factor min_elites_percentage max_elites_percentage mutation_probability mutation_distribution num_total_parents num_elite_parents bias_type diversity_type crossover_type num_populations exchange_interval num_exchange_individuals pr_type pr_dist_func pr_percentage pr_interval shake_interval shake_intensity shake_distribution reset_interval reset_intensity .PARENT.
60   60                    103                   0.2                  0.28                 0.17                 87.54                 4                 2         3              3              0               3               387                       58       1            1          0.72         669            535            0.45               47.5            989            0.78       22

# 2026-08-22 15:56:08 UTC: Elite configurations (first number is the configuration ID; listed from best to worst according to the sum of ranks):
   population_size_factor min_elites_percentage max_elites_percentage mutation_probability mutation_distribution num_total_parents num_elite_parents bias_type diversity_type crossover_type num_populations exchange_interval num_exchange_individuals pr_type pr_dist_func pr_percentage pr_interval shake_interval shake_intensity shake_distribution reset_interval reset_intensity
60                    103                  0.20                  0.28                 0.17                 87.54                 4                 2         3              3              0               3               387                       58       1            1          0.72         669            535            0.45              47.50            989            0.78
38                     50                  0.10                  0.16                 0.20                 95.53                 4                 2         6              2              0               3               429                       41       1            0          0.24          54            161            0.49              83.74            654            0.01
76                    120                  0.45                  0.78                 0.44                 57.09                 4                 2         6              0              0               5               602                       18       1            0          0.54         263            453            0.59              75.59            835            0.38
51                     58                  0.48                  0.59                 0.78                 88.99                 4                 1         5              1              0               4               534                       19       0            2          0.27         666             43            0.81               9.50            498            0.27
62                     60                  0.49                  0.63                 0.58                 88.54                 3                 3         5              1              0               3               614                       61       0            2          0.35         544            162            0.59              84.28            854            0.80
82                    108                  0.54                  0.84                 0.18                 69.11                 5                 2         4              0              0               5               254                       65       1            0          0.07         296             38            0.21              82.83            828            0.33
# 2026-08-22 15:56:08 UTC: Iteration 3 of 6
# experimentsUsed: 500
# remainingBudget: 2000
# currentBudget: 500
# nbConfigurations: 50
# Markers:
     x No test is performed.
     c Configurations are discarded only due to capping.
     - The test is performed and some configurations are discarded.
     = The test is performed but no configuration is discarded.
     ! The test is performed and configurations could be discarded but elite configurations are preserved.
     . Alive configurations were already evaluated on this instance and nothing is discarded.
     : All alive configurations are elite, but some need to be evaluated on this instance.

+-+-----------+-----------+-----------+----------------+-----------+--------+-----+----+------+
| |   Instance|      Alive|       Best|       Mean best| Exp so far|  W time|  rho|KenW|  Qvar|
+-+-----------+-----------+-----------+----------------+-----------+--------+-----+----+------+
|x|         11|         50|         92|-3.384410000e+10|         50|04:10:15|   NA|  NA|    NA|
|x|          2|         50|         94|-3.387215000e+10|         94|03:40:11|+0.91|0.96|0.0777|
|x|          3|         50|         94|-4.288548100e+12|        138|03:40:33|+0.87|0.91|0.2478|
|x|          1|         50|         82|-5.511682734e+14|        182|03:41:15|+0.86|0.90|0.2184|
|-|          8|         13|         60|-4.527208545e+14|        226|03:40:26|-0.13|0.09|1.0301|
|=|          9|         13|         60|-3.772730094e+14|        233|00:35:00|-0.04|0.14|0.9406|
|=|          6|         13|         94|-3.244782626e+14|        240|00:35:02|-0.03|0.12|0.9233|
|=|         10|         13|         60|-5.579668196e+14|        247|00:35:04|-0.02|0.11|0.9250|
|=|          4|         13|         60|-4.960352685e+14|        254|00:35:00|-0.02|0.10|0.9234|
|=|          7|         13|         60|-4.464903530e+14|        261|00:35:00|+0.02|0.12|0.8887|
|=|          5|         13|         60|-4.124503754e+14|        268|00:35:03|+0.03|0.11|0.8965|
|=|         12|         13|         94|-3.813862685e+14|        281|01:05:01|+0.04|0.12|0.8840|
+-+-----------+-----------+-----------+----------------+-----------+--------+-----+----+------+
Best-so-far configuration:          94    mean value: -3.813862685e+14
Description of the best-so-far configuration:
   .ID. population_size_factor min_elites_percentage max_elites_percentage mutation_probability mutation_distribution num_total_parents num_elite_parents bias_type diversity_type crossover_type num_populations exchange_interval num_exchange_individuals pr_type pr_dist_func pr_percentage pr_interval shake_interval shake_intensity shake_distribution reset_interval reset_intensity .PARENT.
94   94                    108                  0.14                  0.21                  0.1                 36.28                 3                 2         5              2              0               2               315                       63       1            0          0.61         945            607            0.19              48.67            855            0.67       60

# 2026-08-23 15:24:04 UTC: Elite configurations (first number is the configuration ID; listed from best to worst according to the sum of ranks):
    population_size_factor min_elites_percentage max_elites_percentage mutation_probability mutation_distribution num_total_parents num_elite_parents bias_type diversity_type crossover_type num_populations exchange_interval num_exchange_individuals pr_type pr_dist_func pr_percentage pr_interval shake_interval shake_intensity shake_distribution reset_interval reset_intensity
94                     108                  0.14                  0.21                 0.10                 36.28                 3                 2         5              2              0               2               315                       63       1            0          0.61         945            607            0.19              48.67            855            0.67
60                     103                  0.20                  0.28                 0.17                 87.54                 4                 2         3              3              0               3               387                       58       1            1          0.72         669            535            0.45              47.50            989            0.78
103                     85                  0.14                  0.19                 0.52                 59.27                 3                 1         5              0              0               4               303                       64       1            0          0.71         641            597            0.02               7.92            910            0.59
38                      50                  0.10                  0.16                 0.20                 95.53                 4                 2         6              2              0               3               429                       41       1            0          0.24          54            161            0.49              83.74            654            0.01
98                      89                  0.11                  0.42                 0.19                 53.33                 4                 3         5              2              0               4               475                       14       1            0          0.26         296            500            0.59              76.86            805            0.43
51                      58                  0.48                  0.59                 0.78                 88.99                 4                 1         5              1              0               4               534                       19       0            2          0.27         666             43            0.81               9.50            498            0.27
# 2026-08-23 15:24:04 UTC: Iteration 4 of 6
# experimentsUsed: 781
# remainingBudget: 1719
# currentBudget: 573
# nbConfigurations: 49
# Markers:
     x No test is performed.
     c Configurations are discarded only due to capping.
     - The test is performed and some configurations are discarded.
     = The test is performed but no configuration is discarded.
     ! The test is performed and configurations could be discarded but elite configurations are preserved.
     . Alive configurations were already evaluated on this instance and nothing is discarded.
     : All alive configurations are elite, but some need to be evaluated on this instance.

+-+-----------+-----------+-----------+----------------+-----------+--------+-----+----+------+
| |   Instance|      Alive|       Best|       Mean best| Exp so far|  W time|  rho|KenW|  Qvar|
+-+-----------+-----------+-----------+----------------+-----------+--------+-----+----+------+
|x|         13|         49|        153|-5.882990000e+11|         49|04:05:08|   NA|  NA|    NA|
|x|          6|         49|         98|-6.756551500e+12|         92|03:35:15|+0.47|0.74|0.2905|
|x|          4|         49|         98|-4.699648667e+12|        135|03:35:05|+0.57|0.71|0.2725|
|x|          2|         49|         98|-3.533228700e+12|        178|03:35:03|+0.58|0.68|0.2998|
|-|         12|         18|        142|-1.728947218e+13|        221|03:35:07|+0.01|0.21|0.9174|
|=|          5|         18|        142|-2.652386015e+13|        233|01:00:00|+0.03|0.19|0.9071|
|=|          1|         18|        142|-3.366133087e+14|        245|01:00:03|+0.07|0.21|0.8758|
|=|          7|         18|        142|-2.946079401e+14|        257|01:00:00|+0.05|0.17|0.9030|
|=|          9|         18|        142|-2.618774959e+14|        269|01:00:00|+0.06|0.16|0.8754|
|-|          3|         13|        142|-2.369801663e+14|        281|01:00:00|+0.03|0.13|0.8824|
|=|         11|         13|        142|-2.154396034e+14|        288|00:35:00|+0.05|0.14|0.8674|
|-|         10|          9|        142|-3.809663032e+14|        295|00:35:02|+0.12|0.20|0.7748|
|-|          8|          4|        142|-3.572165260e+14|        298|00:15:00|-0.05|0.03|0.7210|
+-+-----------+-----------+-----------+----------------+-----------+--------+-----+----+------+
Best-so-far configuration:         142    mean value: -3.572165260e+14
Description of the best-so-far configuration:
    .ID. population_size_factor min_elites_percentage max_elites_percentage mutation_probability mutation_distribution num_total_parents num_elite_parents bias_type diversity_type crossover_type num_populations exchange_interval num_exchange_individuals pr_type pr_dist_func pr_percentage pr_interval shake_interval shake_intensity shake_distribution reset_interval reset_intensity .PARENT.
142  142                     92                  0.28                  0.43                 0.03                 83.64                 4                 2         5              2              0               4               321                       30       1            0          0.26          66            103            0.66              64.56            876            0.04       38

# 2026-08-24 16:14:54 UTC: Elite configurations (first number is the configuration ID; listed from best to worst according to the sum of ranks):
    population_size_factor min_elites_percentage max_elites_percentage mutation_probability mutation_distribution num_total_parents num_elite_parents bias_type diversity_type crossover_type num_populations exchange_interval num_exchange_individuals pr_type pr_dist_func pr_percentage pr_interval shake_interval shake_intensity shake_distribution reset_interval reset_intensity
142                     92                  0.28                  0.43                 0.03                 83.64                 4                 2         5              2              0               4               321                       30       1            0          0.26          66            103            0.66              64.56            876            0.04
152                    119                  0.07                  0.50                 0.07                 33.47                 4                 2         3              0              0               2               718                       99       1            0          0.61         611              3            0.01              66.84            839            0.65
159                     88                  0.13                  0.26                 0.17                 55.22                 2                 2         4              0              0               5               262                       40       1            1          0.61         693            452            0.03              43.08            876            0.62
103                     85                  0.14                  0.19                 0.52                 59.27                 3                 1         5              0              0               4               303                       64       1            0          0.71         641            597            0.02               7.92            910            0.59
# 2026-08-24 16:14:54 UTC: Iteration 5 of 6
# experimentsUsed: 1079
# remainingBudget: 1421
# currentBudget: 710
# nbConfigurations: 54
# Markers:
     x No test is performed.
     c Configurations are discarded only due to capping.
     - The test is performed and some configurations are discarded.
     = The test is performed but no configuration is discarded.
     ! The test is performed and configurations could be discarded but elite configurations are preserved.
     . Alive configurations were already evaluated on this instance and nothing is discarded.
     : All alive configurations are elite, but some need to be evaluated on this instance.

+-+-----------+-----------+-----------+----------------+-----------+--------+-----+----+------+
| |   Instance|      Alive|       Best|       Mean best| Exp so far|  W time|  rho|KenW|  Qvar|
+-+-----------+-----------+-----------+----------------+-----------+--------+-----+----+------+
|x|         14|         54|        152|-1.298320000e+13|         54|04:30:17|   NA|  NA|    NA|
|x|          6|         54|        224|-1.298680000e+13|        104|04:10:12|+0.70|0.85|0.0272|
|x|          4|         54|        180|-8.817815667e+12|        154|04:10:05|+0.58|0.72|0.3391|
|x|         13|         54|        180|-6.760579000e+12|        204|04:10:05|+0.60|0.70|0.3022|
|-|          9|         14|        211|-5.400472720e+12|        254|04:10:03|+0.01|0.21|0.8750|
|=|         11|         14|        211|-4.506058433e+12|        264|00:50:00|+0.06|0.21|0.8391|
|=|         10|         14|        224|-3.188314500e+14|        274|00:50:10|+0.03|0.17|0.8678|
|=|          7|         14|        211|-2.764127254e+14|        284|00:50:07|+0.02|0.14|0.9216|
|=|         12|         14|        224|-2.561031093e+14|        294|00:50:01|+0.04|0.14|0.9084|
|=|          2|         14|        224|-2.304961814e+14|        304|00:50:00|+0.06|0.15|0.8864|
|-|          3|          9|        224|-2.107225104e+14|        314|00:50:05|+0.06|0.14|0.8243|
|=|          8|          9|        224|-1.991843179e+14|        319|00:25:00|+0.05|0.13|0.8152|
|=|          1|          9|        224|-3.534124473e+14|        324|00:25:01|+0.04|0.12|0.8130|
|=|          5|          9|        224|-3.333562439e+14|        329|00:25:00|+0.05|0.12|0.7957|
|-|         15|          6|        224|-4.586931610e+14|        338|00:45:02|-0.01|0.06|0.8293|
+-+-----------+-----------+-----------+----------------+-----------+--------+-----+----+------+
Best-so-far configuration:         224    mean value: -4.586931610e+14
Description of the best-so-far configuration:
    .ID. population_size_factor min_elites_percentage max_elites_percentage mutation_probability mutation_distribution num_total_parents num_elite_parents bias_type diversity_type crossover_type num_populations exchange_interval num_exchange_individuals pr_type pr_dist_func pr_percentage pr_interval shake_interval shake_intensity shake_distribution reset_interval reset_intensity .PARENT.
224  224                    105                  0.42                  0.52                 0.01                 89.72                 4                 2         5              2              0               4               624                       20       1            0          0.39         123            136             0.8              27.95            734            0.34      142

# 2026-08-25 20:26:10 UTC: Elite configurations (first number is the configuration ID; listed from best to worst according to the sum of ranks):
    population_size_factor min_elites_percentage max_elites_percentage mutation_probability mutation_distribution num_total_parents num_elite_parents bias_type diversity_type crossover_type num_populations exchange_interval num_exchange_individuals pr_type pr_dist_func pr_percentage pr_interval shake_interval shake_intensity shake_distribution reset_interval reset_intensity
224                    105                  0.42                  0.52                 0.01                 89.72                 4                 2         5              2              0               4               624                       20       1            0          0.39         123            136            0.80              27.95            734            0.34
152                    119                  0.07                  0.50                 0.07                 33.47                 4                 2         3              0              0               2               718                       99       1            0          0.61         611              3            0.01              66.84            839            0.65
142                     92                  0.28                  0.43                 0.03                 83.64                 4                 2         5              2              0               4               321                       30       1            0          0.26          66            103            0.66              64.56            876            0.04
180                     96                  0.08                  0.45                 0.22                 67.76                 5                 2         5              0              0               4               633                       25       1            0          0.91         253             53            0.53              81.66            871            0.02
211                    125                  0.25                  0.45                 0.23                 67.05                 4                 3         5              2              0               4               182                       70       1            0          0.24         217             13            0.62              74.65            751            0.03
184                    100                  0.05                  0.48                 0.09                 68.53                 3                 2         5              2              0               3               348                       12       1            0          0.76         105            485            0.64              69.63            915            0.17
# 2026-08-25 20:26:10 UTC: Iteration 6 of 6
# experimentsUsed: 1417
# remainingBudget: 1083
# currentBudget: 1083
# nbConfigurations: 73
# Markers:
     x No test is performed.
     c Configurations are discarded only due to capping.
     - The test is performed and some configurations are discarded.
     = The test is performed but no configuration is discarded.
     ! The test is performed and configurations could be discarded but elite configurations are preserved.
     . Alive configurations were already evaluated on this instance and nothing is discarded.
     : All alive configurations are elite, but some need to be evaluated on this instance.

+-+-----------+-----------+-----------+----------------+-----------+--------+-----+----+------+
| |   Instance|      Alive|       Best|       Mean best| Exp so far|  W time|  rho|KenW|  Qvar|
+-+-----------+-----------+-----------+----------------+-----------+--------+-----+----+------+
|x|         16|         73|        284|-5.885030000e+11|         73|06:05:14|   NA|  NA|    NA|
|x|          1|         73|        240|-1.100118916e+15|        140|05:35:59|+0.47|0.74|0.3358|
|x|          8|         73|        243|-7.579994663e+14|        207|05:35:19|+0.60|0.73|0.2369|
|x|          7|         73|        240|-5.683308050e+14|        274|05:35:13|+0.53|0.65|0.2410|
|-|         10|         17|        240|-8.948426440e+14|        341|05:35:41|+0.03|0.22|0.8633|
|=|         12|         17|        284|-7.567851967e+14|        352|00:55:01|+0.06|0.22|0.8162|
|=|          3|         17|        284|-6.505216686e+14|        363|00:55:02|+0.06|0.20|0.8522|
|=|         14|         17|        284|-5.708236975e+14|        374|00:55:05|+0.08|0.19|0.8333|
|=|          9|         17|        284|-5.074026162e+14|        385|00:55:00|+0.06|0.16|0.8682|
|=|          6|         17|        284|-4.579543346e+14|        396|00:55:01|+0.06|0.16|0.8655|
|-|         15|         10|        284|-6.160739405e+14|        407|00:55:04|+0.07|0.16|0.8126|
|=|          2|         10|        284|-5.647372720e+14|        411|00:20:00|+0.07|0.15|0.8167|
|=|          4|         10|        284|-5.213410061e+14|        415|00:20:00|+0.06|0.13|0.8227|
|=|         13|         10|        284|-4.841443666e+14|        419|00:20:00|+0.05|0.12|0.8343|
|=|         11|         10|        284|-4.518703234e+14|        423|00:20:00|+0.02|0.09|0.8699|
|=|          5|         10|        284|-4.281673031e+14|        427|00:20:00|+0.00|0.07|0.8851|
|=|         17|         10|        284|-4.072448383e+14|        437|00:50:00|+0.00|0.06|0.8892|
+-+-----------+-----------+-----------+----------------+-----------+--------+-----+----+------+
Best-so-far configuration:         284    mean value: -4.072448383e+14
Description of the best-so-far configuration:
    .ID. population_size_factor min_elites_percentage max_elites_percentage mutation_probability mutation_distribution num_total_parents num_elite_parents bias_type diversity_type crossover_type num_populations exchange_interval num_exchange_individuals pr_type pr_dist_func pr_percentage pr_interval shake_interval shake_intensity shake_distribution reset_interval reset_intensity .PARENT.
284  284                     83                  0.19                  0.36                 0.14                 41.95                 4                 1         5              2              0               5               487                       32       1            0          0.48          19             47             0.7              46.76            614            0.08      142

# 2026-08-27 08:53:56 UTC: Elite configurations (first number is the configuration ID; listed from best to worst according to the sum of ranks):
    population_size_factor min_elites_percentage max_elites_percentage mutation_probability mutation_distribution num_total_parents num_elite_parents bias_type diversity_type crossover_type num_populations exchange_interval num_exchange_individuals pr_type pr_dist_func pr_percentage pr_interval shake_interval shake_intensity shake_distribution reset_interval reset_intensity
284                     83                  0.19                  0.36                 0.14                 41.95                 4                 1         5              2              0               5               487                       32       1            0          0.48          19             47            0.70              46.76            614            0.08
224                    105                  0.42                  0.52                 0.01                 89.72                 4                 2         5              2              0               4               624                       20       1            0          0.39         123            136            0.80              27.95            734            0.34
243                     81                  0.06                  0.37                 0.14                 85.79                 4                 3         5              2              0               5               795                        5       1            0          0.18         129             14            0.76              63.18            629            0.27
152                    119                  0.07                  0.50                 0.07                 33.47                 4                 2         3              0              0               2               718                       99       1            0          0.61         611              3            0.01              66.84            839            0.65
240                    123                  0.26                  0.78                 0.12                 22.99                 4                 3         3              0              0               2               403                       98       1            0          0.68         724              2            0.16              43.48            579            0.49
142                     92                  0.28                  0.43                 0.03                 83.64                 4                 2         5              2              0               4               321                       30       1            0          0.26          66            103            0.66              64.56            876            0.04
# 2026-08-27 08:53:56 UTC: Iteration 7 of 7
# experimentsUsed: 1854
# remainingBudget: 646
# currentBudget: 646
# nbConfigurations: 41
# Markers:
     x No test is performed.
     c Configurations are discarded only due to capping.
     - The test is performed and some configurations are discarded.
     = The test is performed but no configuration is discarded.
     ! The test is performed and configurations could be discarded but elite configurations are preserved.
     . Alive configurations were already evaluated on this instance and nothing is discarded.
     : All alive configurations are elite, but some need to be evaluated on this instance.

+-+-----------+-----------+-----------+----------------+-----------+--------+-----+----+------+
| |   Instance|      Alive|       Best|       Mean best| Exp so far|  W time|  rho|KenW|  Qvar|
+-+-----------+-----------+-----------+----------------+-----------+--------+-----+----+------+
|x|         18|         41|        328|-2.203570000e+15|         41|03:25:40|   NA|  NA|    NA|
|x|          6|         41|        328|-1.108290950e+15|         76|02:55:13|+0.36|0.68|0.0749|
|x|         12|         41|        224|-7.621351667e+14|        111|02:55:03|+0.40|0.60|0.2539|
|x|         14|         41|        224|-5.748398750e+14|        146|02:55:08|+0.49|0.62|0.2061|
|-|         10|         10|        224|-9.007939000e+14|        181|02:55:33|+0.03|0.23|0.9001|
|=|          7|         10|        224|-7.507585723e+14|        185|00:20:00|-0.04|0.13|0.9507|
|=|          9|         10|        284|-6.418049632e+14|        189|00:20:00|-0.03|0.12|0.9428|
|=|         15|         10|        224|-8.397494136e+14|        193|00:20:00|+0.01|0.13|0.8916|
|=|         17|         10|        224|-7.544843899e+14|        197|00:20:00|-0.01|0.10|0.9092|
|=|          4|         10|        152|-6.772236716e+14|        201|00:20:00|-0.00|0.10|0.9105|
|=|         16|         10|        284|-6.148694964e+14|        205|00:20:00|+0.01|0.10|0.8968|
|=|          1|         10|        224|-7.496399241e+14|        209|00:20:00|+0.02|0.10|0.8905|
|=|         11|         10|        224|-6.919779178e+14|        213|00:20:00|-0.02|0.06|0.9223|
|=|          8|         10|        224|-6.477126522e+14|        217|00:20:00|+0.00|0.07|0.9074|
|=|          5|         10|        224|-6.093735154e+14|        221|00:20:00|+0.01|0.08|0.8916|
|=|          3|         10|        224|-5.720992832e+14|        225|00:20:00|+0.03|0.09|0.8737|
|=|          2|         10|        224|-5.384483742e+14|        229|00:20:00|+0.02|0.07|0.8840|
|=|         13|         10|        284|-5.063179028e+14|        233|00:20:00|+0.02|0.08|0.8842|
|=|         19|         10|        305|-4.800637228e+14|        243|00:50:00|+0.03|0.08|0.8779|
+-+-----------+-----------+-----------+----------------+-----------+--------+-----+----+------+
Best-so-far configuration:         305    mean value: -4.800637228e+14
Description of the best-so-far configuration:
    .ID. population_size_factor min_elites_percentage max_elites_percentage mutation_probability mutation_distribution num_total_parents num_elite_parents bias_type diversity_type crossover_type num_populations exchange_interval num_exchange_individuals pr_type pr_dist_func pr_percentage pr_interval shake_interval shake_intensity shake_distribution reset_interval reset_intensity .PARENT.
305  305                    113                  0.17                  0.35                 0.13                 78.44                 4                 2         5              2              0               5               223                       21       1            0           0.3          56            136            0.74              45.86            702            0.12      142

# 2026-08-28 05:10:40 UTC: Elite configurations (first number is the configuration ID; listed from best to worst according to the sum of ranks):
    population_size_factor min_elites_percentage max_elites_percentage mutation_probability mutation_distribution num_total_parents num_elite_parents bias_type diversity_type crossover_type num_populations exchange_interval num_exchange_individuals pr_type pr_dist_func pr_percentage pr_interval shake_interval shake_intensity shake_distribution reset_interval reset_intensity
305                    113                  0.17                  0.35                 0.13                 78.44                 4                 2         5              2              0               5               223                       21       1            0          0.30          56            136            0.74              45.86            702            0.12
284                     83                  0.19                  0.36                 0.14                 41.95                 4                 1         5              2              0               5               487                       32       1            0          0.48          19             47            0.70              46.76            614            0.08
224                    105                  0.42                  0.52                 0.01                 89.72                 4                 2         5              2              0               4               624                       20       1            0          0.39         123            136            0.80              27.95            734            0.34
243                     81                  0.06                  0.37                 0.14                 85.79                 4                 3         5              2              0               5               795                        5       1            0          0.18         129             14            0.76              63.18            629            0.27
328                     99                  0.06                  0.36                 0.03                 67.92                 4                 3         5              2              0               5               927                        8       1            0          0.07         436             46            0.72              36.75            653            0.39
152                    119                  0.07                  0.50                 0.07                 33.47                 4                 2         3              0              0               2               718                       99       1            0          0.61         611              3            0.01              66.84            839            0.65
# 2026-08-28 05:10:40 UTC: Iteration 8 of 8
# experimentsUsed: 2097
# remainingBudget: 403
# currentBudget: 403
# nbConfigurations: 25
# Markers:
     x No test is performed.
     c Configurations are discarded only due to capping.
     - The test is performed and some configurations are discarded.
     = The test is performed but no configuration is discarded.
     ! The test is performed and configurations could be discarded but elite configurations are preserved.
     . Alive configurations were already evaluated on this instance and nothing is discarded.
     : All alive configurations are elite, but some need to be evaluated on this instance.

+-+-----------+-----------+-----------+----------------+-----------+--------+-----+----+------+
| |   Instance|      Alive|       Best|       Mean best| Exp so far|  W time|  rho|KenW|  Qvar|
+-+-----------+-----------+-----------+----------------+-----------+--------+-----+----+------+
|x|         20|         25|        152|-1.303380000e+13|         25|02:05:06|   NA|  NA|    NA|
|x|          5|         25|        152|-4.286670000e+13|         44|01:35:02|+0.58|0.79|0.2152|
|x|         12|         25|        152|-5.287216667e+13|         63|01:35:02|+0.66|0.78|0.1698|
|x|         18|         25|        152|-5.899116250e+14|         82|01:35:11|+0.60|0.70|0.1594|
|-|         17|         10|        344|-4.873864000e+14|        101|01:35:02|+0.18|0.35|0.7489|
|=|         13|         10|        344|-4.062534210e+14|        105|00:20:00|+0.13|0.28|0.8122|
|=|         15|         10|        344|-6.618957894e+14|        109|00:20:01|+0.05|0.18|0.8680|
|=|          1|         10|        344|-8.549513158e+14|        113|00:20:06|+0.06|0.18|0.8515|
|=|          6|         10|        344|-7.614002696e+14|        117|00:20:00|+0.04|0.15|0.8632|
|=|         16|         10|        344|-6.853190297e+14|        121|00:20:00|+0.04|0.13|0.8510|
|=|          9|         10|        344|-6.230203786e+14|        125|00:20:00|+0.02|0.11|0.8554|
|=|          3|         10|        344|-5.721844137e+14|        129|00:20:00|+0.05|0.13|0.8293|
|=|          4|         10|        344|-5.282155411e+14|        133|00:20:00|+0.05|0.12|0.8476|
|=|         11|         10|        344|-4.904882860e+14|        137|00:20:00|+0.06|0.13|0.8341|
|-|         19|          7|        344|-4.577913284e+14|        141|00:20:00|+0.07|0.13|0.7801|
|!|         14|          7|        344|-4.299945141e+14|        142|00:05:00|+0.08|0.14|0.7699|
|=|          8|          7|        344|-4.089609427e+14|        143|00:05:00|+0.06|0.11|0.7984|
|!|          2|          7|        344|-3.862427785e+14|        144|00:05:00|+0.07|0.12|0.7895|
|!|          7|          7|        344|-3.659451519e+14|        145|00:05:00|+0.07|0.12|0.7793|
|=|         10|          7|        344|-4.574358943e+14|        146|00:05:05|+0.05|0.10|0.7986|
|=|         21|          7|        344|-4.356812466e+14|        153|00:35:00|+0.05|0.10|0.8002|
+-+-----------+-----------+-----------+----------------+-----------+--------+-----+----+------+
Best-so-far configuration:         344    mean value: -4.356812466e+14
Description of the best-so-far configuration:
    .ID. population_size_factor min_elites_percentage max_elites_percentage mutation_probability mutation_distribution num_total_parents num_elite_parents bias_type diversity_type crossover_type num_populations exchange_interval num_exchange_individuals pr_type pr_dist_func pr_percentage pr_interval shake_interval shake_intensity shake_distribution reset_interval reset_intensity .PARENT.
344  344                     91                  0.31                  0.34                 0.03                 49.05                 4                 2         5              2              0               5               267                       37       1            0          0.37          56              8            0.38              28.08            433            0.33      284

# 2026-08-28 17:56:23 UTC: Elite configurations (first number is the configuration ID; listed from best to worst according to the sum of ranks):
    population_size_factor min_elites_percentage max_elites_percentage mutation_probability mutation_distribution num_total_parents num_elite_parents bias_type diversity_type crossover_type num_populations exchange_interval num_exchange_individuals pr_type pr_dist_func pr_percentage pr_interval shake_interval shake_intensity shake_distribution reset_interval reset_intensity
344                     91                  0.31                  0.34                 0.03                 49.05                 4                 2         5              2              0               5               267                       37       1            0          0.37          56              8            0.38              28.08            433            0.33
305                    113                  0.17                  0.35                 0.13                 78.44                 4                 2         5              2              0               5               223                       21       1            0          0.30          56            136            0.74              45.86            702            0.12
328                     99                  0.06                  0.36                 0.03                 67.92                 4                 3         5              2              0               5               927                        8       1            0          0.07         436             46            0.72              36.75            653            0.39
284                     83                  0.19                  0.36                 0.14                 41.95                 4                 1         5              2              0               5               487                       32       1            0          0.48          19             47            0.70              46.76            614            0.08
224                    105                  0.42                  0.52                 0.01                 89.72                 4                 2         5              2              0               4               624                       20       1            0          0.39         123            136            0.80              27.95            734            0.34
243                     81                  0.06                  0.37                 0.14                 85.79                 4                 3         5              2              0               5               795                        5       1            0          0.18         129             14            0.76              63.18            629            0.27
# 2026-08-28 17:56:23 UTC: Iteration 9 of 9
# experimentsUsed: 2250
# remainingBudget: 250
# currentBudget: 250
# nbConfigurations: 17
# Markers:
     x No test is performed.
     c Configurations are discarded only due to capping.
     - The test is performed and some configurations are discarded.
     = The test is performed but no configuration is discarded.
     ! The test is performed and configurations could be discarded but elite configurations are preserved.
     . Alive configurations were already evaluated on this instance and nothing is discarded.
     : All alive configurations are elite, but some need to be evaluated on this instance.

+-+-----------+-----------+-----------+----------------+-----------+--------+-----+----+------+
| |   Instance|      Alive|       Best|       Mean best| Exp so far|  W time|  rho|KenW|  Qvar|
+-+-----------+-----------+-----------+----------------+-----------+--------+-----+----+------+
|x|         22|         17|        359|-3.399130000e+10|         17|01:25:00|   NA|  NA|    NA|
|x|          7|         17|        359|-3.117131500e+11|         28|00:55:01|+0.17|0.59|0.8526|
|x|         16|         17|        359|-4.042721000e+11|         39|00:55:00|+0.38|0.58|0.6437|
|x|          9|         17|        359|-3.116991000e+11|         50|00:55:00|+0.37|0.53|0.6218|
|-|         17|          8|        359|-1.481561928e+13|         61|00:55:00|+0.51|0.61|0.4555|
|-|         10|          7|        359|-3.786896827e+14|         63|00:10:06|+0.34|0.45|0.6033|
|!|          8|          7|        359|-3.350014566e+14|         64|00:05:00|+0.31|0.41|0.6241|
|!|         18|          7|        359|-5.681350246e+14|         65|00:05:00|+0.16|0.27|0.7292|
|!|          3|          7|        359|-5.064526996e+14|         66|00:05:00|+0.17|0.26|0.7318|
|!|          2|          7|        359|-4.558108153e+14|         67|00:05:00|+0.16|0.25|0.7424|
|!|         12|          7|        359|-4.209721684e+14|         68|00:05:00|+0.17|0.25|0.7283|
|!|         11|          7|        359|-3.858939777e+14|         69|00:05:00|+0.17|0.24|0.7345|
|!|          4|          7|        359|-3.562546504e+14|         70|00:05:00|+0.13|0.20|0.7562|
|!|         20|          7|        359|-3.317209182e+14|         71|00:05:00|+0.10|0.16|0.7776|
|=|         21|          7|        344|-3.098513855e+14|         72|00:05:00|+0.08|0.14|0.7935|
|!|         13|          7|        359|-2.903292077e+14|         73|00:05:00|+0.10|0.15|0.7791|
|!|         19|          7|        359|-2.732530170e+14|         74|00:05:00|+0.12|0.18|0.7566|
|!|          6|          7|        359|-2.587941438e+14|         75|00:05:00|+0.10|0.15|0.7675|
|!|         15|          7|        359|-3.605460310e+14|         76|00:05:00|+0.07|0.12|0.7952|
|!|          5|          7|        344|-3.464978865e+14|         77|00:05:00|+0.07|0.11|0.7913|
|!|         14|          7|        344|-3.306190490e+14|         78|00:05:00|+0.07|0.12|0.7848|
|-|          1|          3|        344|-4.158790922e+14|         79|00:05:00|+0.02|0.06|0.6533|
+-+-----------+-----------+-----------+----------------+-----------+--------+-----+----+------+
Best-so-far configuration:         344    mean value: -4.158790922e+14
Description of the best-so-far configuration:
    .ID. population_size_factor min_elites_percentage max_elites_percentage mutation_probability mutation_distribution num_total_parents num_elite_parents bias_type diversity_type crossover_type num_populations exchange_interval num_exchange_individuals pr_type pr_dist_func pr_percentage pr_interval shake_interval shake_intensity shake_distribution reset_interval reset_intensity .PARENT.
344  344                     91                  0.31                  0.34                 0.03                 49.05                 4                 2         5              2              0               5               267                       37       1            0          0.37          56              8            0.38              28.08            433            0.33      284

# 2026-08-29 00:31:36 UTC: Elite configurations (first number is the configuration ID; listed from best to worst according to the sum of ranks):
    population_size_factor min_elites_percentage max_elites_percentage mutation_probability mutation_distribution num_total_parents num_elite_parents bias_type diversity_type crossover_type num_populations exchange_interval num_exchange_individuals pr_type pr_dist_func pr_percentage pr_interval shake_interval shake_intensity shake_distribution reset_interval reset_intensity
344                     91                  0.31                  0.34                 0.03                 49.05                 4                 2         5              2              0               5               267                       37       1            0          0.37          56              8            0.38              28.08            433            0.33
359                    102                  0.10                  0.19                 0.09                 77.06                 4                 1         5              2              0               4               932                        6       1            0          0.28         343             53            0.97              34.05            739            0.56
305                    113                  0.17                  0.35                 0.13                 78.44                 4                 2         5              2              0               5               223                       21       1            0          0.30          56            136            0.74              45.86            702            0.12
# 2026-08-29 00:31:36 UTC: Iteration 10 of 10
# experimentsUsed: 2329
# remainingBudget: 171
# currentBudget: 171
# nbConfigurations: 10
# Markers:
     x No test is performed.
     c Configurations are discarded only due to capping.
     - The test is performed and some configurations are discarded.
     = The test is performed but no configuration is discarded.
     ! The test is performed and configurations could be discarded but elite configurations are preserved.
     . Alive configurations were already evaluated on this instance and nothing is discarded.
     : All alive configurations are elite, but some need to be evaluated on this instance.

+-+-----------+-----------+-----------+----------------+-----------+--------+-----+----+------+
| |   Instance|      Alive|       Best|       Mean best| Exp so far|  W time|  rho|KenW|  Qvar|
+-+-----------+-----------+-----------+----------------+-----------+--------+-----+----+------+
|x|         23|         10|        360|-7.293290000e+13|         10|00:50:01|   NA|  NA|    NA|
|x|         12|         10|        344|-7.265870000e+13|         17|00:35:00|-0.33|0.33|1.1830|
|x|          7|         10|        344|-4.863509100e+13|         24|00:35:00|-0.10|0.27|0.9145|
|x|         19|         10|        359|-3.641795002e+13|         31|00:35:00|+0.05|0.29|0.7712|
|=|          6|         10|        359|-3.173302002e+13|         38|00:35:02|+0.13|0.30|0.7320|
|=|         14|         10|        359|-2.860826668e+13|         45|00:35:05|+0.12|0.27|0.7376|
|-|         17|          5|        344|-3.499329919e+13|         52|00:35:00|+0.20|0.31|0.6532|
+-+-----------+-----------+-----------+----------------+-----------+--------+-----+----+------+
Best-so-far configuration:         344    mean value: -4.009496317e+14
Description of the best-so-far configuration:
    .ID. population_size_factor min_elites_percentage max_elites_percentage mutation_probability mutation_distribution num_total_parents num_elite_parents bias_type diversity_type crossover_type num_populations exchange_interval num_exchange_individuals pr_type pr_dist_func pr_percentage pr_interval shake_interval shake_intensity shake_distribution reset_interval reset_intensity .PARENT.
344  344                     91                  0.31                  0.34                 0.03                 49.05                 4                 2         5              2              0               5               267                       37       1            0          0.37          56              8            0.38              28.08            433            0.33      284

# 2026-08-29 04:51:47 UTC: Elite configurations (first number is the configuration ID; listed from best to worst according to the sum of ranks):
    population_size_factor min_elites_percentage max_elites_percentage mutation_probability mutation_distribution num_total_parents num_elite_parents bias_type diversity_type crossover_type num_populations exchange_interval num_exchange_individuals pr_type pr_dist_func pr_percentage pr_interval shake_interval shake_intensity shake_distribution reset_interval reset_intensity
344                     91                  0.31                  0.34                 0.03                 49.05                 4                 2         5              2              0               5               267                       37       1            0          0.37          56              8            0.38              28.08            433            0.33
359                    102                  0.10                  0.19                 0.09                 77.06                 4                 1         5              2              0               4               932                        6       1            0          0.28         343             53            0.97              34.05            739            0.56
305                    113                  0.17                  0.35                 0.13                 78.44                 4                 2         5              2              0               5               223                       21       1            0          0.30          56            136            0.74              45.86            702            0.12
360                     85                  0.09                  0.33                 0.19                 49.76                 5                 2         5              2              0               5               167                       32       1            0          0.55          61             69            0.49              33.42            413            0.33
366                     95                  0.04                  0.21                 0.02                 84.84                 4                 1         5              2              0               4               776                       13       1            0          0.17         331            125            0.83              35.73            837            0.55
# 2026-08-29 04:51:47 UTC: Iteration 11 of 11
# experimentsUsed: 2381
# remainingBudget: 119
# currentBudget: 119
# nbConfigurations: 9
# Markers:
     x No test is performed.
     c Configurations are discarded only due to capping.
     - The test is performed and some configurations are discarded.
     = The test is performed but no configuration is discarded.
     ! The test is performed and configurations could be discarded but elite configurations are preserved.
     . Alive configurations were already evaluated on this instance and nothing is discarded.
     : All alive configurations are elite, but some need to be evaluated on this instance.

+-+-----------+-----------+-----------+----------------+-----------+--------+-----+----+------+
| |   Instance|      Alive|       Best|       Mean best| Exp so far|  W time|  rho|KenW|  Qvar|
+-+-----------+-----------+-----------+----------------+-----------+--------+-----+----+------+
|x|         24|          9|        344|-2.215110000e+15|          9|00:45:02|   NA|  NA|    NA|
|x|         11|          9|        344|-1.107571985e+15|         15|00:30:00|+0.18|0.59|0.4564|
|x|          5|          9|        344|-7.626555233e+14|         21|00:30:00|+0.27|0.51|0.6531|
|x|          4|          9|        344|-5.721389100e+14|         27|00:30:00|+0.33|0.50|0.5503|
|-|         17|          6|        344|-4.723070680e+14|         31|00:20:00|+0.27|0.41|0.7181|
+-+-----------+-----------+-----------+----------------+-----------+--------+-----+----+------+
Best-so-far configuration:         344    mean value: -4.765396471e+14
Description of the best-so-far configuration:
    .ID. population_size_factor min_elites_percentage max_elites_percentage mutation_probability mutation_distribution num_total_parents num_elite_parents bias_type diversity_type crossover_type num_populations exchange_interval num_exchange_individuals pr_type pr_dist_func pr_percentage pr_interval shake_interval shake_intensity shake_distribution reset_interval reset_intensity .PARENT.
344  344                     91                  0.31                  0.34                 0.03                 49.05                 4                 2         5              2              0               5               267                       37       1            0          0.37          56              8            0.38              28.08            433            0.33      284

# 2026-08-29 07:26:52 UTC: Elite configurations (first number is the configuration ID; listed from best to worst according to the sum of ranks):
    population_size_factor min_elites_percentage max_elites_percentage mutation_probability mutation_distribution num_total_parents num_elite_parents bias_type diversity_type crossover_type num_populations exchange_interval num_exchange_individuals pr_type pr_dist_func pr_percentage pr_interval shake_interval shake_intensity shake_distribution reset_interval reset_intensity
344                     91                  0.31                  0.34                 0.03                 49.05                 4                 2         5              2              0               5               267                       37       1            0          0.37          56              8            0.38              28.08            433            0.33
359                    102                  0.10                  0.19                 0.09                 77.06                 4                 1         5              2              0               4               932                        6       1            0          0.28         343             53            0.97              34.05            739            0.56
305                    113                  0.17                  0.35                 0.13                 78.44                 4                 2         5              2              0               5               223                       21       1            0          0.30          56            136            0.74              45.86            702            0.12
360                     85                  0.09                  0.33                 0.19                 49.76                 5                 2         5              2              0               5               167                       32       1            0          0.55          61             69            0.49              33.42            413            0.33
366                     95                  0.04                  0.21                 0.02                 84.84                 4                 1         5              2              0               4               776                       13       1            0          0.17         331            125            0.83              35.73            837            0.55
370                     98                  0.24                  0.29                 0.08                 51.60                 3                 2         5              2              0               5               231                       24       1            0          0.57          16             23            0.15              16.53            359            0.29
# 2026-08-29 07:26:52 UTC: Iteration 12 of 12
# experimentsUsed: 2412
# remainingBudget: 88
# currentBudget: 88
# nbConfigurations: 9
# Markers:
     x No test is performed.
     c Configurations are discarded only due to capping.
     - The test is performed and some configurations are discarded.
     = The test is performed but no configuration is discarded.
     ! The test is performed and configurations could be discarded but elite configurations are preserved.
     . Alive configurations were already evaluated on this instance and nothing is discarded.
     : All alive configurations are elite, but some need to be evaluated on this instance.

+-+-----------+-----------+-----------+----------------+-----------+--------+-----+----+------+
| |   Instance|      Alive|       Best|       Mean best| Exp so far|  W time|  rho|KenW|  Qvar|
+-+-----------+-----------+-----------+----------------+-----------+--------+-----+----+------+
|x|         25|          9|        344|-1.298510000e+13|          9|00:45:03|   NA|  NA|    NA|
|x|          1|          9|        344|-1.109662550e+15|         15|00:30:03|+0.77|0.88|0.2387|
|x|          6|          9|        344|-7.441056667e+14|         19|00:20:00|+0.29|0.53|0.6710|
|x|         21|          9|        344|-5.582263230e+14|         25|00:30:00|+0.33|0.50|0.6313|
|-|         15|          7|        344|-8.857310584e+14|         31|00:30:01|+0.16|0.33|0.7359|
|=|         22|          7|        344|-7.381148571e+14|         35|00:20:00|+0.15|0.29|0.7061|
|=|         13|          7|        370|-6.347921376e+14|         39|00:20:00|+0.15|0.27|0.7578|
|=|         17|          7|        370|-5.645473204e+14|         40|00:05:00|+0.13|0.24|0.7832|
|!|         14|          7|        344|-5.016999632e+14|         42|00:10:01|+0.17|0.26|0.7461|
|!|         10|          7|        370|-6.737225663e+14|         46|00:20:00|+0.19|0.27|0.7292|
|!|          7|          7|        344|-6.101497765e+14|         48|00:10:00|+0.13|0.21|0.7820|
|!|          5|          7|        344|-5.653725118e+14|         49|00:05:00|+0.13|0.20|0.7872|
|!|          2|          7|        344|-5.218849331e+14|         53|00:20:00|+0.15|0.21|0.7807|
|!|         23|          7|        344|-4.897861164e+14|         55|00:10:00|+0.12|0.18|0.8039|
|!|          8|          7|        344|-4.619619620e+14|         59|00:20:00|+0.11|0.17|0.8010|
|-|          4|          6|        370|-4.347952153e+14|         60|00:05:00|+0.09|0.15|0.7915|
|.|         11|          6|        370|-4.092210249e+14|         60|00:00:00|+0.11|0.16|0.7869|
+-+-----------+-----------+-----------+----------------+-----------+--------+-----+----+------+
Best configuration for the instances in this race: 370
Best-so-far configuration:         344    mean value: -4.579974652e+14
Description of the best-so-far configuration:
    .ID. population_size_factor min_elites_percentage max_elites_percentage mutation_probability mutation_distribution num_total_parents num_elite_parents bias_type diversity_type crossover_type num_populations exchange_interval num_exchange_individuals pr_type pr_dist_func pr_percentage pr_interval shake_interval shake_intensity shake_distribution reset_interval reset_intensity .PARENT.
344  344                     91                  0.31                  0.34                 0.03                 49.05                 4                 2         5              2              0               5               267                       37       1            0          0.37          56              8            0.38              28.08            433            0.33      284

# 2026-08-29 12:27:05 UTC: Elite configurations (first number is the configuration ID; listed from best to worst according to the sum of ranks):
    population_size_factor min_elites_percentage max_elites_percentage mutation_probability mutation_distribution num_total_parents num_elite_parents bias_type diversity_type crossover_type num_populations exchange_interval num_exchange_individuals pr_type pr_dist_func pr_percentage pr_interval shake_interval shake_intensity shake_distribution reset_interval reset_intensity
344                     91                  0.31                  0.34                 0.03                 49.05                 4                 2         5              2              0               5               267                       37       1            0          0.37          56              8            0.38              28.08            433            0.33
359                    102                  0.10                  0.19                 0.09                 77.06                 4                 1         5              2              0               4               932                        6       1            0          0.28         343             53            0.97              34.05            739            0.56
305                    113                  0.17                  0.35                 0.13                 78.44                 4                 2         5              2              0               5               223                       21       1            0          0.30          56            136            0.74              45.86            702            0.12
366                     95                  0.04                  0.21                 0.02                 84.84                 4                 1         5              2              0               4               776                       13       1            0          0.17         331            125            0.83              35.73            837            0.55
360                     85                  0.09                  0.33                 0.19                 49.76                 5                 2         5              2              0               5               167                       32       1            0          0.55          61             69            0.49              33.42            413            0.33
370                     98                  0.24                  0.29                 0.08                 51.60                 3                 2         5              2              0               5               231                       24       1            0          0.57          16             23            0.15              16.53            359            0.29
# 2026-08-29 12:27:05 UTC: Iteration 13 of 13
# experimentsUsed: 2472
# remainingBudget: 28
# currentBudget: 28
# nbConfigurations: 7
# Markers:
     x No test is performed.
     c Configurations are discarded only due to capping.
     - The test is performed and some configurations are discarded.
     = The test is performed but no configuration is discarded.
     ! The test is performed and configurations could be discarded but elite configurations are preserved.
     . Alive configurations were already evaluated on this instance and nothing is discarded.
     : All alive configurations are elite, but some need to be evaluated on this instance.

+-+-----------+-----------+-----------+----------------+-----------+--------+-----+----+------+
| |   Instance|      Alive|       Best|       Mean best| Exp so far|  W time|  rho|KenW|  Qvar|
+-+-----------+-----------+-----------+----------------+-----------+--------+-----+----+------+
|x|         25|          7|        344|-1.298510000e+13|          1|00:05:00|   NA|  NA|    NA|
|x|         15|          7|        374|-1.107515800e+15|          2|00:05:07|+0.43|0.71|0.4359|
|x|         20|          7|        370|-7.437931333e+14|          6|00:20:00|+0.55|0.70|0.4304|
|x|          7|          7|        344|-5.555691932e+14|          7|00:05:00|+0.04|0.28|0.9211|
|=|          9|          7|        370|-4.463991219e+14|         11|00:20:00|-0.00|0.20|0.9253|
|=|         17|          7|        344|-3.825483900e+14|         12|00:05:00|+0.11|0.26|0.8523|
|=|         24|          7|        344|-6.443429057e+14|         13|00:05:00|+0.11|0.23|0.8422|
|=|         10|          7|        344|-8.382700425e+14|         14|00:05:00|+0.10|0.21|0.8279|
|=|         21|          7|        344|-7.451942925e+14|         15|00:05:00|+0.05|0.15|0.8454|
|=|         14|          7|        344|-6.719790932e+14|         16|00:05:00|+0.08|0.17|0.8210|
|=|          3|          7|        344|-6.120708847e+14|         20|00:20:04|+0.09|0.18|0.8059|
|!|         13|          7|        344|-5.611140215e+14|         21|00:05:00|+0.11|0.18|0.7904|
|!|          6|          7|        344|-5.189507814e+14|         22|00:05:00|+0.11|0.17|0.7928|
|!|          1|          7|        344|-6.394785827e+14|         23|00:05:00|+0.11|0.17|0.7777|
|!|         16|          7|        344|-5.968858686e+14|         27|00:20:00|+0.12|0.18|0.7656|
|!|         11|          7|        344|-5.595826249e+14|         28|00:05:00|+0.14|0.20|0.7635|
+-+-----------+-----------+-----------+----------------+-----------+--------+-----+----+------+
Best-so-far configuration:         344    mean value: -4.579974652e+14
Description of the best-so-far configuration:
    .ID. population_size_factor min_elites_percentage max_elites_percentage mutation_probability mutation_distribution num_total_parents num_elite_parents bias_type diversity_type crossover_type num_populations exchange_interval num_exchange_individuals pr_type pr_dist_func pr_percentage pr_interval shake_interval shake_intensity shake_distribution reset_interval reset_intensity .PARENT.
344  344                     91                  0.31                  0.34                 0.03                 49.05                 4                 2         5              2              0               5               267                       37       1            0          0.37          56              8            0.38              28.08            433            0.33      284

# 2026-08-29 14:47:19 UTC: Elite configurations (first number is the configuration ID; listed from best to worst according to the sum of ranks):
    population_size_factor min_elites_percentage max_elites_percentage mutation_probability mutation_distribution num_total_parents num_elite_parents bias_type diversity_type crossover_type num_populations exchange_interval num_exchange_individuals pr_type pr_dist_func pr_percentage pr_interval shake_interval shake_intensity shake_distribution reset_interval reset_intensity
344                     91                  0.31                  0.34                 0.03                 49.05                 4                 2         5              2              0               5               267                       37       1            0          0.37          56              8            0.38              28.08            433            0.33
359                    102                  0.10                  0.19                 0.09                 77.06                 4                 1         5              2              0               4               932                        6       1            0          0.28         343             53            0.97              34.05            739            0.56
305                    113                  0.17                  0.35                 0.13                 78.44                 4                 2         5              2              0               5               223                       21       1            0          0.30          56            136            0.74              45.86            702            0.12
366                     95                  0.04                  0.21                 0.02                 84.84                 4                 1         5              2              0               4               776                       13       1            0          0.17         331            125            0.83              35.73            837            0.55
360                     85                  0.09                  0.33                 0.19                 49.76                 5                 2         5              2              0               5               167                       32       1            0          0.55          61             69            0.49              33.42            413            0.33
370                     98                  0.24                  0.29                 0.08                 51.60                 3                 2         5              2              0               5               231                       24       1            0          0.57          16             23            0.15              16.53            359            0.29
# 2026-08-29 14:47:19 UTC: Stopped because budget is exhausted
# Iteration: 14
# nbIterations: 13
# experimentsUsed: 2500
# timeUsed: 0
# remainingBudget: 0
# currentBudget: 28
# number of elites: 6
# nbConfigurations: 7
# Total CPU user time: 750867.8, CPU sys time: 82.924, Wall-clock time: 750959.5
# Best configurations (first number is the configuration ID; listed from best to worst according to the sum of ranks):
    population_size_factor min_elites_percentage max_elites_percentage mutation_probability mutation_distribution num_total_parents num_elite_parents bias_type diversity_type crossover_type num_populations exchange_interval num_exchange_individuals pr_type pr_dist_func pr_percentage pr_interval shake_interval shake_intensity shake_distribution reset_interval reset_intensity
344                     91                  0.31                  0.34                 0.03                 49.05                 4                 2         5              2              0               5               267                       37       1            0          0.37          56              8            0.38              28.08            433            0.33
359                    102                  0.10                  0.19                 0.09                 77.06                 4                 1         5              2              0               4               932                        6       1            0          0.28         343             53            0.97              34.05            739            0.56
305                    113                  0.17                  0.35                 0.13                 78.44                 4                 2         5              2              0               5               223                       21       1            0          0.30          56            136            0.74              45.86            702            0.12
366                     95                  0.04                  0.21                 0.02                 84.84                 4                 1         5              2              0               4               776                       13       1            0          0.17         331            125            0.83              35.73            837            0.55
360                     85                  0.09                  0.33                 0.19                 49.76                 5                 2         5              2              0               5               167                       32       1            0          0.55          61             69            0.49              33.42            413            0.33
370                     98                  0.24                  0.29                 0.08                 51.60                 3                 2         5              2              0               5               231                       24       1            0          0.57          16             23            0.15              16.53            359            0.29
# Best configurations as commandlines (first number is the configuration ID; listed from best to worst according to the sum of ranks):
344 --population-size-factor 91 --min-elites-percentage 0.31 --max-elites-percentage 0.34 --mutation-probability 0.03 --mutation-distribution 49.05 --num-total-parents 4 --num-elite-parents 2 --bias-type 5 --diversity-type 2 --crossover-type 0 --num-populations 5 --exchange-interval 267 --num-exchange-individuals 37 --pr-type 1 --pr-dist-func 0 --pr-percentage 0.37 --pr-interval 56 --shake-interval 8 --shake-intensity 0.38 --shake-distribution 28.08 --reset-interval 433 --reset-intensity 0.33
359 --population-size-factor 102 --min-elites-percentage 0.1 --max-elites-percentage 0.19 --mutation-probability 0.09 --mutation-distribution 77.06 --num-total-parents 4 --num-elite-parents 1 --bias-type 5 --diversity-type 2 --crossover-type 0 --num-populations 4 --exchange-interval 932 --num-exchange-individuals 6 --pr-type 1 --pr-dist-func 0 --pr-percentage 0.28 --pr-interval 343 --shake-interval 53 --shake-intensity 0.97 --shake-distribution 34.05 --reset-interval 739 --reset-intensity 0.56
305 --population-size-factor 113 --min-elites-percentage 0.17 --max-elites-percentage 0.35 --mutation-probability 0.13 --mutation-distribution 78.44 --num-total-parents 4 --num-elite-parents 2 --bias-type 5 --diversity-type 2 --crossover-type 0 --num-populations 5 --exchange-interval 223 --num-exchange-individuals 21 --pr-type 1 --pr-dist-func 0 --pr-percentage 0.3 --pr-interval 56 --shake-interval 136 --shake-intensity 0.74 --shake-distribution 45.86 --reset-interval 702 --reset-intensity 0.12
366 --population-size-factor 95 --min-elites-percentage 0.04 --max-elites-percentage 0.21 --mutation-probability 0.02 --mutation-distribution 84.84 --num-total-parents 4 --num-elite-parents 1 --bias-type 5 --diversity-type 2 --crossover-type 0 --num-populations 4 --exchange-interval 776 --num-exchange-individuals 13 --pr-type 1 --pr-dist-func 0 --pr-percentage 0.17 --pr-interval 331 --shake-interval 125 --shake-intensity 0.83 --shake-distribution 35.73 --reset-interval 837 --reset-intensity 0.55
360 --population-size-factor 85 --min-elites-percentage 0.09 --max-elites-percentage 0.33 --mutation-probability 0.19 --mutation-distribution 49.76 --num-total-parents 5 --num-elite-parents 2 --bias-type 5 --diversity-type 2 --crossover-type 0 --num-populations 5 --exchange-interval 167 --num-exchange-individuals 32 --pr-type 1 --pr-dist-func 0 --pr-percentage 0.55 --pr-interval 61 --shake-interval 69 --shake-intensity 0.49 --shake-distribution 33.42 --reset-interval 413 --reset-intensity 0.33
370 --population-size-factor 98 --min-elites-percentage 0.24 --max-elites-percentage 0.29 --mutation-probability 0.08 --mutation-distribution 51.6 --num-total-parents 3 --num-elite-parents 2 --bias-type 5 --diversity-type 2 --crossover-type 0 --num-populations 5 --exchange-interval 231 --num-exchange-individuals 24 --pr-type 1 --pr-dist-func 0 --pr-percentage 0.57 --pr-interval 16 --shake-interval 23 --shake-intensity 0.15 --shake-distribution 16.53 --reset-interval 359 --reset-intensity 0.29


# Testing of elite configurations: 1 
# Testing iteration configurations: FALSE 
# 2026-08-29 14:47:19 UTC: No test instances, skip testing
