#------------------------------------------------------------------------------
# irace: An implementation in R of (Elitist) Iterated Racing
# Version: 4.4.3.dd8d85f
# Copyright (C) 2010-2025
# Manuel Lopez-Ibanez     <manuel.lopez-ibanez@manchester.ac.uk>
# Jeremie Dubois-Lacoste
# Leslie Perez Caceres    <leslie.perez.caceres@ulb.ac.be>
#
# This is free software, and you are welcome to redistribute it under certain
# conditions.  See the GNU General Public License for details. There is NO
# WARRANTY; not even for MERCHANTABILITY or FITNESS FOR A PARTICULAR PURPOSE.
#
# irace builds upon previous code from the race package:
#     race: Racing methods for the selection of the best
#     Copyright (C) 2003 Mauro Birattari
#------------------------------------------------------------------------------
# installed at: /usr/local/lib/R/site-library/irace
# called with: --scenario nsbrkga-scenario-stage2.txt
# 2026-08-20 22:11:19 UTC: Reading parameter file '/home/lelescavacini/mofjssp_irace/irace/nsbrkga-parameters-stage2.txt'.
# 2026-08-20 22:11:19 UTC: 3 expression(s) specifying forbidden configurations read.
# 2026-08-20 22:11:19 UTC: Initialization
# Elitist race
# Elitist new instances: 1
# Elitist limit: 2
# nbIterations: 5
# minNbSurvival: 5
# nbParameters: 10
# seed: 1469263424
# confidence level: 0.95
# budget: 2500
# mu: 5
# deterministic: FALSE

# 2026-08-20 22:11:19 UTC: Iteration 1 of 5
# experimentsUsed: 0
# remainingBudget: 2500
# currentBudget: 500
# nbConfigurations: 83
# Markers:
     x No test is performed.
     c Configurations are discarded only due to capping.
     - The test is performed and some configurations are discarded.
     = The test is performed but no configuration is discarded.
     ! The test is performed and configurations could be discarded but elite configurations are preserved.
     . Alive configurations were already evaluated on this instance and nothing is discarded.
     : All alive configurations are elite, but some need to be evaluated on this instance.

+-+-----------+-----------+-----------+----------------+-----------+--------+-----+----+------+
| |   Instance|      Alive|       Best|       Mean best| Exp so far|  W time|  rho|KenW|  Qvar|
+-+-----------+-----------+-----------+----------------+-----------+--------+-----+----+------+
|x|          1|         60|         12|-7.156200000e+13|         60|05:00:09|   NA|  NA|    NA|
|x|          2|         60|         38|-3.598354550e+13|        120|05:00:05|+0.75|0.87|0.2501|
|x|          3|         60|         38|-7.562790303e+14|        180|05:00:15|+0.75|0.83|0.2182|
|x|          4|         60|         38|-5.672176258e+14|        240|05:00:03|+0.74|0.80|0.2892|
|-|          5|         11|         38|-4.562961606e+14|        300|05:00:08|+0.25|0.40|0.7379|
|=|          6|         11|         38|-3.803417948e+14|        311|00:55:00|+0.14|0.28|0.8062|
|-|          7|          6|         38|-6.385072527e+14|        322|00:55:02|+0.01|0.15|0.8012|
|=|          8|          6|         38|-5.586980144e+14|        328|00:30:00|-0.02|0.11|0.8316|
|=|          9|          6|         38|-5.045533128e+14|        334|00:30:00|+0.02|0.13|0.8117|
+-+-----------+-----------+-----------+----------------+-----------+--------+-----+----+------+
Best-so-far configuration:          38    mean value: -5.045533128e+14
Description of the best-so-far configuration:
   .ID. population_size_factor min_elites_percentage max_elites_percentage mutation_probability mutation_distribution num_total_parents num_elite_parents bias_type diversity_type crossover_type num_populations exchange_interval num_exchange_individuals pr_interval shake_interval reset_interval .PARENT.
38   38                    121                  0.59                  0.93                 0.08                 69.66                 4                 1         0              0              0               1                 0                        1           0              0              0       NA

# 2026-08-22 02:02:05 UTC: Elite configurations (first number is the configuration ID; listed from best to worst according to the sum of ranks):
   population_size_factor min_elites_percentage max_elites_percentage mutation_probability mutation_distribution num_total_parents num_elite_parents bias_type diversity_type crossover_type num_populations exchange_interval num_exchange_individuals pr_interval shake_interval reset_interval
38                    121                  0.59                  0.93                 0.08                 69.66                 4                 1         0              0              0               1                 0                        1           0              0              0
32                     98                  0.12                  0.52                 0.37                 83.58                 2                 1         6              2              0               1                 0                        1           0              0              0
45                     93                  0.14                  0.29                 0.48                 72.75                 2                 2         4              0              0               1                 0                        1           0              0              0
41                     74                  0.56                  0.60                 0.42                 78.94                 5                 4         0              2              0               1                 0                        1           0              0              0
51                    118                  0.13                  0.30                 0.16                 39.88                 4                 3         6              0              0               1                 0                        1           0              0              0
# 2026-08-22 02:02:05 UTC: Iteration 2 of 5
# experimentsUsed: 334
# remainingBudget: 2166
# currentBudget: 541
# nbConfigurations: 58
# Markers:
     x No test is performed.
     c Configurations are discarded only due to capping.
     - The test is performed and some configurations are discarded.
     = The test is performed but no configuration is discarded.
     ! The test is performed and configurations could be discarded but elite configurations are preserved.
     . Alive configurations were already evaluated on this instance and nothing is discarded.
     : All alive configurations are elite, but some need to be evaluated on this instance.

+-+-----------+-----------+-----------+----------------+-----------+--------+-----+----+------+
| |   Instance|      Alive|       Best|       Mean best| Exp so far|  W time|  rho|KenW|  Qvar|
+-+-----------+-----------+-----------+----------------+-----------+--------+-----+----+------+
|x|         10|         58|         82|-1.280310000e+13|         58|04:50:11|   NA|  NA|    NA|
|x|          5|         58|         82|-1.279310000e+13|        111|04:25:09|+0.92|0.96|0.0721|
|x|          2|         58|         82|-8.721154333e+12|        164|04:25:05|+0.82|0.88|0.1617|
|x|          7|         58|         82|-5.573708658e+14|        217|04:25:19|+0.84|0.88|0.1549|
|-|          1|         12|         82|-4.601724926e+14|        270|04:25:08|+0.16|0.33|0.7314|
|=|          9|         12|         82|-3.953892605e+14|        277|00:35:00|+0.09|0.24|0.8060|
|-|          3|         10|         82|-6.525979376e+14|        284|00:35:00|+0.18|0.29|0.7069|
|!|          6|         10|         82|-5.710951079e+14|        289|00:25:00|+0.15|0.26|0.7360|
|=|          4|         10|         82|-5.076438101e+14|        294|00:25:00|+0.07|0.18|0.8285|
|=|          8|         10|         82|-4.568827722e+14|        299|00:25:00|+0.04|0.13|0.8405|
|=|         11|         10|         82|-6.144552475e+14|        309|00:50:00|+0.04|0.12|0.8355|
+-+-----------+-----------+-----------+----------------+-----------+--------+-----+----+------+
Best-so-far configuration:          82    mean value: -6.144552475e+14
Description of the best-so-far configuration:
   .ID. population_size_factor min_elites_percentage max_elites_percentage mutation_probability mutation_distribution num_total_parents num_elite_parents bias_type diversity_type crossover_type num_populations exchange_interval num_exchange_individuals pr_interval shake_interval reset_interval .PARENT.
82   82                    117                  0.74                  0.78                 0.09                 38.41                 4                 2         0              0              0               1                 0                        1           0              0              0       38

# 2026-08-23 03:48:02 UTC: Elite configurations (first number is the configuration ID; listed from best to worst according to the sum of ranks):
    population_size_factor min_elites_percentage max_elites_percentage mutation_probability mutation_distribution num_total_parents num_elite_parents bias_type diversity_type crossover_type num_populations exchange_interval num_exchange_individuals pr_interval shake_interval reset_interval
82                     117                  0.74                  0.78                 0.09                 38.41                 4                 2         0              0              0               1                 0                        1           0              0              0
38                     121                  0.59                  0.93                 0.08                 69.66                 4                 1         0              0              0               1                 0                        1           0              0              0
86                      89                  0.32                  0.68                 0.53                 81.69                 2                 1         4              1              0               1                 0                        1           0              0              0
102                    108                  0.27                  0.45                 0.31                 46.56                 2                 2         3              3              0               1                 0                        1           0              0              0
32                      98                  0.12                  0.52                 0.37                 83.58                 2                 1         6              2              0               1                 0                        1           0              0              0
# 2026-08-23 03:48:02 UTC: Iteration 3 of 5
# experimentsUsed: 643
# remainingBudget: 1857
# currentBudget: 619
# nbConfigurations: 56
# Markers:
     x No test is performed.
     c Configurations are discarded only due to capping.
     - The test is performed and some configurations are discarded.
     = The test is performed but no configuration is discarded.
     ! The test is performed and configurations could be discarded but elite configurations are preserved.
     . Alive configurations were already evaluated on this instance and nothing is discarded.
     : All alive configurations are elite, but some need to be evaluated on this instance.

+-+-----------+-----------+-----------+----------------+-----------+--------+-----+----+------+
| |   Instance|      Alive|       Best|       Mean best| Exp so far|  W time|  rho|KenW|  Qvar|
+-+-----------+-----------+-----------+----------------+-----------+--------+-----+----+------+
|x|         12|         56|        102|-5.822370000e+11|         56|04:40:05|   NA|  NA|    NA|
|x|         10|         56|        118|-6.702641000e+12|        107|04:15:07|+0.73|0.86|0.1051|
|x|          1|         56|        129|-2.845244667e+13|        158|04:15:05|+0.70|0.80|0.0941|
|x|          9|         56|        129|-3.934708500e+13|        209|04:15:07|+0.72|0.79|0.0872|
|-|          8|         14|        129|-3.148436552e+13|        260|04:15:03|+0.06|0.25|0.8244|
|=|          6|         14|        145|-2.622503405e+13|        269|00:45:00|+0.14|0.28|0.7646|
|=|          7|         14|        145|-3.273871720e+14|        278|00:45:00|-0.00|0.14|0.8994|
|=|          2|         14|        145|-2.865361674e+14|        287|00:45:00|+0.03|0.15|0.8639|
|=|         11|         14|        145|-4.942810377e+14|        296|00:45:00|+0.00|0.11|0.9028|
|=|          4|         14|        145|-4.448562885e+14|        305|00:45:00|+0.01|0.11|0.8984|
|=|          3|         14|        145|-5.995229895e+14|        314|00:45:00|+0.00|0.09|0.9122|
|=|          5|         14|        129|-5.448417403e+14|        323|00:45:00|+0.01|0.10|0.9049|
|=|         13|         14|         82|-5.209500262e+14|        337|01:10:00|+0.02|0.10|0.9059|
+-+-----------+-----------+-----------+----------------+-----------+--------+-----+----+------+
Best-so-far configuration:          82    mean value: -5.209500262e+14
Description of the best-so-far configuration:
   .ID. population_size_factor min_elites_percentage max_elites_percentage mutation_probability mutation_distribution num_total_parents num_elite_parents bias_type diversity_type crossover_type num_populations exchange_interval num_exchange_individuals pr_interval shake_interval reset_interval .PARENT.
82   82                    117                  0.74                  0.78                 0.09                 38.41                 4                 2         0              0              0               1                 0                        1           0              0              0       38

# 2026-08-24 07:53:35 UTC: Elite configurations (first number is the configuration ID; listed from best to worst according to the sum of ranks):
    population_size_factor min_elites_percentage max_elites_percentage mutation_probability mutation_distribution num_total_parents num_elite_parents bias_type diversity_type crossover_type num_populations exchange_interval num_exchange_individuals pr_interval shake_interval reset_interval
82                     117                  0.74                  0.78                 0.09                 38.41                 4                 2         0              0              0               1                 0                        1           0              0              0
129                    101                  0.23                  0.59                 0.06                 16.69                 5                 1         2              0              0               1                 0                        1           0              0              0
144                    113                  0.32                  0.50                 0.08                 72.64                 2                 1         0              0              0               1                 0                        1           0              0              0
128                    122                  0.50                  0.85                 0.18                 93.82                 3                 1         0              1              0               1                 0                        1           0              0              0
145                    109                  0.19                  0.33                 0.52                 68.57                 2                 2         6              2              0               1                 0                        1           0              0              0
# 2026-08-24 07:53:35 UTC: Iteration 4 of 5
# experimentsUsed: 980
# remainingBudget: 1520
# currentBudget: 760
# nbConfigurations: 58
# Markers:
     x No test is performed.
     c Configurations are discarded only due to capping.
     - The test is performed and some configurations are discarded.
     = The test is performed but no configuration is discarded.
     ! The test is performed and configurations could be discarded but elite configurations are preserved.
     . Alive configurations were already evaluated on this instance and nothing is discarded.
     : All alive configurations are elite, but some need to be evaluated on this instance.

+-+-----------+-----------+-----------+----------------+-----------+--------+-----+----+------+
| |   Instance|      Alive|       Best|       Mean best| Exp so far|  W time|  rho|KenW|  Qvar|
+-+-----------+-----------+-----------+----------------+-----------+--------+-----+----+------+
|x|         14|         58|        209|-3.376980000e+10|         58|04:50:02|   NA|  NA|    NA|
|x|         13|         58|         82|-6.402682450e+12|        111|04:25:04|+0.44|0.72|0.0996|
|x|          7|         58|         82|-7.387084550e+14|        164|04:25:03|+0.49|0.66|0.1216|
|x|         12|         58|        182|-5.508132492e+14|        217|04:25:02|+0.35|0.51|0.1094|
|-|          1|         28|        182|-4.550136194e+14|        270|04:25:03|-0.15|0.08|1.1075|
|=|         11|         28|        182|-7.449063495e+14|        293|01:55:01|-0.08|0.10|1.0571|
|=|          5|         28|        182|-6.402906567e+14|        316|01:55:00|-0.05|0.10|1.0070|
|=|          4|         28|        182|-5.602585161e+14|        339|01:55:00|-0.05|0.08|1.0095|
|=|         10|         28|        182|-4.994140809e+14|        362|01:55:00|-0.03|0.08|0.9959|
|=|          6|         28|        182|-4.495298946e+14|        385|01:55:00|-0.05|0.05|1.0128|
|=|          3|         28|         82|-6.091182010e+14|        408|01:55:01|-0.03|0.06|0.9950|
|=|          8|         28|        217|-5.559951341e+14|        431|01:55:00|-0.03|0.05|0.9994|
|=|          9|         28|        217|-5.187317853e+14|        454|01:55:00|-0.02|0.06|0.9883|
|=|          2|         28|        217|-4.817209091e+14|        477|01:55:00|-0.01|0.06|0.9753|
|=|         15|         28|        203|-4.516657491e+14|        505|02:20:01|+0.01|0.08|0.9580|
+-+-----------+-----------+-----------+----------------+-----------+--------+-----+----+------+
Best-so-far configuration:         203    mean value: -4.516657491e+14
Description of the best-so-far configuration:
    .ID. population_size_factor min_elites_percentage max_elites_percentage mutation_probability mutation_distribution num_total_parents num_elite_parents bias_type diversity_type crossover_type num_populations exchange_interval num_exchange_individuals pr_interval shake_interval reset_interval .PARENT.
203  203                    105                  0.31                  0.66                 0.03                  8.49                 4                 1         2              0              0               1                 0                        1           0              0              0      129

# 2026-08-26 01:59:00 UTC: Elite configurations (first number is the configuration ID; listed from best to worst according to the sum of ranks):
    population_size_factor min_elites_percentage max_elites_percentage mutation_probability mutation_distribution num_total_parents num_elite_parents bias_type diversity_type crossover_type num_populations exchange_interval num_exchange_individuals pr_interval shake_interval reset_interval
203                    105                  0.31                  0.66                 0.03                  8.49                 4                 1         2              0              0               1                 0                        1           0              0              0
217                     97                  0.32                  0.46                 0.14                 74.24                 2                 1         0              0              0               1                 0                        1           0              0              0
82                     117                  0.74                  0.78                 0.09                 38.41                 4                 2         0              0              0               1                 0                        1           0              0              0
165                    114                  0.23                  0.62                 0.02                 62.01                 2                 1         0              0              0               1                 0                        1           0              0              0
209                    125                  0.02                  0.44                 0.07                 13.66                 5                 2         1              0              0               1                 0                        1           0              0              0
# 2026-08-26 01:59:00 UTC: Iteration 5 of 5
# experimentsUsed: 1485
# remainingBudget: 1015
# currentBudget: 1015
# nbConfigurations: 68
# Markers:
     x No test is performed.
     c Configurations are discarded only due to capping.
     - The test is performed and some configurations are discarded.
     = The test is performed but no configuration is discarded.
     ! The test is performed and configurations could be discarded but elite configurations are preserved.
     . Alive configurations were already evaluated on this instance and nothing is discarded.
     : All alive configurations are elite, but some need to be evaluated on this instance.

+-+-----------+-----------+-----------+----------------+-----------+--------+-----+----+------+
| |   Instance|      Alive|       Best|       Mean best| Exp so far|  W time|  rho|KenW|  Qvar|
+-+-----------+-----------+-----------+----------------+-----------+--------+-----+----+------+
|x|         16|         68|        226|-1.297820000e+13|         68|05:40:02|   NA|  NA|    NA|
|x|         15|         68|        226|-4.284910000e+13|        131|05:15:02|+0.24|0.62|0.5711|
|x|          7|         68|        226|-7.626694000e+14|        194|05:15:03|+0.15|0.44|0.5680|
|x|          6|         68|        248|-5.674832950e+14|        257|05:15:02|+0.13|0.35|0.6366|
|-|         11|         38|        248|-8.899846360e+14|        320|05:15:03|-0.07|0.15|1.0246|
|=|         14|         38|        226|-7.454808573e+14|        353|02:45:01|-0.03|0.14|1.0046|
|=|          5|         38|        226|-6.408301063e+14|        386|02:45:01|-0.01|0.13|0.9643|
|=|         12|         38|        226|-5.607999054e+14|        419|02:45:01|+0.00|0.13|0.9455|
|=|         13|         38|        226|-4.999355048e+14|        452|02:45:01|+0.04|0.14|0.9019|
|-|          1|         12|        226|-4.572277343e+14|        485|02:45:01|+0.10|0.19|0.8077|
|-|         10|          8|        226|-4.168254584e+14|        492|00:35:00|+0.16|0.24|0.6991|
|!|          3|          8|        226|-5.663225036e+14|        495|00:15:00|+0.15|0.22|0.7135|
|-|          8|          7|        226|-5.227618313e+14|        498|00:15:00|+0.14|0.20|0.7060|
|-|          4|          6|        226|-4.854241190e+14|        500|00:10:00|+0.14|0.21|0.6780|
|!|          9|          6|        226|-4.579179710e+14|        501|00:05:00|+0.16|0.22|0.6542|
|-|          2|          1|        226|-4.293349064e+14|        502|00:05:00|   NA|  NA|    NA|
+-+-----------+-----------+-----------+----------------+-----------+--------+-----+----+------+
Best-so-far configuration:         226    mean value: -4.293349064e+14
Description of the best-so-far configuration:
    .ID. population_size_factor min_elites_percentage max_elites_percentage mutation_probability mutation_distribution num_total_parents num_elite_parents bias_type diversity_type crossover_type num_populations exchange_interval num_exchange_individuals pr_interval shake_interval reset_interval .PARENT.
226  226                    103                  0.37                  0.63                 0.01                  2.07                 3                 1         2              0              0               1                 0                        1           0              0              0      203

# 2026-08-27 19:49:23 UTC: Elite configurations (first number is the configuration ID; listed from best to worst according to the sum of ranks):
    population_size_factor min_elites_percentage max_elites_percentage mutation_probability mutation_distribution num_total_parents num_elite_parents bias_type diversity_type crossover_type num_populations exchange_interval num_exchange_individuals pr_interval shake_interval reset_interval
226                    103                  0.37                  0.63                 0.01                  2.07                 3                 1         2              0              0               1                 0                        1           0              0              0
# 2026-08-27 19:49:23 UTC: Iteration 6 of 6
# experimentsUsed: 1987
# remainingBudget: 513
# currentBudget: 513
# nbConfigurations: 31
# Markers:
     x No test is performed.
     c Configurations are discarded only due to capping.
     - The test is performed and some configurations are discarded.
     = The test is performed but no configuration is discarded.
     ! The test is performed and configurations could be discarded but elite configurations are preserved.
     . Alive configurations were already evaluated on this instance and nothing is discarded.
     : All alive configurations are elite, but some need to be evaluated on this instance.

+-+-----------+-----------+-----------+----------------+-----------+--------+-----+----+------+
| |   Instance|      Alive|       Best|       Mean best| Exp so far|  W time|  rho|KenW|  Qvar|
+-+-----------+-----------+-----------+----------------+-----------+--------+-----+----+------+
|x|         17|         31|        226|-5.898040000e+11|         31|02:35:01|   NA|  NA|    NA|
|x|         13|         31|        226|-6.805052000e+12|         61|02:30:01|+0.53|0.76|0.1083|
|x|          8|         31|        283|-4.550400700e+12|         91|02:30:01|+0.50|0.67|0.0812|
|x|          4|         31|        226|-3.419431700e+12|        121|02:30:01|+0.47|0.60|0.0937|
|-|         15|          7|        226|-1.727954536e+13|        151|02:30:01|+0.03|0.22|0.9307|
|=|          9|          7|        226|-2.653827113e+13|        157|00:30:00|+0.01|0.18|0.9219|
|=|          2|          7|        226|-2.283122340e+13|        163|00:30:00|+0.06|0.20|0.9012|
|=|          5|          7|        226|-2.159302048e+13|        169|00:30:00|+0.06|0.17|0.8795|
|=|          1|          7|        226|-2.728910709e+13|        175|00:30:00|+0.05|0.16|0.8628|
|=|         14|          7|        226|-2.456356466e+13|        181|00:30:00|+0.04|0.13|0.8660|
|=|          7|          7|        226|-2.225405133e+14|        187|00:30:00|+0.04|0.13|0.8440|
|=|         10|          7|        226|-2.050623622e+14|        193|00:30:00|-0.00|0.08|0.8700|
|=|         16|          7|        226|-1.902866574e+14|        199|00:30:00|+0.02|0.10|0.8575|
|=|          3|          7|        226|-3.346083248e+14|        205|00:30:00|+0.05|0.11|0.8348|
|=|          6|          7|        226|-3.123393205e+14|        211|00:30:00|+0.03|0.09|0.8459|
|=|         12|          7|        226|-2.928548942e+14|        217|00:30:00|+0.03|0.09|0.8455|
|=|         11|          7|        226|-4.041146063e+14|        223|00:30:00|+0.05|0.11|0.8334|
|=|         18|          7|        226|-3.856823893e+14|        230|00:35:00|+0.06|0.11|0.8290|
+-+-----------+-----------+-----------+----------------+-----------+--------+-----+----+------+
Best-so-far configuration:         226    mean value: -3.856823893e+14
Description of the best-so-far configuration:
    .ID. population_size_factor min_elites_percentage max_elites_percentage mutation_probability mutation_distribution num_total_parents num_elite_parents bias_type diversity_type crossover_type num_populations exchange_interval num_exchange_individuals pr_interval shake_interval reset_interval .PARENT.
226  226                    103                  0.37                  0.63                 0.01                  2.07                 3                 1         2              0              0               1                 0                        1           0              0              0      203

# 2026-08-28 14:59:34 UTC: Elite configurations (first number is the configuration ID; listed from best to worst according to the sum of ranks):
    population_size_factor min_elites_percentage max_elites_percentage mutation_probability mutation_distribution num_total_parents num_elite_parents bias_type diversity_type crossover_type num_populations exchange_interval num_exchange_individuals pr_interval shake_interval reset_interval
226                    103                  0.37                  0.63                 0.01                  2.07                 3                 1         2              0              0               1                 0                        1           0              0              0
283                    108                  0.36                  0.66                 0.01                  3.50                 3                 1         2              0              0               1                 0                        1           0              0              0
305                    108                  0.33                  0.67                 0.02                  1.08                 3                 1         2              0              0               1                 0                        1           0              0              0
300                    116                  0.26                  0.51                 0.03                  6.82                 3                 1         2              0              0               1                 0                        1           0              0              0
296                    114                  0.40                  0.55                 0.02                  2.37                 3                 1         2              0              0               1                 0                        1           0              0              0
# 2026-08-28 14:59:34 UTC: Iteration 7 of 7
# experimentsUsed: 2217
# remainingBudget: 283
# currentBudget: 283
# nbConfigurations: 19
# Markers:
     x No test is performed.
     c Configurations are discarded only due to capping.
     - The test is performed and some configurations are discarded.
     = The test is performed but no configuration is discarded.
     ! The test is performed and configurations could be discarded but elite configurations are preserved.
     . Alive configurations were already evaluated on this instance and nothing is discarded.
     : All alive configurations are elite, but some need to be evaluated on this instance.

+-+-----------+-----------+-----------+----------------+-----------+--------+-----+----+------+
| |   Instance|      Alive|       Best|       Mean best| Exp so far|  W time|  rho|KenW|  Qvar|
+-+-----------+-----------+-----------+----------------+-----------+--------+-----+----+------+
|x|         19|         19|        320|-3.373890000e+10|         19|01:35:00|   NA|  NA|    NA|
|x|         18|         19|        296|-3.641435335e+13|         33|01:10:00|+0.50|0.75|0.0619|
|x|         13|         19|        283|-2.858624703e+13|         47|01:10:00|+0.51|0.67|0.0436|
|x|         17|         19|        305|-2.154217292e+13|         61|01:10:00|+0.60|0.70|0.0529|
|-|          4|          8|        305|-1.724050390e+13|         75|01:10:00|+0.13|0.31|0.8548|
|=|          5|          8|        226|-1.648966158e+13|         78|00:15:00|+0.19|0.32|0.7721|
|-|          9|          5|        226|-2.453855279e+13|         81|00:15:00|+0.07|0.20|0.7664|
|.|         11|          5|        226|-2.945049837e+14|         81|00:00:00|+0.02|0.14|0.8364|
|.|          7|          5|        226|-5.064833188e+14|         81|00:00:00|+0.03|0.14|0.8081|
|.|         15|          5|        226|-4.631069870e+14|         81|00:00:00|+0.07|0.16|0.7891|
|.|         12|          5|        226|-4.210598517e+14|         81|00:00:00|+0.08|0.16|0.7819|
|.|         10|          5|        226|-3.870384224e+14|         81|00:00:00|+0.03|0.11|0.8159|
|.|          2|          5|        226|-3.573115389e+14|         81|00:00:00|+0.03|0.11|0.8039|
|.|         14|          5|        226|-3.317916920e+14|         81|00:00:00|+0.02|0.09|0.8099|
|.|         16|          5|        226|-3.105374592e+14|         81|00:00:00|+0.06|0.12|0.7939|
|.|          3|          5|        226|-4.293032430e+14|         81|00:00:00|+0.08|0.14|0.7760|
|.|          8|          5|        226|-4.040520972e+14|         81|00:00:00|+0.06|0.12|0.7723|
|.|          1|          5|        226|-3.856524140e+14|         81|00:00:00|+0.05|0.10|0.7781|
|.|          6|          5|        226|-3.653850902e+14|         81|00:00:00|+0.02|0.07|0.8016|
+-+-----------+-----------+-----------+----------------+-----------+--------+-----+----+------+
Best-so-far configuration:         226    mean value: -3.653850902e+14
Description of the best-so-far configuration:
    .ID. population_size_factor min_elites_percentage max_elites_percentage mutation_probability mutation_distribution num_total_parents num_elite_parents bias_type diversity_type crossover_type num_populations exchange_interval num_exchange_individuals pr_interval shake_interval reset_interval .PARENT.
226  226                    103                  0.37                  0.63                 0.01                  2.07                 3                 1         2              0              0               1                 0                        1           0              0              0      203

# 2026-08-28 21:44:37 UTC: Elite configurations (first number is the configuration ID; listed from best to worst according to the sum of ranks):
    population_size_factor min_elites_percentage max_elites_percentage mutation_probability mutation_distribution num_total_parents num_elite_parents bias_type diversity_type crossover_type num_populations exchange_interval num_exchange_individuals pr_interval shake_interval reset_interval
226                    103                  0.37                  0.63                 0.01                  2.07                 3                 1         2              0              0               1                 0                        1           0              0              0
283                    108                  0.36                  0.66                 0.01                  3.50                 3                 1         2              0              0               1                 0                        1           0              0              0
305                    108                  0.33                  0.67                 0.02                  1.08                 3                 1         2              0              0               1                 0                        1           0              0              0
300                    116                  0.26                  0.51                 0.03                  6.82                 3                 1         2              0              0               1                 0                        1           0              0              0
296                    114                  0.40                  0.55                 0.02                  2.37                 3                 1         2              0              0               1                 0                        1           0              0              0
# 2026-08-28 21:44:37 UTC: Iteration 8 of 8
# experimentsUsed: 2298
# remainingBudget: 202
# currentBudget: 202
# nbConfigurations: 14
# Markers:
     x No test is performed.
     c Configurations are discarded only due to capping.
     - The test is performed and some configurations are discarded.
     = The test is performed but no configuration is discarded.
     ! The test is performed and configurations could be discarded but elite configurations are preserved.
     . Alive configurations were already evaluated on this instance and nothing is discarded.
     : All alive configurations are elite, but some need to be evaluated on this instance.

+-+-----------+-----------+-----------+----------------+-----------+--------+-----+----+------+
| |   Instance|      Alive|       Best|       Mean best| Exp so far|  W time|  rho|KenW|  Qvar|
+-+-----------+-----------+-----------+----------------+-----------+--------+-----+----+------+
|x|         20|         14|        283|-2.221980000e+15|         14|01:10:00|   NA|  NA|    NA|
|x|          7|         14|        226|-2.204760000e+15|         23|00:45:00|+0.88|0.94|0.0871|
|x|          4|         14|        226|-1.469851286e+15|         32|00:45:00|+0.66|0.77|0.2935|
|x|         18|         14|        296|-1.116984696e+15|         41|00:45:00|+0.59|0.69|0.3193|
|-|         11|          7|        226|-1.333231712e+15|         50|00:45:00|-0.09|0.13|0.8955|
|=|         12|          7|        226|-1.111124510e+15|         52|00:10:00|-0.04|0.13|0.8795|
|=|          2|          7|        226|-9.524765706e+14|         54|00:10:00|+0.01|0.15|0.8163|
|=|         13|          7|        226|-8.350445368e+14|         56|00:10:00|+0.08|0.20|0.7974|
|=|         10|          7|        283|-7.467245372e+14|         58|00:10:00|+0.08|0.18|0.7913|
|=|          6|          7|        283|-6.721108313e+14|         60|00:10:00|+0.08|0.17|0.7925|
|=|          9|          7|        283|-6.176164648e+14|         62|00:10:00|+0.09|0.17|0.7995|
|-|          1|          5|        283|-5.721969844e+14|         64|00:10:00|-0.02|0.07|0.8356|
|.|          8|          5|        283|-5.281844453e+14|         64|00:00:00|-0.02|0.06|0.8170|
|.|         17|          5|        283|-4.904989011e+14|         64|00:00:00|-0.03|0.05|0.8192|
|.|          5|          5|        283|-4.586614210e+14|         64|00:00:00|-0.02|0.05|0.8105|
|.|          3|          5|        283|-5.681769572e+14|         64|00:00:00|+0.00|0.06|0.7950|
|.|         14|          5|        283|-5.347567568e+14|         64|00:00:00|-0.01|0.05|0.8018|
|.|         16|          5|        283|-5.057668259e+14|         64|00:00:00|+0.01|0.06|0.7955|
|.|         19|          5|        283|-4.791492898e+14|         64|00:00:00|+0.02|0.07|0.7918|
|.|         15|          5|        283|-4.588182104e+14|         64|00:00:00|+0.03|0.08|0.7899|
+-+-----------+-----------+-----------+----------------+-----------+--------+-----+----+------+
Best configuration for the instances in this race: 283
Best-so-far configuration:         226    mean value: -4.574763357e+14
Description of the best-so-far configuration:
    .ID. population_size_factor min_elites_percentage max_elites_percentage mutation_probability mutation_distribution num_total_parents num_elite_parents bias_type diversity_type crossover_type num_populations exchange_interval num_exchange_individuals pr_interval shake_interval reset_interval .PARENT.
226  226                    103                  0.37                  0.63                 0.01                  2.07                 3                 1         2              0              0               1                 0                        1           0              0              0      203

# 2026-08-29 03:04:41 UTC: Elite configurations (first number is the configuration ID; listed from best to worst according to the sum of ranks):
    population_size_factor min_elites_percentage max_elites_percentage mutation_probability mutation_distribution num_total_parents num_elite_parents bias_type diversity_type crossover_type num_populations exchange_interval num_exchange_individuals pr_interval shake_interval reset_interval
226                    103                  0.37                  0.63                 0.01                  2.07                 3                 1         2              0              0               1                 0                        1           0              0              0
283                    108                  0.36                  0.66                 0.01                  3.50                 3                 1         2              0              0               1                 0                        1           0              0              0
305                    108                  0.33                  0.67                 0.02                  1.08                 3                 1         2              0              0               1                 0                        1           0              0              0
296                    114                  0.40                  0.55                 0.02                  2.37                 3                 1         2              0              0               1                 0                        1           0              0              0
300                    116                  0.26                  0.51                 0.03                  6.82                 3                 1         2              0              0               1                 0                        1           0              0              0
# 2026-08-29 03:04:41 UTC: Iteration 9 of 9
# experimentsUsed: 2362
# remainingBudget: 138
# currentBudget: 138
# nbConfigurations: 11
# Markers:
     x No test is performed.
     c Configurations are discarded only due to capping.
     - The test is performed and some configurations are discarded.
     = The test is performed but no configuration is discarded.
     ! The test is performed and configurations could be discarded but elite configurations are preserved.
     . Alive configurations were already evaluated on this instance and nothing is discarded.
     : All alive configurations are elite, but some need to be evaluated on this instance.

+-+-----------+-----------+-----------+----------------+-----------+--------+-----+----+------+
| |   Instance|      Alive|       Best|       Mean best| Exp so far|  W time|  rho|KenW|  Qvar|
+-+-----------+-----------+-----------+----------------+-----------+--------+-----+----+------+
|x|         21|         11|        283|-5.904970000e+11|         11|00:55:00|   NA|  NA|    NA|
|x|          2|         11|        283|-5.899725000e+11|         17|00:30:00|+0.46|0.73|0.1837|
|x|         13|         11|        283|-4.736781667e+12|         23|00:30:00|+0.36|0.58|0.5732|
|x|          8|         11|        283|-3.561080275e+12|         29|00:30:00|+0.31|0.48|0.7318|
|-|         18|          5|        283|-1.738780422e+13|         35|00:30:00|+0.48|0.58|0.4794|
|.|         17|          5|        283|-1.458764118e+13|         35|00:00:00|+0.28|0.40|0.5637|
|.|         14|          5|        283|-1.250848541e+13|         35|00:00:00|+0.20|0.31|0.6190|
|.|         12|          5|        283|-1.101820174e+13|         35|00:00:00|+0.05|0.17|0.7024|
|.|         16|          5|        283|-1.123151266e+13|         35|00:00:00|+0.09|0.20|0.6874|
|.|          1|          5|        283|-1.736663139e+13|         35|00:00:00|+0.06|0.15|0.7293|
|.|          4|          5|        283|-1.579089864e+13|         35|00:00:00|+0.07|0.15|0.7558|
|.|          5|          5|        283|-1.555304875e+13|         35|00:00:00|+0.08|0.16|0.7266|
|.|         20|          5|        283|-1.852781988e+14|         35|00:00:00|+0.11|0.18|0.7113|
|.|          9|          5|        283|-1.772349561e+14|         35|00:00:00|+0.10|0.17|0.7211|
|.|          3|          5|        283|-3.128132923e+14|         35|00:00:00|+0.12|0.18|0.7122|
|.|         11|          5|        283|-4.310312116e+14|         35|00:00:00|+0.11|0.16|0.7329|
|.|         15|          5|        283|-4.099427697e+14|         35|00:00:00|+0.11|0.16|0.7347|
|.|          6|          5|        283|-3.872008091e+14|         35|00:00:00|+0.06|0.11|0.7683|
|.|          7|          5|        283|-4.823086612e+14|         35|00:00:00|+0.06|0.11|0.7651|
|.|         19|          5|        283|-4.581949102e+14|         35|00:00:00|+0.06|0.11|0.7582|
|.|         10|          5|        283|-4.369978431e+14|         35|00:00:00|+0.04|0.09|0.7749|
+-+-----------+-----------+-----------+----------------+-----------+--------+-----+----+------+
Best configuration for the instances in this race: 283
Best-so-far configuration:         226    mean value: -4.357198262e+14
Description of the best-so-far configuration:
    .ID. population_size_factor min_elites_percentage max_elites_percentage mutation_probability mutation_distribution num_total_parents num_elite_parents bias_type diversity_type crossover_type num_populations exchange_interval num_exchange_individuals pr_interval shake_interval reset_interval .PARENT.
226  226                    103                  0.37                  0.63                 0.01                  2.07                 3                 1         2              0              0               1                 0                        1           0              0              0      203

# 2026-08-29 05:59:42 UTC: Elite configurations (first number is the configuration ID; listed from best to worst according to the sum of ranks):
    population_size_factor min_elites_percentage max_elites_percentage mutation_probability mutation_distribution num_total_parents num_elite_parents bias_type diversity_type crossover_type num_populations exchange_interval num_exchange_individuals pr_interval shake_interval reset_interval
226                    103                  0.37                  0.63                 0.01                  2.07                 3                 1         2              0              0               1                 0                        1           0              0              0
283                    108                  0.36                  0.66                 0.01                  3.50                 3                 1         2              0              0               1                 0                        1           0              0              0
305                    108                  0.33                  0.67                 0.02                  1.08                 3                 1         2              0              0               1                 0                        1           0              0              0
296                    114                  0.40                  0.55                 0.02                  2.37                 3                 1         2              0              0               1                 0                        1           0              0              0
300                    116                  0.26                  0.51                 0.03                  6.82                 3                 1         2              0              0               1                 0                        1           0              0              0
# 2026-08-29 05:59:42 UTC: Iteration 10 of 10
# experimentsUsed: 2397
# remainingBudget: 103
# currentBudget: 103
# nbConfigurations: 9
# Markers:
     x No test is performed.
     c Configurations are discarded only due to capping.
     - The test is performed and some configurations are discarded.
     = The test is performed but no configuration is discarded.
     ! The test is performed and configurations could be discarded but elite configurations are preserved.
     . Alive configurations were already evaluated on this instance and nothing is discarded.
     : All alive configurations are elite, but some need to be evaluated on this instance.

+-+-----------+-----------+-----------+----------------+-----------+--------+-----+----+------+
| |   Instance|      Alive|       Best|       Mean best| Exp so far|  W time|  rho|KenW|  Qvar|
+-+-----------+-----------+-----------+----------------+-----------+--------+-----+----+------+
|x|         22|          9|        343|-1.306570000e+13|          9|00:45:00|   NA|  NA|    NA|
|x|          3|          9|        226|-1.111917650e+15|         13|00:20:00|-0.17|0.42|1.0218|
|x|         18|          9|        343|-7.586576667e+14|         17|00:20:00|-0.13|0.25|1.0198|
|x|          5|          9|        343|-5.722596000e+14|         21|00:20:00|+0.14|0.36|0.7821|
|=|         19|          9|        343|-4.578144259e+14|         25|00:20:00|+0.15|0.32|0.7438|
|=|         11|          9|        343|-7.489186882e+14|         29|00:20:00|+0.18|0.32|0.7146|
|-|         13|          7|        343|-6.437731613e+14|         33|00:20:00|+0.05|0.19|0.8219|
|=|          2|          7|        283|-5.659305736e+14|         35|00:10:00|+0.06|0.18|0.7973|
|=|          4|          7|        226|-5.007824892e+14|         37|00:10:00|+0.05|0.15|0.8240|
|=|         20|          7|        283|-6.749458160e+14|         39|00:10:00|+0.10|0.19|0.7839|
|=|          9|          7|        226|-6.170076639e+14|         41|00:10:00|+0.11|0.19|0.7869|
|=|          7|          7|        226|-7.491161919e+14|         43|00:10:00|+0.05|0.13|0.8302|
|=|         15|          7|        226|-6.970857156e+14|         45|00:10:00|+0.06|0.13|0.8436|
|=|         12|          7|        226|-6.473359144e+14|         47|00:10:00|+0.05|0.12|0.8423|
|=|         16|          7|        226|-6.050454001e+14|         49|00:10:00|+0.06|0.12|0.8274|
|=|         21|          7|        226|-5.672669149e+14|         51|00:10:00|+0.07|0.13|0.8137|
|-|         17|          5|        226|-5.339329672e+14|         53|00:10:00|+0.16|0.20|0.7034|
|.|          1|          5|        226|-5.083176801e+14|         53|00:00:00|+0.14|0.18|0.7117|
|.|         14|          5|        226|-4.815658908e+14|         53|00:00:00|+0.13|0.17|0.7252|
|.|          8|          5|        226|-4.574892845e+14|         53|00:00:00|+0.11|0.15|0.7276|
|.|         10|          5|        226|-4.363137328e+14|         53|00:00:00|+0.08|0.12|0.7518|
|.|          6|          5|        226|-4.165073478e+14|         53|00:00:00|+0.04|0.09|0.7771|
+-+-----------+-----------+-----------+----------------+-----------+--------+-----+----+------+
Best-so-far configuration:         226    mean value: -4.165073478e+14
Description of the best-so-far configuration:
    .ID. population_size_factor min_elites_percentage max_elites_percentage mutation_probability mutation_distribution num_total_parents num_elite_parents bias_type diversity_type crossover_type num_populations exchange_interval num_exchange_individuals pr_interval shake_interval reset_interval .PARENT.
226  226                    103                  0.37                  0.63                 0.01                  2.07                 3                 1         2              0              0               1                 0                        1           0              0              0      203

# 2026-08-29 10:24:45 UTC: Elite configurations (first number is the configuration ID; listed from best to worst according to the sum of ranks):
    population_size_factor min_elites_percentage max_elites_percentage mutation_probability mutation_distribution num_total_parents num_elite_parents bias_type diversity_type crossover_type num_populations exchange_interval num_exchange_individuals pr_interval shake_interval reset_interval
226                    103                  0.37                  0.63                 0.01                  2.07                 3                 1         2              0              0               1                 0                        1           0              0              0
283                    108                  0.36                  0.66                 0.01                  3.50                 3                 1         2              0              0               1                 0                        1           0              0              0
305                    108                  0.33                  0.67                 0.02                  1.08                 3                 1         2              0              0               1                 0                        1           0              0              0
296                    114                  0.40                  0.55                 0.02                  2.37                 3                 1         2              0              0               1                 0                        1           0              0              0
300                    116                  0.26                  0.51                 0.03                  6.82                 3                 1         2              0              0               1                 0                        1           0              0              0
# 2026-08-29 10:24:45 UTC: Iteration 11 of 11
# experimentsUsed: 2450
# remainingBudget: 50
# currentBudget: 50
# nbConfigurations: 6
# Markers:
     x No test is performed.
     c Configurations are discarded only due to capping.
     - The test is performed and some configurations are discarded.
     = The test is performed but no configuration is discarded.
     ! The test is performed and configurations could be discarded but elite configurations are preserved.
     . Alive configurations were already evaluated on this instance and nothing is discarded.
     : All alive configurations are elite, but some need to be evaluated on this instance.

+-+-----------+-----------+-----------+----------------+-----------+--------+-----+----+------+
| |   Instance|      Alive|       Best|       Mean best| Exp so far|  W time|  rho|KenW|  Qvar|
+-+-----------+-----------+-----------+----------------+-----------+--------+-----+----+------+
|x|         23|          6|        300|-3.395340000e+10|          6|00:30:00|   NA|  NA|    NA|
|x|          6|          6|        300|-3.123132000e+11|          7|00:05:00|+0.03|0.51|0.5875|
|x|         10|          6|        300|-4.549908800e+12|          8|00:05:00|+0.07|0.38|0.5965|
|x|          5|          6|        296|-6.617563600e+12|          9|00:05:00|-0.17|0.12|0.8337|
|=|          8|          6|        296|-5.300811020e+12|         10|00:05:00|-0.10|0.12|0.7935|
|=|         13|          6|        283|-6.613109150e+12|         11|00:05:00|-0.11|0.08|0.8511|
|=|          3|          6|        283|-3.215126650e+14|         12|00:05:00|-0.08|0.07|0.8535|
|=|         15|          6|        283|-2.903895444e+14|         13|00:05:00|-0.08|0.06|0.8643|
|=|          4|          6|        344|-2.589594268e+14|         14|00:05:00|-0.07|0.05|0.8855|
|=|         16|          6|        226|-2.335911289e+14|         15|00:05:00|-0.04|0.07|0.8597|
|=|         21|          6|        283|-2.124253112e+14|         16|00:05:00|-0.01|0.08|0.8467|
|=|         14|          6|        226|-1.947112174e+14|         17|00:05:00|-0.03|0.06|0.8699|
|=|         19|          6|        226|-1.797360243e+14|         18|00:05:00|-0.01|0.07|0.8492|
|=|          9|          6|        226|-1.721000154e+14|         19|00:05:00|-0.00|0.07|0.8605|
|=|         22|          6|        226|-1.614963677e+14|         20|00:05:00|-0.00|0.07|0.8665|
|=|         20|          6|        226|-2.893534697e+14|         21|00:05:00|+0.01|0.08|0.8547|
|=|         12|          6|        226|-2.723672950e+14|         22|00:05:00|+0.02|0.08|0.8481|
|=|         11|          6|        226|-3.785841119e+14|         23|00:05:00|+0.02|0.07|0.8481|
|=|         17|          6|        226|-3.586896747e+14|         24|00:05:00|+0.03|0.08|0.8404|
|=|          7|          6|        226|-4.508706909e+14|         25|00:05:00|+0.03|0.08|0.8366|
|=|          1|          6|        226|-4.328700771e+14|         26|00:05:00|+0.03|0.08|0.8342|
|=|          2|          6|        226|-4.132209343e+14|         27|00:05:00|+0.04|0.08|0.8272|
|=|         18|          6|        226|-3.983997937e+14|         28|00:05:00|+0.03|0.07|0.8320|
|=|         24|          6|        226|-4.744443856e+14|         34|00:30:00|+0.04|0.08|0.8268|
+-+-----------+-----------+-----------+----------------+-----------+--------+-----+----+------+
Best-so-far configuration:         226    mean value: -4.744443856e+14
Description of the best-so-far configuration:
    .ID. population_size_factor min_elites_percentage max_elites_percentage mutation_probability mutation_distribution num_total_parents num_elite_parents bias_type diversity_type crossover_type num_populations exchange_interval num_exchange_individuals pr_interval shake_interval reset_interval .PARENT.
226  226                    103                  0.37                  0.63                 0.01                  2.07                 3                 1         2              0              0               1                 0                        1           0              0              0      203

# 2026-08-29 13:14:47 UTC: Elite configurations (first number is the configuration ID; listed from best to worst according to the sum of ranks):
    population_size_factor min_elites_percentage max_elites_percentage mutation_probability mutation_distribution num_total_parents num_elite_parents bias_type diversity_type crossover_type num_populations exchange_interval num_exchange_individuals pr_interval shake_interval reset_interval
226                    103                  0.37                  0.63                 0.01                  2.07                 3                 1         2              0              0               1                 0                        1           0              0              0
283                    108                  0.36                  0.66                 0.01                  3.50                 3                 1         2              0              0               1                 0                        1           0              0              0
305                    108                  0.33                  0.67                 0.02                  1.08                 3                 1         2              0              0               1                 0                        1           0              0              0
296                    114                  0.40                  0.55                 0.02                  2.37                 3                 1         2              0              0               1                 0                        1           0              0              0
344                    111                  0.36                  0.65                 0.01                  6.07                 3                 1         2              0              0               1                 0                        1           0              0              0
# 2026-08-29 13:14:47 UTC: Stopped because there is not enough budget left to race more than the minimum (5).
# You may either increase the budget or set 'minNbSurvival' to a lower value.
# Iteration: 12
# nbIterations: 12
# experimentsUsed: 2484
# timeUsed: 0
# remainingBudget: 16
# currentBudget: 16
# number of elites: 5
# nbConfigurations: 5
# Total CPU user time: 744827.5, CPU sys time: 572.071, Wall-clock time: 745408
# 2026-08-29 13:14:47 UTC: Starting post-selection:
# Configurations selected: 226, 283, 305, 296, 344, 300, 203.
# Pending instances: 1, 1, 1, 1, 1, 1, 9.
# 2026-08-29 13:14:48 UTC: seed: 1469263424
# Configurations: 7
# Available experiments: 16
# minSurvival: 1
# Markers:
     x No test is performed.
     c Configurations are discarded only due to capping.
     - The test is performed and some configurations are discarded.
     = The test is performed but no configuration is discarded.
     ! The test is performed and configurations could be discarded but elite configurations are preserved.
     . Alive configurations were already evaluated on this instance and nothing is discarded.
     : All alive configurations are elite, but some need to be evaluated on this instance.

+-+-----------+-----------+-----------+----------------+-----------+--------+-----+----+------+
| |   Instance|      Alive|       Best|       Mean best| Exp so far|  W time|  rho|KenW|  Qvar|
+-+-----------+-----------+-----------+----------------+-----------+--------+-----+----+------+
|x|         19|          7|        305|-3.373270000e+10|          1|00:05:00|   NA|  NA|    NA|
|x|         24|          7|        226|-1.111751854e+15|          2|00:05:00|+0.11|0.55|0.8737|
|x|         23|          7|        226|-7.411791039e+14|          3|00:05:00|-0.14|0.24|1.0812|
|.|         14|          7|        226|-5.558927486e+14|          3|00:00:00|+0.17|0.38|0.8321|
|.|         15|          7|        226|-4.592581989e+14|          3|00:00:00|+0.04|0.23|0.9005|
|x|         21|          7|        226|-3.828134386e+14|          4|00:05:00|+0.08|0.24|0.8127|
|.|          2|          7|        226|-3.282099384e+14|          4|00:00:00|+0.14|0.26|0.7751|
|x|         20|          7|        226|-5.630849461e+14|          5|00:05:00|+0.20|0.30|0.7507|
|.|          9|          7|        226|-5.086123854e+14|          5|00:00:00|+0.19|0.28|0.7333|
|.|         10|          7|        226|-4.590314169e+14|          5|00:00:00|+0.17|0.25|0.7468|
|.|         16|          7|        226|-4.184811244e+14|          5|00:00:00|+0.20|0.27|0.7242|
|.|         13|          7|        226|-3.846927224e+14|          5|00:00:00|+0.24|0.30|0.6963|
|.|          1|          7|        226|-3.607054207e+14|          5|00:00:00|+0.25|0.31|0.6830|
|.|         12|          7|        226|-3.349827834e+14|          5|00:00:00|+0.20|0.26|0.7231|
|.|          5|          7|        226|-3.135123045e+14|          5|00:00:00|+0.15|0.21|0.7565|
|.|          4|          7|        226|-2.939199016e+14|          5|00:00:00|+0.16|0.21|0.7574|
|.|         11|          7|        226|-4.051169662e+14|          5|00:00:00|+0.16|0.21|0.7586|
|x|         22|          7|        226|-3.833352070e+14|          6|00:05:00|+0.18|0.22|0.7421|
|.|          3|          7|        226|-4.795170382e+14|          6|00:00:00|+0.19|0.23|0.7264|
|x|         17|          7|        226|-4.555706765e+14|          7|00:05:00|+0.19|0.23|0.7195|
|.|          8|          7|        226|-4.338784426e+14|          7|00:00:00|+0.20|0.23|0.7134|
|x|         18|          7|        226|-4.174446361e+14|          8|00:05:00|+0.17|0.21|0.7340|
|.|          6|          7|        226|-3.993197937e+14|          8|00:00:00|+0.16|0.20|0.7316|
|.|          7|          7|        226|-4.744443856e+14|          8|00:00:00|+0.17|0.21|0.7159|
|-|         25|          4|        226|-4.583676862e+14|         15|00:35:00|+0.00|0.04|0.7652|
+-+-----------+-----------+-----------+----------------+-----------+--------+-----+----+------+
Best-so-far configuration:         226    mean value: -4.583676862e+14
Description of the best-so-far configuration:
    .ID. population_size_factor min_elites_percentage max_elites_percentage mutation_probability mutation_distribution num_total_parents num_elite_parents bias_type diversity_type crossover_type num_populations exchange_interval num_exchange_individuals pr_interval shake_interval reset_interval .PARENT.
226  226                    103                  0.37                  0.63                 0.01                  2.07                 3                 1         2              0              0               1                 0                        1           0              0              0      203

# 2026-08-29 14:29:48 UTC: Elite configurations (first number is the configuration ID; listed from best to worst according to the sum of ranks):
    population_size_factor min_elites_percentage max_elites_percentage mutation_probability mutation_distribution num_total_parents num_elite_parents bias_type diversity_type crossover_type num_populations exchange_interval num_exchange_individuals pr_interval shake_interval reset_interval
226                    103                  0.37                  0.63                 0.01                  2.07                 3                 1         2              0              0               1                 0                        1           0              0              0
283                    108                  0.36                  0.66                 0.01                  3.50                 3                 1         2              0              0               1                 0                        1           0              0              0
296                    114                  0.40                  0.55                 0.02                  2.37                 3                 1         2              0              0               1                 0                        1           0              0              0
305                    108                  0.33                  0.67                 0.02                  1.08                 3                 1         2              0              0               1                 0                        1           0              0              0
# Total CPU user time: 749322.8, CPU sys time: 577.738, Wall-clock time: 749909
# Best configurations (first number is the configuration ID; listed from best to worst according to the sum of ranks):
    population_size_factor min_elites_percentage max_elites_percentage mutation_probability mutation_distribution num_total_parents num_elite_parents bias_type diversity_type crossover_type num_populations exchange_interval num_exchange_individuals pr_interval shake_interval reset_interval
226                    103                  0.37                  0.63                 0.01                  2.07                 3                 1         2              0              0               1                 0                        1           0              0              0
283                    108                  0.36                  0.66                 0.01                  3.50                 3                 1         2              0              0               1                 0                        1           0              0              0
296                    114                  0.40                  0.55                 0.02                  2.37                 3                 1         2              0              0               1                 0                        1           0              0              0
305                    108                  0.33                  0.67                 0.02                  1.08                 3                 1         2              0              0               1                 0                        1           0              0              0
# Best configurations as commandlines (first number is the configuration ID; listed from best to worst according to the sum of ranks):
226 --population-size-factor 103 --min-elites-percentage 0.37 --max-elites-percentage 0.63 --mutation-probability 0.01 --mutation-distribution 2.07 --num-total-parents 3 --num-elite-parents 1 --bias-type 2 --diversity-type 0 --crossover-type 0 --num-populations 1 --exchange-interval 0 --num-exchange-individuals 1 --pr-interval 0 --shake-interval 0 --reset-interval 0
283 --population-size-factor 108 --min-elites-percentage 0.36 --max-elites-percentage 0.66 --mutation-probability 0.01 --mutation-distribution 3.5 --num-total-parents 3 --num-elite-parents 1 --bias-type 2 --diversity-type 0 --crossover-type 0 --num-populations 1 --exchange-interval 0 --num-exchange-individuals 1 --pr-interval 0 --shake-interval 0 --reset-interval 0
296 --population-size-factor 114 --min-elites-percentage 0.4 --max-elites-percentage 0.55 --mutation-probability 0.02 --mutation-distribution 2.37 --num-total-parents 3 --num-elite-parents 1 --bias-type 2 --diversity-type 0 --crossover-type 0 --num-populations 1 --exchange-interval 0 --num-exchange-individuals 1 --pr-interval 0 --shake-interval 0 --reset-interval 0
305 --population-size-factor 108 --min-elites-percentage 0.33 --max-elites-percentage 0.67 --mutation-probability 0.02 --mutation-distribution 1.08 --num-total-parents 3 --num-elite-parents 1 --bias-type 2 --diversity-type 0 --crossover-type 0 --num-populations 1 --exchange-interval 0 --num-exchange-individuals 1 --pr-interval 0 --shake-interval 0 --reset-interval 0


# Testing of elite configurations: 1 
# Testing iteration configurations: FALSE 
# 2026-08-29 14:29:48 UTC: No test instances, skip testing
