#------------------------------------------------------------------------------
# irace: An implementation in R of (Elitist) Iterated Racing
# Version: 4.4.3.dd8d85f
# Copyright (C) 2010-2025
# Manuel Lopez-Ibanez     <manuel.lopez-ibanez@manchester.ac.uk>
# Jeremie Dubois-Lacoste
# Leslie Perez Caceres    <leslie.perez.caceres@ulb.ac.be>
#
# This is free software, and you are welcome to redistribute it under certain
# conditions.  See the GNU General Public License for details. There is NO
# WARRANTY; not even for MERCHANTABILITY or FITNESS FOR A PARTICULAR PURPOSE.
#
# irace builds upon previous code from the race package:
#     race: Racing methods for the selection of the best
#     Copyright (C) 2003 Mauro Birattari
#------------------------------------------------------------------------------
# installed at: /usr/local/lib/R/site-library/irace
# called with: --scenario nsga2-scenario.txt
# 2026-08-20 22:11:19 UTC: Reading parameter file '/home/lelescavacini/mofjssp_irace/irace/nsga2-parameters.txt'.
# 2026-08-20 22:11:19 UTC: Initialization
# Elitist race
# Elitist new instances: 1
# Elitist limit: 2
# nbIterations: 4
# minNbSurvival: 4
# nbParameters: 5
# seed: 2105340282
# confidence level: 0.95
# budget: 2500
# mu: 5
# deterministic: FALSE

# 2026-08-20 22:11:19 UTC: Iteration 1 of 4
# experimentsUsed: 0
# remainingBudget: 2500
# currentBudget: 625
# nbConfigurations: 104
# Markers:
     x No test is performed.
     c Configurations are discarded only due to capping.
     - The test is performed and some configurations are discarded.
     = The test is performed but no configuration is discarded.
     ! The test is performed and configurations could be discarded but elite configurations are preserved.
     . Alive configurations were already evaluated on this instance and nothing is discarded.
     : All alive configurations are elite, but some need to be evaluated on this instance.

+-+-----------+-----------+-----------+----------------+-----------+--------+-----+----+------+
| |   Instance|      Alive|       Best|       Mean best| Exp so far|  W time|  rho|KenW|  Qvar|
+-+-----------+-----------+-----------+----------------+-----------+--------+-----+----+------+
|x|          1|        104|         34|-3.399090000e+10|        104|08:40:05|   NA|  NA|    NA|
|x|          2|        104|         27|-3.118857500e+11|        208|08:40:05|+0.35|0.68|0.7666|
|x|          3|        104|         80|-7.377079136e+14|        312|08:40:08|+0.39|0.60|0.6618|
|x|          4|        104|         80|-5.565420852e+14|        416|08:40:06|+0.50|0.62|0.5403|
|-|          5|         22|         80|-4.597917082e+14|        520|08:40:05|+0.06|0.25|0.9194|
|-|          6|          7|         80|-7.525397568e+14|        542|01:50:02|+0.07|0.22|0.8032|
|=|          7|          7|         80|-6.469019630e+14|        549|00:35:00|+0.12|0.25|0.7307|
|=|          8|          7|         80|-5.660434584e+14|        556|00:35:00|+0.05|0.17|0.7818|
+-+-----------+-----------+-----------+----------------+-----------+--------+-----+----+------+
Best-so-far configuration:          80    mean value: -5.660434584e+14
Description of the best-so-far configuration:
   .ID. population_size_factor crossover_probability crossover_distribution mutation_probability mutation_distribution .PARENT.
80   80                     58                  0.85                  13.42                 0.04                 11.67       NA

# 2026-08-22 20:31:54 UTC: Elite configurations (first number is the configuration ID; listed from best to worst according to the sum of ranks):
   population_size_factor crossover_probability crossover_distribution mutation_probability mutation_distribution
80                     58                  0.85                  13.42                 0.04                 11.67
13                    109                  0.94                  18.78                 0.17                 87.47
50                     92                  0.15                  66.25                 0.09                  9.37
99                     94                  0.96                  36.39                 0.12                 16.26
# 2026-08-22 20:31:54 UTC: Iteration 2 of 4
# experimentsUsed: 556
# remainingBudget: 1944
# currentBudget: 648
# nbConfigurations: 75
# Markers:
     x No test is performed.
     c Configurations are discarded only due to capping.
     - The test is performed and some configurations are discarded.
     = The test is performed but no configuration is discarded.
     ! The test is performed and configurations could be discarded but elite configurations are preserved.
     . Alive configurations were already evaluated on this instance and nothing is discarded.
     : All alive configurations are elite, but some need to be evaluated on this instance.

+-+-----------+-----------+-----------+----------------+-----------+--------+-----+----+------+
| |   Instance|      Alive|       Best|       Mean best| Exp so far|  W time|  rho|KenW|  Qvar|
+-+-----------+-----------+-----------+----------------+-----------+--------+-----+----+------+
|x|          9|         75|        128|-5.932320000e+11|         75|06:15:04|   NA|  NA|    NA|
|x|          1|         75|        128|-3.136131000e+11|        146|05:55:03|+0.45|0.72|0.7767|
|x|          6|         75|        128|-7.390590754e+14|        217|05:55:05|+0.27|0.52|0.7829|
|x|          2|         75|        128|-5.544422893e+14|        288|05:55:04|+0.27|0.45|0.8223|
|-|          3|         14|        128|-8.874358314e+14|        359|05:55:05|+0.08|0.26|0.8588|
|=|          7|         14|        128|-7.417048429e+14|        369|00:50:00|+0.13|0.27|0.8253|
|-|          5|          5|        128|-6.461954939e+14|        379|00:50:00|+0.32|0.42|0.4809|
|!|          4|          5|        128|-5.670524072e+14|        380|00:05:00|+0.39|0.46|0.4475|
|-|          8|          1|        128|-5.040503600e+14|        381|00:05:00|   NA|  NA|    NA|
+-+-----------+-----------+-----------+----------------+-----------+--------+-----+----+------+
Best-so-far configuration:         128    mean value: -5.040503600e+14
Description of the best-so-far configuration:
    .ID. population_size_factor crossover_probability crossover_distribution mutation_probability mutation_distribution .PARENT.
128  128                     69                  0.79                  33.41                 0.03                  3.16       80

# 2026-08-24 04:17:19 UTC: Elite configurations (first number is the configuration ID; listed from best to worst according to the sum of ranks):
    population_size_factor crossover_probability crossover_distribution mutation_probability mutation_distribution
128                     69                  0.79                  33.41                 0.03                  3.16
# 2026-08-24 04:17:19 UTC: Iteration 3 of 4
# experimentsUsed: 937
# remainingBudget: 1563
# currentBudget: 781
# nbConfigurations: 79
# Markers:
     x No test is performed.
     c Configurations are discarded only due to capping.
     - The test is performed and some configurations are discarded.
     = The test is performed but no configuration is discarded.
     ! The test is performed and configurations could be discarded but elite configurations are preserved.
     . Alive configurations were already evaluated on this instance and nothing is discarded.
     : All alive configurations are elite, but some need to be evaluated on this instance.

+-+-----------+-----------+-----------+----------------+-----------+--------+-----+----+------+
| |   Instance|      Alive|       Best|       Mean best| Exp so far|  W time|  rho|KenW|  Qvar|
+-+-----------+-----------+-----------+----------------+-----------+--------+-----+----+------+
|x|         10|         79|        216|-7.330270000e+13|         79|06:35:04|   NA|  NA|    NA|
|x|          6|         79|        216|-1.147446350e+15|        157|06:30:06|+0.66|0.83|0.2216|
|x|          4|         79|        216|-7.693243333e+14|        235|06:30:05|+0.74|0.82|0.1627|
|x|          7|         79|        216|-5.802658000e+14|        313|06:30:05|+0.75|0.81|0.1602|
|-|          9|         27|        205|-4.670898792e+14|        391|06:30:04|+0.02|0.22|0.9660|
|=|          3|         27|        216|-7.578371998e+14|        417|02:10:02|+0.06|0.21|0.9026|
|=|          5|         27|        205|-6.642061566e+14|        443|02:10:01|+0.04|0.18|0.8931|
|=|          2|         27|        205|-5.812544956e+14|        469|02:10:01|+0.03|0.15|0.9047|
|=|          1|         27|        252|-5.104631212e+14|        495|02:10:01|+0.03|0.13|0.9034|
|=|          8|         27|        252|-4.594202072e+14|        521|02:10:01|+0.03|0.13|0.9056|
|=|         11|         27|        252|-4.176578249e+14|        548|02:15:01|+0.04|0.13|0.8997|
+-+-----------+-----------+-----------+----------------+-----------+--------+-----+----+------+
Best-so-far configuration:         252    mean value: -4.176578249e+14
Description of the best-so-far configuration:
    .ID. population_size_factor crossover_probability crossover_distribution mutation_probability mutation_distribution .PARENT.
252  252                     39                   0.6                  41.48                 0.03                  1.53      128

# 2026-08-26 01:57:55 UTC: Elite configurations (first number is the configuration ID; listed from best to worst according to the sum of ranks):
    population_size_factor crossover_probability crossover_distribution mutation_probability mutation_distribution
252                     39                  0.60                  41.48                 0.03                  1.53
205                     67                  0.77                  28.96                 0.01                  6.07
128                     69                  0.79                  33.41                 0.03                  3.16
216                     67                  0.72                  26.53                 0.02                 10.88
# 2026-08-26 01:57:55 UTC: Iteration 4 of 4
# experimentsUsed: 1485
# remainingBudget: 1015
# currentBudget: 1015
# nbConfigurations: 88
# Markers:
     x No test is performed.
     c Configurations are discarded only due to capping.
     - The test is performed and some configurations are discarded.
     = The test is performed but no configuration is discarded.
     ! The test is performed and configurations could be discarded but elite configurations are preserved.
     . Alive configurations were already evaluated on this instance and nothing is discarded.
     : All alive configurations are elite, but some need to be evaluated on this instance.

+-+-----------+-----------+-----------+----------------+-----------+--------+-----+----+------+
| |   Instance|      Alive|       Best|       Mean best| Exp so far|  W time|  rho|KenW|  Qvar|
+-+-----------+-----------+-----------+----------------+-----------+--------+-----+----+------+
|x|         12|         88|        291|-5.952190000e+11|         88|07:20:04|   NA|  NA|    NA|
|x|          8|         88|        289|-3.140489000e+11|        172|07:00:04|+0.01|0.51|0.8754|
|x|          4|         88|        289|-4.574032600e+12|        256|07:00:05|-0.02|0.32|0.9557|
|x|         10|         88|        289|-2.175057445e+13|        340|07:00:04|+0.03|0.27|0.9200|
|=|         11|         88|        289|-1.740725412e+13|        424|07:00:04|+0.06|0.25|0.9448|
|-|          9|         53|        331|-1.460862960e+13|        508|07:00:04|-0.10|0.09|1.0466|
|=|          6|         53|        331|-3.320702539e+14|        557|04:05:04|-0.07|0.09|1.0268|
|=|          3|         53|        331|-5.690502222e+14|        606|04:05:04|-0.02|0.11|0.9920|
|=|          1|         53|        331|-5.058261943e+14|        655|04:05:02|-0.02|0.09|1.0118|
|=|          5|         53|        331|-4.625644549e+14|        704|04:05:02|-0.01|0.09|0.9992|
|=|          7|         53|        331|-4.217036499e+14|        753|04:05:03|+0.01|0.10|0.9811|
|=|          2|         53|        252|-3.829024536e+14|        802|04:05:02|+0.01|0.09|0.9921|
|=|         13|         53|        310|-5.308957366e+14|        855|04:25:05|+0.03|0.10|0.9744|
+-+-----------+-----------+-----------+----------------+-----------+--------+-----+----+------+
Best-so-far configuration:         310    mean value: -5.308957366e+14
Description of the best-so-far configuration:
    .ID. population_size_factor crossover_probability crossover_distribution mutation_probability mutation_distribution .PARENT.
310  310                     43                  0.62                     40                 0.01                  1.18      252

# 2026-08-29 01:13:50 UTC: Elite configurations (first number is the configuration ID; listed from best to worst according to the sum of ranks):
    population_size_factor crossover_probability crossover_distribution mutation_probability mutation_distribution
310                     43                  0.62                  40.00                 0.01                  1.18
331                     40                  0.66                  42.68                 0.02                  4.83
252                     39                  0.60                  41.48                 0.03                  1.53
315                     66                  0.72                  31.34                 0.02                  1.20
# 2026-08-29 01:13:50 UTC: Iteration 5 of 5
# experimentsUsed: 2340
# remainingBudget: 160
# currentBudget: 160
# nbConfigurations: 15
# Markers:
     x No test is performed.
     c Configurations are discarded only due to capping.
     - The test is performed and some configurations are discarded.
     = The test is performed but no configuration is discarded.
     ! The test is performed and configurations could be discarded but elite configurations are preserved.
     . Alive configurations were already evaluated on this instance and nothing is discarded.
     : All alive configurations are elite, but some need to be evaluated on this instance.

+-+-----------+-----------+-----------+----------------+-----------+--------+-----+----+------+
| |   Instance|      Alive|       Best|       Mean best| Exp so far|  W time|  rho|KenW|  Qvar|
+-+-----------+-----------+-----------+----------------+-----------+--------+-----+----+------+
|x|         14|         15|        252|-7.344670000e+13|         15|01:15:00|   NA|  NA|    NA|
|x|          2|         15|        252|-3.702024650e+13|         26|00:55:00|+0.26|0.63|0.9585|
|x|         13|         15|        310|-7.740205037e+14|         37|00:55:01|+0.01|0.34|0.9661|
|x|          5|         15|        252|-5.900942482e+14|         48|00:55:00|+0.01|0.26|0.9156|
|=|          8|         15|        310|-4.790477811e+14|         59|00:55:00|-0.02|0.18|0.9306|
|=|          4|         15|        310|-4.013905176e+14|         70|00:55:00|+0.03|0.19|0.9015|
|=|         11|         15|        310|-3.440538695e+14|         81|00:55:00|+0.05|0.18|0.8913|
|=|          9|         15|        252|-2.967624088e+14|         92|00:55:00|+0.02|0.14|0.9236|
|=|          1|         15|        252|-2.637925860e+14|        103|00:55:00|+0.03|0.14|0.9174|
|=|         12|         15|        252|-2.374726644e+14|        114|00:55:00|+0.03|0.13|0.9349|
|=|         10|         15|        252|-2.225474313e+14|        125|00:55:00|+0.05|0.14|0.9242|
|-|          6|         10|        252|-3.877326453e+14|        136|00:55:01|-0.01|0.08|0.9438|
|=|          7|         10|        252|-3.589127803e+14|        142|00:30:00|+0.02|0.09|0.9243|
|=|          3|         10|        331|-4.952089572e+14|        148|00:30:00|+0.04|0.11|0.9089|
|=|         15|         10|        331|-4.630698001e+14|        158|00:50:00|+0.06|0.12|0.8886|
+-+-----------+-----------+-----------+----------------+-----------+--------+-----+----+------+
Best-so-far configuration:         331    mean value: -4.630698001e+14
Description of the best-so-far configuration:
    .ID. population_size_factor crossover_probability crossover_distribution mutation_probability mutation_distribution .PARENT.
331  331                     40                  0.66                  42.68                 0.02                  4.83      252

# 2026-08-29 14:24:00 UTC: Elite configurations (first number is the configuration ID; listed from best to worst according to the sum of ranks):
    population_size_factor crossover_probability crossover_distribution mutation_probability mutation_distribution
331                     40                  0.66                  42.68                 0.02                  4.83
310                     43                  0.62                  40.00                 0.01                  1.18
252                     39                  0.60                  41.48                 0.03                  1.53
315                     66                  0.72                  31.34                 0.02                  1.20
# 2026-08-29 14:24:00 UTC: Stopped because there is not enough budget left to race more than the minimum (4).
# You may either increase the budget or set 'minNbSurvival' to a lower value.
# Iteration: 6
# nbIterations: 6
# experimentsUsed: 2498
# timeUsed: 0
# remainingBudget: 2
# currentBudget: 2
# number of elites: 4
# nbConfigurations: 4
# Total CPU user time: 748780.3, CPU sys time: 770.82, Wall-clock time: 749561.1
# 2026-08-29 14:24:00 UTC: Starting post-selection:
# Configurations selected: 331, 310.
# Pending instances: 0, 0.
# 2026-08-29 14:24:00 UTC: seed: 2105340282
# Configurations: 2
# Available experiments: 2
# minSurvival: 1
# Markers:
     x No test is performed.
     c Configurations are discarded only due to capping.
     - The test is performed and some configurations are discarded.
     = The test is performed but no configuration is discarded.
     ! The test is performed and configurations could be discarded but elite configurations are preserved.
     . Alive configurations were already evaluated on this instance and nothing is discarded.
     : All alive configurations are elite, but some need to be evaluated on this instance.

+-+-----------+-----------+-----------+----------------+-----------+--------+-----+----+------+
| |   Instance|      Alive|       Best|       Mean best| Exp so far|  W time|  rho|KenW|  Qvar|
+-+-----------+-----------+-----------+----------------+-----------+--------+-----+----+------+
|.|         15|          2|        331|-1.312160000e+13|          0|00:00:00|   NA|  NA|    NA|
|.|          3|          2|        331|-1.120515800e+15|          0|00:00:00|-1.00|0.00|1.0000|
|.|          2|          2|        331|-7.472024840e+14|          0|00:00:00|-0.33|0.11|0.6667|
|.|          7|          2|        331|-5.636757630e+14|          0|00:00:00|+0.00|0.25|0.5000|
|.|         11|          2|        331|-4.509474234e+14|          0|00:00:00|-0.20|0.04|0.6000|
|.|          6|          2|        331|-7.485961862e+14|          0|00:00:00|-0.07|0.11|0.5333|
|.|          8|          2|        331|-6.416587298e+14|          0|00:00:00|+0.05|0.18|0.4762|
|.|          1|          2|        331|-5.614556350e+14|          0|00:00:00|+0.14|0.25|0.4286|
|.|         13|          2|        331|-7.457738978e+14|          0|00:00:00|+0.22|0.31|0.3889|
|.|         14|          2|        331|-6.785254480e+14|          0|00:00:00|+0.29|0.36|0.3556|
|.|          4|          2|        331|-6.180324800e+14|          0|00:00:00|+0.35|0.40|0.3273|
|.|         10|          2|        331|-5.726378567e+14|          0|00:00:00|+0.18|0.25|0.4091|
|.|          5|          2|        331|-5.342202369e+14|          0|00:00:00|+0.08|0.15|0.4615|
|.|          9|          2|        331|-4.961040716e+14|          0|00:00:00|+0.01|0.08|0.4945|
|.|         12|          2|        331|-4.630698001e+14|          0|00:00:00|-0.03|0.04|0.5143|
|=|         16|          2|        310|-4.375752547e+14|          2|00:10:00|+0.00|0.06|0.5000|
+-+-----------+-----------+-----------+----------------+-----------+--------+-----+----+------+
Best-so-far configuration:         310    mean value: -4.375752547e+14
Description of the best-so-far configuration:
    .ID. population_size_factor crossover_probability crossover_distribution mutation_probability mutation_distribution .PARENT.
310  310                     43                  0.62                     40                 0.01                  1.18      252

# 2026-08-29 14:34:00 UTC: Elite configurations (first number is the configuration ID; listed from best to worst according to the sum of ranks):
    population_size_factor crossover_probability crossover_distribution mutation_probability mutation_distribution
310                     43                  0.62                  40.00                 0.01                  1.18
331                     40                  0.66                  42.68                 0.02                  4.83
# Total CPU user time: 749380.3, CPU sys time: 770.897, Wall-clock time: 750161.2
# Best configurations (first number is the configuration ID; listed from best to worst according to the sum of ranks):
    population_size_factor crossover_probability crossover_distribution mutation_probability mutation_distribution
310                     43                  0.62                  40.00                 0.01                  1.18
331                     40                  0.66                  42.68                 0.02                  4.83
# Best configurations as commandlines (first number is the configuration ID; listed from best to worst according to the sum of ranks):
310 --population-size-factor 43 --crossover-probability 0.62 --crossover-distribution 40 --mutation-probability 0.01 --mutation-distribution 1.18
331 --population-size-factor 40 --crossover-probability 0.66 --crossover-distribution 42.68 --mutation-probability 0.02 --mutation-distribution 4.83


# Testing of elite configurations: 1 
# Testing iteration configurations: FALSE 
# 2026-08-29 14:34:00 UTC: No test instances, skip testing
