#------------------------------------------------------------------------------
# irace: An implementation in R of (Elitist) Iterated Racing
# Version: 4.4.3.dd8d85f
# Copyright (C) 2010-2025
# Manuel Lopez-Ibanez     <manuel.lopez-ibanez@manchester.ac.uk>
# Jeremie Dubois-Lacoste
# Leslie Perez Caceres    <leslie.perez.caceres@ulb.ac.be>
#
# This is free software, and you are welcome to redistribute it under certain
# conditions.  See the GNU General Public License for details. There is NO
# WARRANTY; not even for MERCHANTABILITY or FITNESS FOR A PARTICULAR PURPOSE.
#
# irace builds upon previous code from the race package:
#     race: Racing methods for the selection of the best
#     Copyright (C) 2003 Mauro Birattari
#------------------------------------------------------------------------------
# installed at: /usr/local/lib/R/site-library/irace
# called with: --scenario nspso-scenario.txt
# 2026-08-20 22:11:19 UTC: Reading parameter file '/home/lelescavacini/mofjssp_irace/irace/nspso-parameters.txt'.
# 2026-08-20 22:11:19 UTC: Initialization
# Elitist race
# Elitist new instances: 1
# Elitist limit: 2
# nbIterations: 5
# minNbSurvival: 5
# nbParameters: 8
# seed: 123701468
# confidence level: 0.95
# budget: 2500
# mu: 5
# deterministic: FALSE

# 2026-08-20 22:11:19 UTC: Iteration 1 of 5
# experimentsUsed: 0
# remainingBudget: 2500
# currentBudget: 500
# nbConfigurations: 83
# Markers:
     x No test is performed.
     c Configurations are discarded only due to capping.
     - The test is performed and some configurations are discarded.
     = The test is performed but no configuration is discarded.
     ! The test is performed and configurations could be discarded but elite configurations are preserved.
     . Alive configurations were already evaluated on this instance and nothing is discarded.
     : All alive configurations are elite, but some need to be evaluated on this instance.

+-+-----------+-----------+-----------+----------------+-----------+--------+-----+----+------+
| |   Instance|      Alive|       Best|       Mean best| Exp so far|  W time|  rho|KenW|  Qvar|
+-+-----------+-----------+-----------+----------------+-----------+--------+-----+----+------+
|x|          1|         83|         62|-3.318500000e+10|         83|06:55:04|   NA|  NA|    NA|
|x|          2|         83|          6|-6.227460950e+12|        166|06:55:04|-0.02|0.49|0.7679|
|x|          3|         83|         15|-6.908412892e+14|        249|06:55:05|+0.36|0.57|0.4745|
|x|          4|         83|         15|-5.182738952e+14|        332|06:55:04|+0.50|0.63|0.3826|
|-|          5|         40|         15|-4.287379761e+14|        415|06:55:04|-0.00|0.20|0.9107|
|=|          6|         40|         15|-3.593336134e+14|        455|03:20:02|+0.06|0.22|0.8352|
|-|          7|         26|         79|-3.253946468e+14|        495|03:20:02|-0.02|0.12|0.9540|
+-+-----------+-----------+-----------+----------------+-----------+--------+-----+----+------+
Best-so-far configuration:          79    mean value: -3.253946468e+14
Description of the best-so-far configuration:
   .ID. population_size_factor omega   c1   c2  chi v_coeff leader_selection_range diversity_mechanism .PARENT.
79   79                     44  0.17 2.57 2.02 1.03    0.19                     11             max min       NA

# 2026-08-22 15:26:48 UTC: Elite configurations (first number is the configuration ID; listed from best to worst according to the sum of ranks):
   population_size_factor omega   c1   c2  chi v_coeff leader_selection_range diversity_mechanism
79                     44  0.17 2.57 2.02 1.03    0.19                     11             max min
15                     65  0.48 0.61 3.11 0.66    0.18                     65             max min
70                     37  0.86 0.83 3.27 0.51    0.13                     79         niche count
30                    125  0.51 3.48 3.74 0.33    0.34                     68         niche count
9                     103  0.35 3.10 1.62 0.22    0.80                     52             max min
# 2026-08-22 15:26:48 UTC: Iteration 2 of 5
# experimentsUsed: 495
# remainingBudget: 2005
# currentBudget: 501
# nbConfigurations: 67
# Markers:
     x No test is performed.
     c Configurations are discarded only due to capping.
     - The test is performed and some configurations are discarded.
     = The test is performed but no configuration is discarded.
     ! The test is performed and configurations could be discarded but elite configurations are preserved.
     . Alive configurations were already evaluated on this instance and nothing is discarded.
     : All alive configurations are elite, but some need to be evaluated on this instance.

+-+-----------+-----------+-----------+----------------+-----------+--------+-----+----+------+
| |   Instance|      Alive|       Best|       Mean best| Exp so far|  W time|  rho|KenW|  Qvar|
+-+-----------+-----------+-----------+----------------+-----------+--------+-----+----+------+
|x|          8|         67|        134|-2.108890000e+15|         67|05:35:04|   NA|  NA|    NA|
|x|          1|         67|        121|-1.012371672e+15|        129|05:10:03|-0.13|0.44|0.5721|
|x|          2|         67|         15|-6.957312892e+14|        191|05:10:03|-0.02|0.32|0.5855|
|x|          3|         67|        118|-1.045338368e+15|        253|05:10:04|+0.23|0.43|0.4429|
|-|          7|         34|         15|-8.436906735e+14|        315|05:10:03|+0.05|0.24|0.8721|
|-|          4|         21|         79|-7.156266713e+14|        344|02:25:01|-0.02|0.15|0.9317|
|=|          6|         21|         79|-6.151468611e+14|        360|01:20:00|+0.00|0.14|0.9143|
|=|          5|         21|         79|-5.471878160e+14|        376|01:20:00|+0.04|0.16|0.8891|
|=|          9|         21|         79|-4.863926429e+14|        397|01:45:01|+0.03|0.13|0.9272|
+-+-----------+-----------+-----------+----------------+-----------+--------+-----+----+------+
Best-so-far configuration:          79    mean value: -4.863926429e+14
Description of the best-so-far configuration:
   .ID. population_size_factor omega   c1   c2  chi v_coeff leader_selection_range diversity_mechanism .PARENT.
79   79                     44  0.17 2.57 2.02 1.03    0.19                     11             max min       NA

# 2026-08-24 00:32:11 UTC: Elite configurations (first number is the configuration ID; listed from best to worst according to the sum of ranks):
    population_size_factor omega   c1   c2  chi v_coeff leader_selection_range diversity_mechanism
79                      44  0.17 2.57 2.02 1.03    0.19                     11             max min
95                      68  0.35 2.39 2.05 0.85    0.22                     35             max min
118                     65  0.41 2.05 0.93 1.04    0.19                     35             max min
134                     32  0.63 3.25 1.90 0.41    0.23                      5   crowding distance
15                      65  0.48 0.61 3.11 0.66    0.18                     65             max min
# 2026-08-24 00:32:11 UTC: Iteration 3 of 5
# experimentsUsed: 892
# remainingBudget: 1608
# currentBudget: 536
# nbConfigurations: 58
# Markers:
     x No test is performed.
     c Configurations are discarded only due to capping.
     - The test is performed and some configurations are discarded.
     = The test is performed but no configuration is discarded.
     ! The test is performed and configurations could be discarded but elite configurations are preserved.
     . Alive configurations were already evaluated on this instance and nothing is discarded.
     : All alive configurations are elite, but some need to be evaluated on this instance.

+-+-----------+-----------+-----------+----------------+-----------+--------+-----+----+------+
| |   Instance|      Alive|       Best|       Mean best| Exp so far|  W time|  rho|KenW|  Qvar|
+-+-----------+-----------+-----------+----------------+-----------+--------+-----+----+------+
|x|         10|         58|        164|-5.809990000e+11|         58|04:50:02|   NA|  NA|    NA|
|x|          6|         58|        173|-6.511506000e+12|        111|04:25:02|+0.36|0.68|0.2604|
|x|          1|         58|         15|-4.308031900e+12|        164|04:25:02|+0.20|0.47|0.3114|
|x|          8|         58|         15|-5.218910239e+14|        217|04:25:03|+0.29|0.47|0.2952|
|-|          4|         38|        181|-4.185907290e+14|        270|04:25:02|-0.11|0.11|1.0565|
|=|          3|         38|        181|-6.994306075e+14|        303|02:45:02|-0.03|0.14|0.9629|
|=|          7|         38|        181|-6.097521350e+14|        336|02:45:01|+0.04|0.17|0.8827|
|-|          2|         28|         79|-5.383253266e+14|        369|02:45:01|-0.00|0.12|0.9637|
|=|          5|         28|        175|-4.783752904e+14|        392|01:55:01|+0.03|0.14|0.9357|
|=|          9|         28|        175|-4.305409061e+14|        415|01:55:01|+0.01|0.11|0.9316|
|=|         11|         28|        134|-4.001710679e+14|        443|02:20:01|+0.00|0.09|0.9362|
+-+-----------+-----------+-----------+----------------+-----------+--------+-----+----+------+
Best-so-far configuration:         134    mean value: -4.001710679e+14
Description of the best-so-far configuration:
    .ID. population_size_factor omega   c1  c2  chi v_coeff leader_selection_range diversity_mechanism .PARENT.
134  134                     32  0.63 3.25 1.9 0.41    0.23                      5   crowding distance       79

# 2026-08-25 13:27:36 UTC: Elite configurations (first number is the configuration ID; listed from best to worst according to the sum of ranks):
    population_size_factor omega   c1   c2  chi v_coeff leader_selection_range diversity_mechanism
134                     32  0.63 3.25 1.90 0.41    0.23                      5   crowding distance
149                     85  0.48 0.57 2.01 0.78    0.12                     87             max min
79                      44  0.17 2.57 2.02 1.03    0.19                     11             max min
175                     52  0.50 0.41 3.51 0.40    0.21                     62             max min
165                     36  0.84 3.43 2.10 0.48    0.22                     11             max min
# 2026-08-25 13:27:36 UTC: Iteration 4 of 5
# experimentsUsed: 1335
# remainingBudget: 1165
# currentBudget: 582
# nbConfigurations: 53
# Markers:
     x No test is performed.
     c Configurations are discarded only due to capping.
     - The test is performed and some configurations are discarded.
     = The test is performed but no configuration is discarded.
     ! The test is performed and configurations could be discarded but elite configurations are preserved.
     . Alive configurations were already evaluated on this instance and nothing is discarded.
     : All alive configurations are elite, but some need to be evaluated on this instance.

+-+-----------+-----------+-----------+----------------+-----------+--------+-----+----+------+
| |   Instance|      Alive|       Best|       Mean best| Exp so far|  W time|  rho|KenW|  Qvar|
+-+-----------+-----------+-----------+----------------+-----------+--------+-----+----+------+
|x|         12|         53|        236|-2.124170000e+15|         53|04:25:03|   NA|  NA|    NA|
|x|          8|         53|        236|-2.122275000e+15|        101|04:00:02|+0.93|0.97|0.0215|
|x|          6|         53|        236|-1.418957000e+15|        149|04:00:02|+0.53|0.68|0.2978|
|x|          1|         53|        237|-1.048466882e+15|        197|04:00:02|+0.24|0.43|0.5612|
|-|         10|         29|        243|-8.412874062e+14|        245|04:00:02|-0.11|0.11|1.0782|
|=|         11|         29|        236|-7.095850517e+14|        269|02:00:01|-0.08|0.10|1.0439|
|=|          3|         29|        236|-9.095400443e+14|        293|02:00:01|-0.00|0.14|0.9654|
|=|          7|         29|        236|-8.047505513e+14|        317|02:00:01|+0.00|0.13|0.9697|
|=|          5|         29|        134|-7.205914983e+14|        341|02:00:01|-0.00|0.11|0.9693|
|=|          2|         29|        134|-6.497611284e+14|        365|02:00:01|+0.02|0.12|0.9457|
|=|          9|         29|        134|-5.906947631e+14|        389|02:00:01|+0.02|0.11|0.9496|
|=|          4|         29|        134|-5.415176456e+14|        413|02:00:01|+0.01|0.09|0.9575|
|=|         13|         29|        134|-4.999069928e+14|        442|02:25:01|+0.01|0.09|0.9561|
+-+-----------+-----------+-----------+----------------+-----------+--------+-----+----+------+
Best-so-far configuration:         134    mean value: -4.999069928e+14
Description of the best-so-far configuration:
    .ID. population_size_factor omega   c1  c2  chi v_coeff leader_selection_range diversity_mechanism .PARENT.
134  134                     32  0.63 3.25 1.9 0.41    0.23                      5   crowding distance       79

# 2026-08-27 02:18:00 UTC: Elite configurations (first number is the configuration ID; listed from best to worst according to the sum of ranks):
    population_size_factor omega   c1   c2  chi v_coeff leader_selection_range diversity_mechanism
134                     32  0.63 3.25 1.90 0.41    0.23                      5   crowding distance
165                     36  0.84 3.43 2.10 0.48    0.22                     11             max min
236                     25  0.86 3.34 2.30 0.46    0.20                     28             max min
79                      44  0.17 2.57 2.02 1.03    0.19                     11             max min
235                    101  0.51 0.25 2.52 0.84    0.16                     93             max min
# 2026-08-27 02:18:00 UTC: Iteration 5 of 5
# experimentsUsed: 1777
# remainingBudget: 723
# currentBudget: 723
# nbConfigurations: 56
# Markers:
     x No test is performed.
     c Configurations are discarded only due to capping.
     - The test is performed and some configurations are discarded.
     = The test is performed but no configuration is discarded.
     ! The test is performed and configurations could be discarded but elite configurations are preserved.
     . Alive configurations were already evaluated on this instance and nothing is discarded.
     : All alive configurations are elite, but some need to be evaluated on this instance.

+-+-----------+-----------+-----------+----------------+-----------+--------+-----+----+------+
| |   Instance|      Alive|       Best|       Mean best| Exp so far|  W time|  rho|KenW|  Qvar|
+-+-----------+-----------+-----------+----------------+-----------+--------+-----+----+------+
|x|         14|         56|        250|-1.248600000e+13|         56|04:40:03|   NA|  NA|    NA|
|x|         12|         56|        259|-1.072773000e+15|        107|04:15:03|+0.60|0.80|0.4776|
|x|          1|         56|        250|-7.053126674e+14|        158|04:15:02|+0.04|0.36|1.0672|
|x|          7|         56|        296|-5.497331550e+14|        209|04:15:02|+0.14|0.36|0.8531|
|=|          4|         56|        261|-4.375638526e+14|        260|04:15:02|+0.06|0.25|0.8511|
|-|          2|         42|        266|-3.680260946e+14|        311|04:15:02|-0.03|0.14|0.9725|
|=|         13|         42|        266|-3.155331936e+14|        348|03:05:01|-0.03|0.12|0.9200|
|=|          3|         42|        266|-5.387715444e+14|        385|03:05:02|+0.01|0.14|0.8891|
|=|         11|         42|        266|-4.789115266e+14|        422|03:05:01|+0.03|0.13|0.8616|
|=|          5|         42|        266|-4.381888540e+14|        459|03:05:02|+0.03|0.13|0.8770|
|-|          8|         21|        266|-5.904253218e+14|        496|03:05:02|-0.02|0.07|0.9617|
|=|          9|         21|        266|-5.412257823e+14|        512|01:20:00|-0.02|0.06|0.9700|
|=|         10|         21|        261|-4.998863927e+14|        528|01:20:00|-0.02|0.06|0.9663|
|=|          6|         21|        261|-4.650444290e+14|        544|01:20:00|-0.01|0.06|0.9557|
|=|         15|         21|        261|-4.388015670e+14|        565|01:45:01|+0.00|0.07|0.9444|
+-+-----------+-----------+-----------+----------------+-----------+--------+-----+----+------+
Best-so-far configuration:         261    mean value: -4.388015670e+14
Description of the best-so-far configuration:
    .ID. population_size_factor omega   c1   c2  chi v_coeff leader_selection_range diversity_mechanism .PARENT.
261  261                     29  0.66 2.94 2.35 0.51    0.14                      8   crowding distance      134

# 2026-08-29 01:23:31 UTC: Elite configurations (first number is the configuration ID; listed from best to worst according to the sum of ranks):
    population_size_factor omega   c1   c2  chi v_coeff leader_selection_range diversity_mechanism
261                     29  0.66 2.94 2.35 0.51    0.14                      8   crowding distance
266                     50  0.86 3.29 2.02 0.51    0.16                      9             max min
134                     32  0.63 3.25 1.90 0.41    0.23                      5   crowding distance
251                     38  0.26 2.80 2.06 0.96    0.16                     16             max min
236                     25  0.86 3.34 2.30 0.46    0.20                     28             max min
# 2026-08-29 01:23:31 UTC: Iteration 6 of 6
# experimentsUsed: 2342
# remainingBudget: 158
# currentBudget: 158
# nbConfigurations: 14
# Markers:
     x No test is performed.
     c Configurations are discarded only due to capping.
     - The test is performed and some configurations are discarded.
     = The test is performed but no configuration is discarded.
     ! The test is performed and configurations could be discarded but elite configurations are preserved.
     . Alive configurations were already evaluated on this instance and nothing is discarded.
     : All alive configurations are elite, but some need to be evaluated on this instance.

+-+-----------+-----------+-----------+----------------+-----------+--------+-----+----+------+
| |   Instance|      Alive|       Best|       Mean best| Exp so far|  W time|  rho|KenW|  Qvar|
+-+-----------+-----------+-----------+----------------+-----------+--------+-----+----+------+
|x|         16|         14|        301|-7.168320000e+13|         14|01:10:00|   NA|  NA|    NA|
|x|          7|         14|        301|-7.173185000e+13|         23|00:45:00|+0.52|0.76|0.3765|
|x|          9|         14|        261|-4.764600550e+13|         32|00:45:00|+0.29|0.53|0.5658|
|x|          3|         14|        261|-5.640970041e+14|         41|00:45:00|+0.34|0.50|0.5480|
|-|         10|          9|        261|-4.513937883e+14|         50|00:45:00|+0.05|0.24|0.9077|
|=|          4|          9|        261|-3.762579151e+14|         54|00:20:00|+0.04|0.20|0.9176|
|=|          2|          9|        261|-3.242417558e+14|         58|00:20:00|-0.06|0.10|0.9644|
|=|         14|          9|        261|-2.852529238e+14|         62|00:20:00|-0.05|0.08|0.9243|
|=|         15|          9|        261|-2.614916545e+14|         66|00:20:00|-0.05|0.06|0.9253|
|=|         13|          9|        261|-2.354001644e+14|         70|00:20:00|-0.03|0.07|0.9035|
|=|         12|          9|        261|-4.052010586e+14|         74|00:20:00|-0.05|0.04|0.9253|
|=|          8|          9|        261|-5.474509704e+14|         78|00:20:00|-0.04|0.05|0.9121|
|=|          5|          9|        261|-5.108539034e+14|         82|00:20:00|-0.02|0.06|0.9016|
|=|          6|          9|        261|-4.752285460e+14|         86|00:20:00|-0.02|0.05|0.8982|
|=|          1|          9|        261|-4.435487372e+14|         90|00:20:00|-0.01|0.06|0.8879|
|=|         11|          9|        261|-4.158288504e+14|         94|00:20:00|-0.02|0.04|0.8937|
|=|         17|          9|        134|-5.158705062e+14|        103|00:45:00|-0.02|0.04|0.8868|
+-+-----------+-----------+-----------+----------------+-----------+--------+-----+----+------+
Best-so-far configuration:         134    mean value: -5.158705062e+14
Description of the best-so-far configuration:
    .ID. population_size_factor omega   c1  c2  chi v_coeff leader_selection_range diversity_mechanism .PARENT.
134  134                     32  0.63 3.25 1.9 0.41    0.23                      5   crowding distance       79

# 2026-08-29 09:58:37 UTC: Elite configurations (first number is the configuration ID; listed from best to worst according to the sum of ranks):
    population_size_factor omega   c1   c2  chi v_coeff leader_selection_range diversity_mechanism
134                     32  0.63 3.25 1.90 0.41    0.23                      5   crowding distance
261                     29  0.66 2.94 2.35 0.51    0.14                      8   crowding distance
236                     25  0.86 3.34 2.30 0.46    0.20                     28             max min
302                     27  0.83 3.47 2.31 0.45    0.20                     23             max min
266                     50  0.86 3.29 2.02 0.51    0.16                      9             max min
# 2026-08-29 09:58:37 UTC: Iteration 7 of 7
# experimentsUsed: 2445
# remainingBudget: 55
# currentBudget: 55
# nbConfigurations: 7
# Markers:
     x No test is performed.
     c Configurations are discarded only due to capping.
     - The test is performed and some configurations are discarded.
     = The test is performed but no configuration is discarded.
     ! The test is performed and configurations could be discarded but elite configurations are preserved.
     . Alive configurations were already evaluated on this instance and nothing is discarded.
     : All alive configurations are elite, but some need to be evaluated on this instance.

+-+-----------+-----------+-----------+----------------+-----------+--------+-----+----+------+
| |   Instance|      Alive|       Best|       Mean best| Exp so far|  W time|  rho|KenW|  Qvar|
+-+-----------+-----------+-----------+----------------+-----------+--------+-----+----+------+
|x|         18|          7|        266|-5.776710000e+11|          7|00:35:00|   NA|  NA|    NA|
|x|         12|          7|        302|-1.063908290e+15|          9|00:10:00|-0.18|0.41|1.1006|
|x|         13|          7|        266|-7.043811530e+14|         11|00:10:00|-0.33|0.11|1.1124|
|x|         16|          7|        266|-5.461039398e+14|         13|00:10:00|-0.17|0.12|0.9875|
|=|          2|          7|        266|-4.393567718e+14|         15|00:10:00|-0.03|0.18|0.8706|
|=|          8|          7|        266|-7.182623098e+14|         17|00:10:00|+0.06|0.22|0.7717|
|=|          4|          7|        266|-6.157359037e+14|         19|00:10:00|+0.12|0.24|0.7341|
|=|         17|          7|        266|-8.028551658e+14|         21|00:10:00|+0.13|0.24|0.6718|
|-|         14|          6|        236|-7.185369093e+14|         23|00:10:00|+0.07|0.17|0.7442|
|=|         15|          6|        236|-6.538108784e+14|         24|00:05:00|-0.01|0.09|0.8170|
|=|          9|          6|        302|-5.943364075e+14|         25|00:05:00|-0.04|0.06|0.8471|
|=|          1|          6|        266|-5.422182312e+14|         26|00:05:00|-0.05|0.04|0.8562|
|=|          5|          6|        302|-5.084406754e+14|         27|00:05:00|-0.05|0.03|0.8599|
|=|          7|          6|        266|-4.749384839e+14|         28|00:05:00|-0.06|0.02|0.8758|
|=|         11|          6|        266|-4.432780106e+14|         29|00:05:00|-0.06|0.01|0.8686|
|=|          3|          6|        266|-5.469131349e+14|         30|00:05:00|-0.06|0.01|0.8643|
|=|          6|          6|        266|-5.154718623e+14|         31|00:05:00|-0.05|0.01|0.8552|
|=|         10|          6|        302|-4.886141182e+14|         32|00:05:00|-0.05|0.01|0.8635|
|=|         19|          6|        236|-4.632803148e+14|         38|00:30:00|-0.05|0.01|0.8633|
+-+-----------+-----------+-----------+----------------+-----------+--------+-----+----+------+
Best-so-far configuration:         236    mean value: -4.632803148e+14
Description of the best-so-far configuration:
    .ID. population_size_factor omega   c1  c2  chi v_coeff leader_selection_range diversity_mechanism .PARENT.
236  236                     25  0.86 3.34 2.3 0.46     0.2                     28             max min      165

# 2026-08-29 13:08:40 UTC: Elite configurations (first number is the configuration ID; listed from best to worst according to the sum of ranks):
    population_size_factor omega   c1   c2  chi v_coeff leader_selection_range diversity_mechanism
236                     25  0.86 3.34 2.30 0.46    0.20                     28             max min
266                     50  0.86 3.29 2.02 0.51    0.16                      9             max min
261                     29  0.66 2.94 2.35 0.51    0.14                      8   crowding distance
302                     27  0.83 3.47 2.31 0.45    0.20                     23             max min
134                     32  0.63 3.25 1.90 0.41    0.23                      5   crowding distance
# 2026-08-29 13:08:40 UTC: Stopped because there is not enough budget left to race more than the minimum (5).
# You may either increase the budget or set 'minNbSurvival' to a lower value.
# Iteration: 8
# nbIterations: 8
# experimentsUsed: 2483
# timeUsed: 0
# remainingBudget: 17
# currentBudget: 17
# number of elites: 5
# nbConfigurations: 5
# Total CPU user time: 735161.4, CPU sys time: 9864.925, Wall-clock time: 745040.4
# 2026-08-29 13:08:40 UTC: Starting post-selection:
# Configurations selected: 236, 266, 261, 302, 134, 251, 165.
# Pending instances: 1, 1, 1, 1, 1, 3, 5.
# 2026-08-29 13:08:40 UTC: seed: 123701468
# Configurations: 7
# Available experiments: 17
# minSurvival: 1
# Markers:
     x No test is performed.
     c Configurations are discarded only due to capping.
     - The test is performed and some configurations are discarded.
     = The test is performed but no configuration is discarded.
     ! The test is performed and configurations could be discarded but elite configurations are preserved.
     . Alive configurations were already evaluated on this instance and nothing is discarded.
     : All alive configurations are elite, but some need to be evaluated on this instance.

+-+-----------+-----------+-----------+----------------+-----------+--------+-----+----+------+
| |   Instance|      Alive|       Best|       Mean best| Exp so far|  W time|  rho|KenW|  Qvar|
+-+-----------+-----------+-----------+----------------+-----------+--------+-----+----+------+
|.|         12|          7|        302|-2.127240000e+15|          0|00:00:00|   NA|  NA|    NA|
|.|          8|          7|        302|-2.127840000e+15|          0|00:00:00|+0.96|0.98|0.0757|
|.|          7|          7|        302|-1.442011833e+15|          0|00:00:00|-0.10|0.27|0.9302|
|.|          3|          7|        302|-1.606993875e+15|          0|00:00:00|+0.11|0.33|0.7272|
|x|         19|          7|        236|-1.285015198e+15|          2|00:10:00|+0.17|0.33|0.6974|
|.|         10|          7|        236|-1.070942146e+15|          2|00:00:00|+0.23|0.36|0.6693|
|.|          5|          7|        236|-9.280504392e+14|          2|00:00:00|+0.21|0.32|0.7355|
|.|          9|          7|        236|-8.120479715e+14|          2|00:00:00|+0.09|0.21|0.8208|
|.|         13|          7|        236|-7.218838359e+14|          2|00:00:00|+0.09|0.19|0.8163|
|x|         18|          7|        261|-6.474009008e+14|          4|00:10:00|+0.03|0.12|0.8672|
|x|         16|          7|        261|-5.950224644e+14|          5|00:05:00|+0.00|0.09|0.8903|
|x|         17|          7|        261|-7.210522590e+14|          6|00:05:00|+0.02|0.10|0.8659|
|.|          4|          7|        261|-6.656312044e+14|          6|00:00:00|+0.03|0.10|0.8620|
|.|         11|          7|        261|-6.180883003e+14|          6|00:00:00|-0.01|0.06|0.8794|
|.|         14|          7|        261|-5.777044870e+14|          6|00:00:00|+0.00|0.07|0.8655|
|.|          1|          7|        261|-5.415999199e+14|          6|00:00:00|-0.02|0.05|0.8737|
|.|          6|          7|        261|-5.104528011e+14|          6|00:00:00|-0.02|0.04|0.8779|
|.|          2|          7|        261|-4.827690232e+14|          6|00:00:00|-0.02|0.03|0.8822|
|.|         15|          7|        261|-4.611181010e+14|          6|00:00:00|-0.02|0.03|0.8761|
|=|         20|          7|        236|-4.407397091e+14|         13|00:35:00|-0.01|0.04|0.8645|
+-+-----------+-----------+-----------+----------------+-----------+--------+-----+----+------+
Best-so-far configuration:         236    mean value: -4.407397091e+14
Description of the best-so-far configuration:
    .ID. population_size_factor omega   c1  c2  chi v_coeff leader_selection_range diversity_mechanism .PARENT.
236  236                     25  0.86 3.34 2.3 0.46     0.2                     28             max min      165

# 2026-08-29 14:13:41 UTC: Elite configurations (first number is the configuration ID; listed from best to worst according to the sum of ranks):
    population_size_factor omega   c1   c2  chi v_coeff leader_selection_range diversity_mechanism
236                     25  0.86 3.34 2.30 0.46    0.20                     28             max min
261                     29  0.66 2.94 2.35 0.51    0.14                      8   crowding distance
266                     50  0.86 3.29 2.02 0.51    0.16                      9             max min
302                     27  0.83 3.47 2.31 0.45    0.20                     23             max min
134                     32  0.63 3.25 1.90 0.41    0.23                      5   crowding distance
# Total CPU user time: 738978.5, CPU sys time: 9948.783, Wall-clock time: 748941.5
# Best configurations (first number is the configuration ID; listed from best to worst according to the sum of ranks):
    population_size_factor omega   c1   c2  chi v_coeff leader_selection_range diversity_mechanism
236                     25  0.86 3.34 2.30 0.46    0.20                     28             max min
261                     29  0.66 2.94 2.35 0.51    0.14                      8   crowding distance
266                     50  0.86 3.29 2.02 0.51    0.16                      9             max min
302                     27  0.83 3.47 2.31 0.45    0.20                     23             max min
134                     32  0.63 3.25 1.90 0.41    0.23                      5   crowding distance
# Best configurations as commandlines (first number is the configuration ID; listed from best to worst according to the sum of ranks):
236 --population-size-factor 25 --omega 0.86 --c1 3.34 --c2 2.3 --chi 0.46 --v-coeff 0.2 --leader-selection-range 28 --diversity-mechanism max min
261 --population-size-factor 29 --omega 0.66 --c1 2.94 --c2 2.35 --chi 0.51 --v-coeff 0.14 --leader-selection-range 8 --diversity-mechanism crowding distance
266 --population-size-factor 50 --omega 0.86 --c1 3.29 --c2 2.02 --chi 0.51 --v-coeff 0.16 --leader-selection-range 9 --diversity-mechanism max min
302 --population-size-factor 27 --omega 0.83 --c1 3.47 --c2 2.31 --chi 0.45 --v-coeff 0.2 --leader-selection-range 23 --diversity-mechanism max min
134 --population-size-factor 32 --omega 0.63 --c1 3.25 --c2 1.9 --chi 0.41 --v-coeff 0.23 --leader-selection-range 5 --diversity-mechanism crowding distance


# Testing of elite configurations: 1 
# Testing iteration configurations: FALSE 
# 2026-08-29 14:13:41 UTC: No test instances, skip testing
